Archive member included to satisfy reference by file (symbol)

C:/ST/STM32CubeIDE_1.14.0/STM32CubeIDE/plugins/com.st.stm32cube.ide.mcu.externaltools.gnu-tools-for-stm32.11.3.rel1.win32_1.1.100.202309141235/tools/bin/../lib/gcc/arm-none-eabi/11.3.1/../../../../arm-none-eabi/lib/thumb/v7e-m/nofp\libc_nano.a(libc_a-exit.o)
                              C:/ST/STM32CubeIDE_1.14.0/STM32CubeIDE/plugins/com.st.stm32cube.ide.mcu.externaltools.gnu-tools-for-stm32.11.3.rel1.win32_1.1.100.202309141235/tools/bin/../lib/gcc/arm-none-eabi/11.3.1/../../../../arm-none-eabi/lib/thumb/v7e-m/nofp/crt0.o (exit)
C:/ST/STM32CubeIDE_1.14.0/STM32CubeIDE/plugins/com.st.stm32cube.ide.mcu.externaltools.gnu-tools-for-stm32.11.3.rel1.win32_1.1.100.202309141235/tools/bin/../lib/gcc/arm-none-eabi/11.3.1/../../../../arm-none-eabi/lib/thumb/v7e-m/nofp\libc_nano.a(libc_a-findfp.o)
                              C:/ST/STM32CubeIDE_1.14.0/STM32CubeIDE/plugins/com.st.stm32cube.ide.mcu.externaltools.gnu-tools-for-stm32.11.3.rel1.win32_1.1.100.202309141235/tools/bin/../lib/gcc/arm-none-eabi/11.3.1/../../../../arm-none-eabi/lib/thumb/v7e-m/nofp\libc_nano.a(libc_a-exit.o) (__stdio_exit_handler)
C:/ST/STM32CubeIDE_1.14.0/STM32CubeIDE/plugins/com.st.stm32cube.ide.mcu.externaltools.gnu-tools-for-stm32.11.3.rel1.win32_1.1.100.202309141235/tools/bin/../lib/gcc/arm-none-eabi/11.3.1/../../../../arm-none-eabi/lib/thumb/v7e-m/nofp\libc_nano.a(libc_a-fwalk.o)
                              C:/ST/STM32CubeIDE_1.14.0/STM32CubeIDE/plugins/com.st.stm32cube.ide.mcu.externaltools.gnu-tools-for-stm32.11.3.rel1.win32_1.1.100.202309141235/tools/bin/../lib/gcc/arm-none-eabi/11.3.1/../../../../arm-none-eabi/lib/thumb/v7e-m/nofp\libc_nano.a(libc_a-findfp.o) (_fwalk_sglue)
C:/ST/STM32CubeIDE_1.14.0/STM32CubeIDE/plugins/com.st.stm32cube.ide.mcu.externaltools.gnu-tools-for-stm32.11.3.rel1.win32_1.1.100.202309141235/tools/bin/../lib/gcc/arm-none-eabi/11.3.1/../../../../arm-none-eabi/lib/thumb/v7e-m/nofp\libc_nano.a(libc_a-stdio.o)
                              C:/ST/STM32CubeIDE_1.14.0/STM32CubeIDE/plugins/com.st.stm32cube.ide.mcu.externaltools.gnu-tools-for-stm32.11.3.rel1.win32_1.1.100.202309141235/tools/bin/../lib/gcc/arm-none-eabi/11.3.1/../../../../arm-none-eabi/lib/thumb/v7e-m/nofp\libc_nano.a(libc_a-findfp.o) (__sread)
C:/ST/STM32CubeIDE_1.14.0/STM32CubeIDE/plugins/com.st.stm32cube.ide.mcu.externaltools.gnu-tools-for-stm32.11.3.rel1.win32_1.1.100.202309141235/tools/bin/../lib/gcc/arm-none-eabi/11.3.1/../../../../arm-none-eabi/lib/thumb/v7e-m/nofp\libc_nano.a(libc_a-memset.o)
                              C:/ST/STM32CubeIDE_1.14.0/STM32CubeIDE/plugins/com.st.stm32cube.ide.mcu.externaltools.gnu-tools-for-stm32.11.3.rel1.win32_1.1.100.202309141235/tools/bin/../lib/gcc/arm-none-eabi/11.3.1/../../../../arm-none-eabi/lib/thumb/v7e-m/nofp/crt0.o (memset)
C:/ST/STM32CubeIDE_1.14.0/STM32CubeIDE/plugins/com.st.stm32cube.ide.mcu.externaltools.gnu-tools-for-stm32.11.3.rel1.win32_1.1.100.202309141235/tools/bin/../lib/gcc/arm-none-eabi/11.3.1/../../../../arm-none-eabi/lib/thumb/v7e-m/nofp\libc_nano.a(libc_a-strncmp.o)
                              ./Application/User/SubGHz_Phy/App/subghz_phy_app.o (strncmp)
C:/ST/STM32CubeIDE_1.14.0/STM32CubeIDE/plugins/com.st.stm32cube.ide.mcu.externaltools.gnu-tools-for-stm32.11.3.rel1.win32_1.1.100.202309141235/tools/bin/../lib/gcc/arm-none-eabi/11.3.1/../../../../arm-none-eabi/lib/thumb/v7e-m/nofp\libc_nano.a(libc_a-closer.o)
                              C:/ST/STM32CubeIDE_1.14.0/STM32CubeIDE/plugins/com.st.stm32cube.ide.mcu.externaltools.gnu-tools-for-stm32.11.3.rel1.win32_1.1.100.202309141235/tools/bin/../lib/gcc/arm-none-eabi/11.3.1/../../../../arm-none-eabi/lib/thumb/v7e-m/nofp\libc_nano.a(libc_a-stdio.o) (_close_r)
C:/ST/STM32CubeIDE_1.14.0/STM32CubeIDE/plugins/com.st.stm32cube.ide.mcu.externaltools.gnu-tools-for-stm32.11.3.rel1.win32_1.1.100.202309141235/tools/bin/../lib/gcc/arm-none-eabi/11.3.1/../../../../arm-none-eabi/lib/thumb/v7e-m/nofp\libc_nano.a(libc_a-reent.o)
                              C:/ST/STM32CubeIDE_1.14.0/STM32CubeIDE/plugins/com.st.stm32cube.ide.mcu.externaltools.gnu-tools-for-stm32.11.3.rel1.win32_1.1.100.202309141235/tools/bin/../lib/gcc/arm-none-eabi/11.3.1/../../../../arm-none-eabi/lib/thumb/v7e-m/nofp\libc_nano.a(libc_a-closer.o) (errno)
C:/ST/STM32CubeIDE_1.14.0/STM32CubeIDE/plugins/com.st.stm32cube.ide.mcu.externaltools.gnu-tools-for-stm32.11.3.rel1.win32_1.1.100.202309141235/tools/bin/../lib/gcc/arm-none-eabi/11.3.1/../../../../arm-none-eabi/lib/thumb/v7e-m/nofp\libc_nano.a(libc_a-impure.o)
                              C:/ST/STM32CubeIDE_1.14.0/STM32CubeIDE/plugins/com.st.stm32cube.ide.mcu.externaltools.gnu-tools-for-stm32.11.3.rel1.win32_1.1.100.202309141235/tools/bin/../lib/gcc/arm-none-eabi/11.3.1/../../../../arm-none-eabi/lib/thumb/v7e-m/nofp\libc_nano.a(libc_a-reent.o) (_impure_ptr)
[...]
Memory Configuration

Name             Origin             Length             Attributes
RAM1             0x0000000020000000 0x0000000000008000 xrw
RAM2             0x0000000020008000 0x0000000000008000 xrw
FLASH            0x0000000008000000 0x0000000000040000 xr
*default*        0x0000000000000000 0xffffffffffffffff

Linker script and memory map

LOAD C:/ST/STM32CubeIDE_1.14.0/STM32CubeIDE/plugins/com.st.stm32cube.ide.mcu.externaltools.gnu-tools-for-stm32.11.3.rel1.win32_1.1.100.202309141235/tools/bin/../lib/gcc/arm-none-eabi/11.3.1/thumb/v7e-m/nofp/crti.o
LOAD C:/ST/STM32CubeIDE_1.14.0/STM32CubeIDE/plugins/com.st.stm32cube.ide.mcu.externaltools.gnu-tools-for-stm32.11.3.rel1.win32_1.1.100.202309141235/tools/bin/../lib/gcc/arm-none-eabi/11.3.1/thumb/v7e-m/nofp/crtbegin.o
LOAD C:/ST/STM32CubeIDE_1.14.0/STM32CubeIDE/plugins/com.st.stm32cube.ide.mcu.externaltools.gnu-tools-for-stm32.11.3.rel1.win32_1.1.100.202309141235/tools/bin/../lib/gcc/arm-none-eabi/11.3.1/../../../../arm-none-eabi/lib/thumb/v7e-m/nofp/crt0.o
LOAD ./Application/User/Core/dma.o
LOAD ./Application/User/Core/gpio.o
LOAD ./Application/User/Core/main.o
LOAD ./Application/User/Core/rtc.o
LOAD ./Application/User/Core/stm32_lpm_if.o
LOAD ./Application/User/Core/stm32wlxx_hal_msp.o
LOAD ./Application/User/Core/stm32wlxx_it.o
LOAD ./Application/User/Core/subghz.o
LOAD ./Application/User/Core/sys_app.o
LOAD ./Application/User/Core/sys_debug.o
LOAD ./Application/User/Core/syscalls.o
LOAD ./Application/User/Core/sysmem.o
LOAD ./Application/User/Core/timer_if.o
LOAD ./Application/User/Core/usart.o
LOAD ./Application/User/Core/usart_if.o
LOAD ./Application/User/Startup/startup_stm32wl55jcix.o
LOAD ./Application/User/SubGHz_Phy/App/app_subghz_phy.o
LOAD ./Application/User/SubGHz_Phy/App/subghz_phy_app.o
LOAD ./Application/User/SubGHz_Phy/Target/radio_board_if.o
LOAD ./Drivers/BSP/STM32WLxx_Nucleo/stm32wlxx_nucleo.o
LOAD ./Drivers/BSP/STM32WLxx_Nucleo/stm32wlxx_nucleo_radio.o
LOAD ./Drivers/CMSIS/system_stm32wlxx.o
LOAD ./Drivers/STM32WLxx_HAL_Driver/stm32wlxx_hal.o
LOAD ./Drivers/STM32WLxx_HAL_Driver/stm32wlxx_hal_cortex.o
LOAD ./Drivers/STM32WLxx_HAL_Driver/stm32wlxx_hal_dma.o
LOAD ./Drivers/STM32WLxx_HAL_Driver/stm32wlxx_hal_dma_ex.o
LOAD ./Drivers/STM32WLxx_HAL_Driver/stm32wlxx_hal_exti.o
LOAD ./Drivers/STM32WLxx_HAL_Driver/stm32wlxx_hal_flash.o
LOAD ./Drivers/STM32WLxx_HAL_Driver/stm32wlxx_hal_flash_ex.o
LOAD ./Drivers/STM32WLxx_HAL_Driver/stm32wlxx_hal_gpio.o
LOAD ./Drivers/STM32WLxx_HAL_Driver/stm32wlxx_hal_pwr.o
LOAD ./Drivers/STM32WLxx_HAL_Driver/stm32wlxx_hal_pwr_ex.o
LOAD ./Drivers/STM32WLxx_HAL_Driver/stm32wlxx_hal_rcc.o
LOAD ./Drivers/STM32WLxx_HAL_Driver/stm32wlxx_hal_rcc_ex.o
LOAD ./Drivers/STM32WLxx_HAL_Driver/stm32wlxx_hal_rtc.o
LOAD ./Drivers/STM32WLxx_HAL_Driver/stm32wlxx_hal_rtc_ex.o
LOAD ./Drivers/STM32WLxx_HAL_Driver/stm32wlxx_hal_subghz.o
LOAD ./Drivers/STM32WLxx_HAL_Driver/stm32wlxx_hal_tim.o
LOAD ./Drivers/STM32WLxx_HAL_Driver/stm32wlxx_hal_tim_ex.o
LOAD ./Drivers/STM32WLxx_HAL_Driver/stm32wlxx_hal_uart.o
LOAD ./Drivers/STM32WLxx_HAL_Driver/stm32wlxx_hal_uart_ex.o
LOAD ./Middlewares/SubGHz_Phy/lr_fhss_mac.o
LOAD ./Middlewares/SubGHz_Phy/radio.o
LOAD ./Middlewares/SubGHz_Phy/radio_driver.o
LOAD ./Middlewares/SubGHz_Phy/radio_fw.o
LOAD ./Middlewares/SubGHz_Phy/wl_lr_fhss.o
LOAD ./Utilities/stm32_adv_trace.o
LOAD ./Utilities/stm32_lpm.o
LOAD ./Utilities/stm32_mem.o
LOAD ./Utilities/stm32_seq.o
LOAD ./Utilities/stm32_systime.o
LOAD ./Utilities/stm32_timer.o
LOAD ./Utilities/stm32_tiny_sscanf.o
LOAD ./Utilities/stm32_tiny_vsnprintf.o
START GROUP
LOAD C:/ST/STM32CubeIDE_1.14.0/STM32CubeIDE/plugins/com.st.stm32cube.ide.mcu.externaltools.gnu-tools-for-stm32.11.3.rel1.win32_1.1.100.202309141235/tools/bin/../lib/gcc/arm-none-eabi/11.3.1/../../../../arm-none-eabi/lib/thumb/v7e-m/nofp\libc_nano.a
LOAD C:/ST/STM32CubeIDE_1.14.0/STM32CubeIDE/plugins/com.st.stm32cube.ide.mcu.externaltools.gnu-tools-for-stm32.11.3.rel1.win32_1.1.100.202309141235/tools/bin/../lib/gcc/arm-none-eabi/11.3.1/../../../../arm-none-eabi/lib/thumb/v7e-m/nofp\libm.a
END GROUP
START GROUP
LOAD C:/ST/STM32CubeIDE_1.14.0/STM32CubeIDE/plugins/com.st.stm32cube.ide.mcu.externaltools.gnu-tools-for-stm32.11.3.rel1.win32_1.1.100.202309141235/tools/bin/../lib/gcc/arm-none-eabi/11.3.1/thumb/v7e-m/nofp\libgcc.a
LOAD C:/ST/STM32CubeIDE_1.14.0/STM32CubeIDE/plugins/com.st.stm32cube.ide.mcu.externaltools.gnu-tools-for-stm32.11.3.rel1.win32_1.1.100.202309141235/tools/bin/../lib/gcc/arm-none-eabi/11.3.1/../../../../arm-none-eabi/lib/thumb/v7e-m/nofp\libc_nano.a
END GROUP
START GROUP
LOAD C:/ST/STM32CubeIDE_1.14.0/STM32CubeIDE/plugins/com.st.stm32cube.ide.mcu.externaltools.gnu-tools-for-stm32.11.3.rel1.win32_1.1.100.202309141235/tools/bin/../lib/gcc/arm-none-eabi/11.3.1/thumb/v7e-m/nofp\libgcc.a
LOAD C:/ST/STM32CubeIDE_1.14.0/STM32CubeIDE/plugins/com.st.stm32cube.ide.mcu.externaltools.gnu-tools-for-stm32.11.3.rel1.win32_1.1.100.202309141235/tools/bin/../lib/gcc/arm-none-eabi/11.3.1/../../../../arm-none-eabi/lib/thumb/v7e-m/nofp\libc_nano.a
LOAD C:/ST/STM32CubeIDE_1.14.0/STM32CubeIDE/plugins/com.st.stm32cube.ide.mcu.externaltools.gnu-tools-for-stm32.11.3.rel1.win32_1.1.100.202309141235/tools/bin/../lib/gcc/arm-none-eabi/11.3.1/../../../../arm-none-eabi/lib/thumb/v7e-m/nofp\libnosys.a
END GROUP
START GROUP
LOAD C:/ST/STM32CubeIDE_1.14.0/STM32CubeIDE/plugins/com.st.stm32cube.ide.mcu.externaltools.gnu-tools-for-stm32.11.3.rel1.win32_1.1.100.202309141235/tools/bin/../lib/gcc/arm-none-eabi/11.3.1/thumb/v7e-m/nofp\libgcc.a
LOAD C:/ST/STM32CubeIDE_1.14.0/STM32CubeIDE/plugins/com.st.stm32cube.ide.mcu.externaltools.gnu-tools-for-stm32.11.3.rel1.win32_1.1.100.202309141235/tools/bin/../lib/gcc/arm-none-eabi/11.3.1/../../../../arm-none-eabi/lib/thumb/v7e-m/nofp\libc_nano.a
LOAD C:/ST/STM32CubeIDE_1.14.0/STM32CubeIDE/plugins/com.st.stm32cube.ide.mcu.externaltools.gnu-tools-for-stm32.11.3.rel1.win32_1.1.100.202309141235/tools/bin/../lib/gcc/arm-none-eabi/11.3.1/../../../../arm-none-eabi/lib/thumb/v7e-m/nofp\libnosys.a
END GROUP
LOAD C:/ST/STM32CubeIDE_1.14.0/STM32CubeIDE/plugins/com.st.stm32cube.ide.mcu.externaltools.gnu-tools-for-stm32.11.3.rel1.win32_1.1.100.202309141235/tools/bin/../lib/gcc/arm-none-eabi/11.3.1/thumb/v7e-m/nofp/crtend.o
LOAD C:/ST/STM32CubeIDE_1.14.0/STM32CubeIDE/plugins/com.st.stm32cube.ide.mcu.externaltools.gnu-tools-for-stm32.11.3.rel1.win32_1.1.100.202309141235/tools/bin/../lib/gcc/arm-none-eabi/11.3.1/thumb/v7e-m/nofp/crtn.o
                0x0000000020008000                _estack = (ORIGIN (RAM1) + LENGTH (RAM1))
                0x0000000000000200                _Min_Heap_Size = 0x200
                0x0000000000000800                _Min_Stack_Size = 0x800

.isr_vector     0x0000000008000000      0x138
                0x0000000008000000                . = ALIGN (0x8)
 *(.isr_vector)
 .isr_vector    0x0000000008000000      0x138 ./Application/User/Startup/startup_stm32wl55jcix.o
                0x0000000008000000                g_pfnVectors
                0x0000000008000138                . = ALIGN (0x8)

.text           0x0000000008000138     0x7c68
                0x0000000008000138                . = ALIGN (0x8)
 *(.text)
 .text          0x0000000008000138       0x40 C:/ST/STM32CubeIDE_1.14.0/STM32CubeIDE/plugins/com.st.stm32cube.ide.mcu.externaltools.gnu-tools-for-stm32.11.3.rel1.win32_1.1.100.202309141235/tools/bin/../lib/gcc/arm-none-eabi/11.3.1/thumb/v7e-m/nofp/crtbegin.o
 .text          0x0000000008000178       0x10 C:/ST/STM32CubeIDE_1.14.0/STM32CubeIDE/plugins/com.st.stm32cube.ide.mcu.externaltools.gnu-tools-for-stm32.11.3.rel1.win32_1.1.100.202309141235/tools/bin/../lib/gcc/arm-none-eabi/11.3.1/../../../../arm-none-eabi/lib/thumb/v7e-m/nofp\libc_nano.a(libc_a-strlen.o)
                0x0000000008000178                strlen
 .text          0x0000000008000188       0x30 C:/ST/STM32CubeIDE_1.14.0/STM32CubeIDE/plugins/com.st.stm32cube.ide.mcu.externaltools.gnu-tools-for-stm32.11.3.rel1.win32_1.1.100.202309141235/tools/bin/../lib/gcc/arm-none-eabi/11.3.1/thumb/v7e-m/nofp\libgcc.a(_aeabi_uldivmod.o)
                0x0000000008000188                __aeabi_uldivmod
 .text          0x00000000080001b8      0x2c8 C:/ST/STM32CubeIDE_1.14.0/STM32CubeIDE/plugins/com.st.stm32cube.ide.mcu.externaltools.gnu-tools-for-stm32.11.3.rel1.win32_1.1.100.202309141235/tools/bin/../lib/gcc/arm-none-eabi/11.3.1/thumb/v7e-m/nofp\libgcc.a(_udivmoddi4.o)
                0x00000000080001b8                __udivmoddi4
 .text          0x0000000008000480        0x4 C:/ST/STM32CubeIDE_1.14.0/STM32CubeIDE/plugins/com.st.stm32cube.ide.mcu.externaltools.gnu-tools-for-stm32.11.3.rel1.win32_1.1.100.202309141235/tools/bin/../lib/gcc/arm-none-eabi/11.3.1/thumb/v7e-m/nofp\libgcc.a(_dvmd_tls.o)
                0x0000000008000480                __aeabi_idiv0
                0x0000000008000480                __aeabi_ldiv0
 *(.text*)
 .text.MX_DMA_Init
                0x0000000008000484       0x52 ./Application/User/Core/dma.o
                0x0000000008000484                MX_DMA_Init
 *fill*         0x00000000080004d6        0x2 
 .text.MX_GPIO_Init
                0x00000000080004d8       0xc0 ./Application/User/Core/gpio.o
                0x00000000080004d8                MX_GPIO_Init
 .text.Error_Handler
                0x0000000008000598        0x4 ./Application/User/Core/main.o
                0x0000000008000598                Error_Handler
 .text.SystemClock_Config
                0x000000000800059c       0x8e ./Application/User/Core/main.o
                0x000000000800059c                SystemClock_Config
 .text.main     0x000000000800062a       0x18 ./Application/User/Core/main.o
                0x000000000800062a                main
 *fill*         0x0000000008000642        0x2 
 .text.MX_RTC_Init
                0x0000000008000644       0x7c ./Application/User/Core/rtc.o
                0x0000000008000644                MX_RTC_Init
 .text.HAL_RTC_MspInit
                0x00000000080006c0       0x80 ./Application/User/Core/rtc.o
                0x00000000080006c0                HAL_RTC_MspInit
 .text.PWR_EnterOffMode
                0x0000000008000740        0x2 ./Application/User/Core/stm32_lpm_if.o
                0x0000000008000740                PWR_EnterOffMode
 .text.PWR_ExitOffMode
                0x0000000008000742        0x2 ./Application/User/Core/stm32_lpm_if.o
                0x0000000008000742                PWR_ExitOffMode
 .text.PWR_EnterStopMode
                0x0000000008000744       0x18 ./Application/User/Core/stm32_lpm_if.o
                0x0000000008000744                PWR_EnterStopMode
 .text.PWR_ExitSleepMode
                0x000000000800075c        0x8 ./Application/User/Core/stm32_lpm_if.o
                0x000000000800075c                PWR_ExitSleepMode
 .text.PWR_ExitStopMode
                0x0000000008000764        0xc ./Application/User/Core/stm32_lpm_if.o
                0x0000000008000764                PWR_ExitStopMode
 .text.PWR_EnterSleepMode
                0x0000000008000770       0x10 ./Application/User/Core/stm32_lpm_if.o
                0x0000000008000770                PWR_EnterSleepMode
 .text.HAL_MspInit
                0x0000000008000780        0x2 ./Application/User/Core/stm32wlxx_hal_msp.o
                0x0000000008000780                HAL_MspInit
 .text.NMI_Handler
                0x0000000008000782        0x2 ./Application/User/Core/stm32wlxx_it.o
                0x0000000008000782                NMI_Handler
 .text.HardFault_Handler
                0x0000000008000784        0x2 ./Application/User/Core/stm32wlxx_it.o
                0x0000000008000784                HardFault_Handler
 .text.MemManage_Handler
                0x0000000008000786        0x2 ./Application/User/Core/stm32wlxx_it.o
                0x0000000008000786                MemManage_Handler
 .text.BusFault_Handler
                0x0000000008000788        0x2 ./Application/User/Core/stm32wlxx_it.o
                0x0000000008000788                BusFault_Handler
 .text.UsageFault_Handler
                0x000000000800078a        0x2 ./Application/User/Core/stm32wlxx_it.o
                0x000000000800078a                UsageFault_Handler
 .text.SVC_Handler
                0x000000000800078c        0x2 ./Application/User/Core/stm32wlxx_it.o
                0x000000000800078c                SVC_Handler
 .text.DebugMon_Handler
                0x000000000800078e        0x2 ./Application/User/Core/stm32wlxx_it.o
                0x000000000800078e                DebugMon_Handler
 .text.PendSV_Handler
                0x0000000008000790        0x2 ./Application/User/Core/stm32wlxx_it.o
                0x0000000008000790                PendSV_Handler
 .text.SysTick_Handler
                0x0000000008000792        0x2 ./Application/User/Core/stm32wlxx_it.o
                0x0000000008000792                SysTick_Handler
 .text.TAMP_STAMP_LSECSS_SSRU_IRQHandler
                0x0000000008000794       0x10 ./Application/User/Core/stm32wlxx_it.o
                0x0000000008000794                TAMP_STAMP_LSECSS_SSRU_IRQHandler
 .text.DMA1_Channel1_IRQHandler
                0x00000000080007a4       0x10 ./Application/User/Core/stm32wlxx_it.o
                0x00000000080007a4                DMA1_Channel1_IRQHandler
 .text.DMA1_Channel5_IRQHandler
                0x00000000080007b4       0x10 ./Application/User/Core/stm32wlxx_it.o
                0x00000000080007b4                DMA1_Channel5_IRQHandler
 .text.USART2_IRQHandler
                0x00000000080007c4       0x10 ./Application/User/Core/stm32wlxx_it.o
                0x00000000080007c4                USART2_IRQHandler
 .text.RTC_Alarm_IRQHandler
                0x00000000080007d4       0x10 ./Application/User/Core/stm32wlxx_it.o
                0x00000000080007d4                RTC_Alarm_IRQHandler
 .text.SUBGHZ_Radio_IRQHandler
                0x00000000080007e4       0x10 ./Application/User/Core/stm32wlxx_it.o
                0x00000000080007e4                SUBGHZ_Radio_IRQHandler
 .text.MX_SUBGHZ_Init
                0x00000000080007f4       0x1c ./Application/User/Core/subghz.o
                0x00000000080007f4                MX_SUBGHZ_Init
 .text.HAL_SUBGHZ_MspInit
                0x0000000008000810       0x30 ./Application/User/Core/subghz.o
                0x0000000008000810                HAL_SUBGHZ_MspInit
 .text.tiny_snprintf_like
                0x0000000008000840       0x1c ./Application/User/Core/sys_app.o
 .text.TimestampNow
                0x000000000800085c       0x30 ./Application/User/Core/sys_app.o
 .text.SystemApp_Init
                0x000000000800088c       0x44 ./Application/User/Core/sys_app.o
                0x000000000800088c                SystemApp_Init
 .text.UTIL_SEQ_Idle
                0x00000000080008d0        0x8 ./Application/User/Core/sys_app.o
                0x00000000080008d0                UTIL_SEQ_Idle
 .text.UTIL_ADV_TRACE_PreSendHook
                0x00000000080008d8        0xc ./Application/User/Core/sys_app.o
                0x00000000080008d8                UTIL_ADV_TRACE_PreSendHook
 .text.UTIL_ADV_TRACE_PostSendHook
                0x00000000080008e4        0xc ./Application/User/Core/sys_app.o
                0x00000000080008e4                UTIL_ADV_TRACE_PostSendHook
 .text.HAL_InitTick
                0x00000000080008f0        0x4 ./Application/User/Core/sys_app.o
                0x00000000080008f0                HAL_InitTick
 .text.HAL_GetTick
                0x00000000080008f4       0x18 ./Application/User/Core/sys_app.o
                0x00000000080008f4                HAL_GetTick
 .text.HAL_Delay
                0x000000000800090c       0x12 ./Application/User/Core/sys_app.o
                0x000000000800090c                HAL_Delay
 *fill*         0x000000000800091e        0x2 
 .text.DBG_Init
                0x0000000008000920       0x88 ./Application/User/Core/sys_debug.o
                0x0000000008000920                DBG_Init
 .text.TIMER_IF_SetTimerContext
                0x00000000080009a8       0x24 ./Application/User/Core/timer_if.o
                0x00000000080009a8                TIMER_IF_SetTimerContext
 .text.TIMER_IF_GetTimerContext
                0x00000000080009cc        0xc ./Application/User/Core/timer_if.o
                0x00000000080009cc                TIMER_IF_GetTimerContext
 .text.TIMER_IF_GetTimerElapsedTime
                0x00000000080009d8       0x24 ./Application/User/Core/timer_if.o
                0x00000000080009d8                TIMER_IF_GetTimerElapsedTime
 .text.TIMER_IF_GetTimerValue
                0x00000000080009fc       0x28 ./Application/User/Core/timer_if.o
                0x00000000080009fc                TIMER_IF_GetTimerValue
 .text.TIMER_IF_GetMinimumTimeout
                0x0000000008000a24        0x4 ./Application/User/Core/timer_if.o
                0x0000000008000a24                TIMER_IF_GetMinimumTimeout
 .text.TIMER_IF_Convert_ms2Tick
                0x0000000008000a28       0x14 ./Application/User/Core/timer_if.o
                0x0000000008000a28                TIMER_IF_Convert_ms2Tick
 .text.TIMER_IF_Convert_Tick2ms
                0x0000000008000a3c       0x28 ./Application/User/Core/timer_if.o
                0x0000000008000a3c                TIMER_IF_Convert_Tick2ms
 .text.TIMER_IF_StopTimer
                0x0000000008000a64       0x28 ./Application/User/Core/timer_if.o
                0x0000000008000a64                TIMER_IF_StopTimer
 .text.TIMER_IF_BkUp_Write_MSBticks
                0x0000000008000a8c       0x14 ./Application/User/Core/timer_if.o
 .text.TIMER_IF_Init
                0x0000000008000aa0       0x48 ./Application/User/Core/timer_if.o
                0x0000000008000aa0                TIMER_IF_Init
 .text.TIMER_IF_BkUp_Write_Seconds
                0x0000000008000ae8       0x14 ./Application/User/Core/timer_if.o
                0x0000000008000ae8                TIMER_IF_BkUp_Write_Seconds
 .text.TIMER_IF_BkUp_Write_SubSeconds
                0x0000000008000afc       0x14 ./Application/User/Core/timer_if.o
                0x0000000008000afc                TIMER_IF_BkUp_Write_SubSeconds
 .text.TIMER_IF_StartTimer
                0x0000000008000b10       0x50 ./Application/User/Core/timer_if.o
                0x0000000008000b10                TIMER_IF_StartTimer
 .text.TIMER_IF_BkUp_Read_MSBticks
                0x0000000008000b60       0x10 ./Application/User/Core/timer_if.o
 .text.TIMER_IF_GetTime
                0x0000000008000b70       0x38 ./Application/User/Core/timer_if.o
                0x0000000008000b70                TIMER_IF_GetTime
 .text.TIMER_IF_BkUp_Read_Seconds
                0x0000000008000ba8       0x10 ./Application/User/Core/timer_if.o
                0x0000000008000ba8                TIMER_IF_BkUp_Read_Seconds
 .text.TIMER_IF_BkUp_Read_SubSeconds
                0x0000000008000bb8       0x10 ./Application/User/Core/timer_if.o
                0x0000000008000bb8                TIMER_IF_BkUp_Read_SubSeconds
 .text.TIMER_IF_DelayMs
                0x0000000008000bc8       0x40 ./Application/User/Core/timer_if.o
                0x0000000008000bc8                TIMER_IF_DelayMs
 .text.HAL_RTC_AlarmAEventCallback
                0x0000000008000c08        0x8 ./Application/User/Core/timer_if.o
                0x0000000008000c08                HAL_RTC_AlarmAEventCallback
 .text.HAL_RTCEx_SSRUEventCallback
                0x0000000008000c10        0xe ./Application/User/Core/timer_if.o
                0x0000000008000c10                HAL_RTCEx_SSRUEventCallback
 *fill*         0x0000000008000c1e        0x2 
 .text.MX_USART2_UART_Init
                0x0000000008000c20       0x68 ./Application/User/Core/usart.o
                0x0000000008000c20                MX_USART2_UART_Init
 .text.HAL_UART_MspInit
                0x0000000008000c88      0x12c ./Application/User/Core/usart.o
                0x0000000008000c88                HAL_UART_MspInit
 .text.HAL_UART_MspDeInit
                0x0000000008000db4       0x40 ./Application/User/Core/usart.o
                0x0000000008000db4                HAL_UART_MspDeInit
 .text.vcom_Init
                0x0000000008000df4       0x28 ./Application/User/Core/usart_if.o
                0x0000000008000df4                vcom_Init
 .text.vcom_DeInit
                0x0000000008000e1c       0x2c ./Application/User/Core/usart_if.o
                0x0000000008000e1c                vcom_DeInit
 .text.vcom_Trace_DMA
                0x0000000008000e48       0x14 ./Application/User/Core/usart_if.o
                0x0000000008000e48                vcom_Trace_DMA
 .text.vcom_ReceiveInit
                0x0000000008000e5c       0x5c ./Application/User/Core/usart_if.o
                0x0000000008000e5c                vcom_ReceiveInit
 .text.vcom_Resume
                0x0000000008000eb8       0x28 ./Application/User/Core/usart_if.o
                0x0000000008000eb8                vcom_Resume
 .text.HAL_UART_TxCpltCallback
                0x0000000008000ee0       0x20 ./Application/User/Core/usart_if.o
                0x0000000008000ee0                HAL_UART_TxCpltCallback
 .text.HAL_UART_RxCpltCallback
                0x0000000008000f00       0x38 ./Application/User/Core/usart_if.o
                0x0000000008000f00                HAL_UART_RxCpltCallback
 .text.Reset_Handler
                0x0000000008000f38       0x50 ./Application/User/Startup/startup_stm32wl55jcix.o
                0x0000000008000f38                Reset_Handler
 .text.Default_Handler
                0x0000000008000f88        0x2 ./Application/User/Startup/startup_stm32wl55jcix.o
                0x0000000008000f88                EXTI2_IRQHandler
                0x0000000008000f88                TIM1_CC_IRQHandler
                0x0000000008000f88                EXTI3_IRQHandler
                0x0000000008000f88                LPTIM2_IRQHandler
                0x0000000008000f88                I2C3_ER_IRQHandler
                0x0000000008000f88                LPTIM3_IRQHandler
                0x0000000008000f88                EXTI0_IRQHandler
                0x0000000008000f88                I2C2_EV_IRQHandler
                0x0000000008000f88                SPI1_IRQHandler
                0x0000000008000f88                DMA2_Channel2_IRQHandler
                0x0000000008000f88                DMA1_Channel4_IRQHandler
                0x0000000008000f88                PKA_IRQHandler
                0x0000000008000f88                TIM17_IRQHandler
                0x0000000008000f88                DMA1_Channel7_IRQHandler
                0x0000000008000f88                SUBGHZSPI_IRQHandler
                0x0000000008000f88                IPCC_C1_TX_IRQHandler
                0x0000000008000f88                DMA2_Channel1_IRQHandler
                0x0000000008000f88                I2C1_EV_IRQHandler
                0x0000000008000f88                DMAMUX1_OVR_IRQHandler
                0x0000000008000f88                DMA1_Channel6_IRQHandler
                0x0000000008000f88                TIM16_IRQHandler
                0x0000000008000f88                DMA2_Channel4_IRQHandler
                0x0000000008000f88                RCC_IRQHandler
                0x0000000008000f88                TIM1_TRG_COM_IRQHandler
                0x0000000008000f88                Default_Handler
                0x0000000008000f88                DMA2_Channel7_IRQHandler
                0x0000000008000f88                EXTI15_10_IRQHandler
                0x0000000008000f88                IPCC_C1_RX_IRQHandler
                0x0000000008000f88                ADC_IRQHandler
                0x0000000008000f88                C2SEV_PWR_C2H_IRQHandler
                0x0000000008000f88                I2C3_EV_IRQHandler
                0x0000000008000f88                EXTI9_5_IRQHandler
                0x0000000008000f88                RTC_WKUP_IRQHandler
                0x0000000008000f88                PVD_PVM_IRQHandler
                0x0000000008000f88                SPI2_IRQHandler
                0x0000000008000f88                DMA2_Channel5_IRQHandler
                0x0000000008000f88                EXTI4_IRQHandler
                0x0000000008000f88                RNG_IRQHandler
                0x0000000008000f88                DMA1_Channel3_IRQHandler
                0x0000000008000f88                COMP_IRQHandler
                0x0000000008000f88                HSEM_IRQHandler
                0x0000000008000f88                TIM1_UP_IRQHandler
                0x0000000008000f88                WWDG_IRQHandler
                0x0000000008000f88                LPUART1_IRQHandler
                0x0000000008000f88                DMA2_Channel6_IRQHandler
                0x0000000008000f88                TIM2_IRQHandler
                0x0000000008000f88                TIM1_BRK_IRQHandler
                0x0000000008000f88                DAC_IRQHandler
                0x0000000008000f88                EXTI1_IRQHandler
                0x0000000008000f88                AES_IRQHandler
                0x0000000008000f88                I2C2_ER_IRQHandler
                0x0000000008000f88                DMA1_Channel2_IRQHandler
                0x0000000008000f88                FLASH_IRQHandler
                0x0000000008000f88                USART1_IRQHandler
                0x0000000008000f88                I2C1_ER_IRQHandler
                0x0000000008000f88                LPTIM1_IRQHandler
                0x0000000008000f88                DMA2_Channel3_IRQHandler
 .text.MX_SubGHz_Phy_Init
                0x0000000008000f8a        0xc ./Application/User/SubGHz_Phy/App/app_subghz_phy.o
                0x0000000008000f8a                MX_SubGHz_Phy_Init
 .text.MX_SubGHz_Phy_Process
                0x0000000008000f96        0xc ./Application/User/SubGHz_Phy/App/app_subghz_phy.o
                0x0000000008000f96                MX_SubGHz_Phy_Process
 *fill*         0x0000000008000fa2        0x2 
 .text.OnledEvent
                0x0000000008000fa4       0x28 ./Application/User/SubGHz_Phy/App/subghz_phy_app.o
 .text.PingPong_Process
                0x0000000008000fcc      0x220 ./Application/User/SubGHz_Phy/App/subghz_phy_app.o
 .text.OnRxError
                0x00000000080011ec       0x28 ./Application/User/SubGHz_Phy/App/subghz_phy_app.o
 .text.OnRxTimeout
                0x0000000008001214       0x24 ./Application/User/SubGHz_Phy/App/subghz_phy_app.o
 .text.OnTxTimeout
                0x0000000008001238       0x28 ./Application/User/SubGHz_Phy/App/subghz_phy_app.o
 .text.OnRxDone
                0x0000000008001260       0xdc ./Application/User/SubGHz_Phy/App/subghz_phy_app.o
 .text.OnTxDone
                0x000000000800133c       0x28 ./Application/User/SubGHz_Phy/App/subghz_phy_app.o
 .text.SubghzApp_Init
                0x0000000008001364      0x1ac ./Application/User/SubGHz_Phy/App/subghz_phy_app.o
                0x0000000008001364                SubghzApp_Init
 .text.RBI_Init
                0x0000000008001510        0x8 ./Application/User/SubGHz_Phy/Target/radio_board_if.o
                0x0000000008001510                RBI_Init
 .text.RBI_ConfigRFSwitch
                0x0000000008001518        0x8 ./Application/User/SubGHz_Phy/Target/radio_board_if.o
                0x0000000008001518                RBI_ConfigRFSwitch
 .text.RBI_GetTxConfig
                0x0000000008001520        0x8 ./Application/User/SubGHz_Phy/Target/radio_board_if.o
                0x0000000008001520                RBI_GetTxConfig
 .text.RBI_IsTCXO
                0x0000000008001528        0x8 ./Application/User/SubGHz_Phy/Target/radio_board_if.o
                0x0000000008001528                RBI_IsTCXO
 .text.RBI_IsDCDC
                0x0000000008001530        0x8 ./Application/User/SubGHz_Phy/Target/radio_board_if.o
                0x0000000008001530                RBI_IsDCDC
 .text.RBI_GetRFOMaxPowerConfig
                0x0000000008001538        0x8 ./Application/User/SubGHz_Phy/Target/radio_board_if.o
                0x0000000008001538                RBI_GetRFOMaxPowerConfig
 .text.BSP_RADIO_Init
                0x0000000008001540       0x84 ./Drivers/BSP/STM32WLxx_Nucleo/stm32wlxx_nucleo_radio.o
                0x0000000008001540                BSP_RADIO_Init
 .text.BSP_RADIO_ConfigRFSwitch
                0x00000000080015c4       0x9c ./Drivers/BSP/STM32WLxx_Nucleo/stm32wlxx_nucleo_radio.o
                0x00000000080015c4                BSP_RADIO_ConfigRFSwitch
 .text.BSP_RADIO_GetTxConfig
                0x0000000008001660        0x4 ./Drivers/BSP/STM32WLxx_Nucleo/stm32wlxx_nucleo_radio.o
                0x0000000008001660                BSP_RADIO_GetTxConfig
 .text.BSP_RADIO_IsTCXO
                0x0000000008001664        0x4 ./Drivers/BSP/STM32WLxx_Nucleo/stm32wlxx_nucleo_radio.o
                0x0000000008001664                BSP_RADIO_IsTCXO
 .text.BSP_RADIO_IsDCDC
                0x0000000008001668        0x4 ./Drivers/BSP/STM32WLxx_Nucleo/stm32wlxx_nucleo_radio.o
                0x0000000008001668                BSP_RADIO_IsDCDC
 .text.BSP_RADIO_GetRFOMaxPowerConfig
                0x000000000800166c        0xa ./Drivers/BSP/STM32WLxx_Nucleo/stm32wlxx_nucleo_radio.o
                0x000000000800166c                BSP_RADIO_GetRFOMaxPowerConfig
 .text.SystemInit
                0x0000000008001676        0x2 ./Drivers/CMSIS/system_stm32wlxx.o
                0x0000000008001676                SystemInit
 .text.HAL_Init
                0x0000000008001678       0x2c ./Drivers/STM32WLxx_HAL_Driver/stm32wlxx_hal.o
                0x0000000008001678                HAL_Init
 .text.HAL_SuspendTick
                0x00000000080016a4        0xe ./Drivers/STM32WLxx_HAL_Driver/stm32wlxx_hal.o
                0x00000000080016a4                HAL_SuspendTick
 .text.HAL_ResumeTick
                0x00000000080016b2        0xe ./Drivers/STM32WLxx_HAL_Driver/stm32wlxx_hal.o
                0x00000000080016b2                HAL_ResumeTick
 .text.HAL_DBGMCU_DisableDBGSleepMode
                0x00000000080016c0       0x10 ./Drivers/STM32WLxx_HAL_Driver/stm32wlxx_hal.o
                0x00000000080016c0                HAL_DBGMCU_DisableDBGSleepMode
 .text.HAL_DBGMCU_DisableDBGStopMode
                0x00000000080016d0       0x10 ./Drivers/STM32WLxx_HAL_Driver/stm32wlxx_hal.o
                0x00000000080016d0                HAL_DBGMCU_DisableDBGStopMode
 .text.HAL_DBGMCU_DisableDBGStandbyMode
                0x00000000080016e0       0x10 ./Drivers/STM32WLxx_HAL_Driver/stm32wlxx_hal.o
                0x00000000080016e0                HAL_DBGMCU_DisableDBGStandbyMode
 .text.HAL_NVIC_SetPriorityGrouping
                0x00000000080016f0       0x24 ./Drivers/STM32WLxx_HAL_Driver/stm32wlxx_hal_cortex.o
                0x00000000080016f0                HAL_NVIC_SetPriorityGrouping
 .text.HAL_NVIC_SetPriority
                0x0000000008001714       0x70 ./Drivers/STM32WLxx_HAL_Driver/stm32wlxx_hal_cortex.o
                0x0000000008001714                HAL_NVIC_SetPriority
 .text.HAL_NVIC_EnableIRQ
                0x0000000008001784       0x1c ./Drivers/STM32WLxx_HAL_Driver/stm32wlxx_hal_cortex.o
                0x0000000008001784                HAL_NVIC_EnableIRQ
 .text.HAL_NVIC_DisableIRQ
                0x00000000080017a0       0x24 ./Drivers/STM32WLxx_HAL_Driver/stm32wlxx_hal_cortex.o
                0x00000000080017a0                HAL_NVIC_DisableIRQ
 .text.DMA_SetConfig
                0x00000000080017c4       0x4e ./Drivers/STM32WLxx_HAL_Driver/stm32wlxx_hal_dma.o
 *fill*         0x0000000008001812        0x2 
 .text.DMA_CalcDMAMUXChannelBaseAndMask
                0x0000000008001814       0x64 ./Drivers/STM32WLxx_HAL_Driver/stm32wlxx_hal_dma.o
 .text.DMA_CalcDMAMUXRequestGenBaseAndMask
                0x0000000008001878       0x2c ./Drivers/STM32WLxx_HAL_Driver/stm32wlxx_hal_dma.o
 .text.HAL_DMA_Init
                0x00000000080018a4       0xe4 ./Drivers/STM32WLxx_HAL_Driver/stm32wlxx_hal_dma.o
                0x00000000080018a4                HAL_DMA_Init
 .text.HAL_DMA_DeInit
                0x0000000008001988       0xb8 ./Drivers/STM32WLxx_HAL_Driver/stm32wlxx_hal_dma.o
                0x0000000008001988                HAL_DMA_DeInit
 .text.HAL_DMA_Start_IT
                0x0000000008001a40       0x98 ./Drivers/STM32WLxx_HAL_Driver/stm32wlxx_hal_dma.o
                0x0000000008001a40                HAL_DMA_Start_IT
 .text.HAL_DMA_Abort
                0x0000000008001ad8       0x74 ./Drivers/STM32WLxx_HAL_Driver/stm32wlxx_hal_dma.o
                0x0000000008001ad8                HAL_DMA_Abort
 .text.HAL_DMA_Abort_IT
                0x0000000008001b4c       0x72 ./Drivers/STM32WLxx_HAL_Driver/stm32wlxx_hal_dma.o
                0x0000000008001b4c                HAL_DMA_Abort_IT
 *fill*         0x0000000008001bbe        0x2 
 .text.HAL_DMA_IRQHandler
                0x0000000008001bc0       0xe8 ./Drivers/STM32WLxx_HAL_Driver/stm32wlxx_hal_dma.o
                0x0000000008001bc0                HAL_DMA_IRQHandler
 .text.HAL_DMA_ConfigChannelAttributes
                0x0000000008001ca8       0x26 ./Drivers/STM32WLxx_HAL_Driver/stm32wlxx_hal_dma.o
                0x0000000008001ca8                HAL_DMA_ConfigChannelAttributes
 *fill*         0x0000000008001cce        0x2 
 .text.HAL_GPIO_Init
                0x0000000008001cd0      0x1a4 ./Drivers/STM32WLxx_HAL_Driver/stm32wlxx_hal_gpio.o
                0x0000000008001cd0                HAL_GPIO_Init
 .text.HAL_GPIO_DeInit
                0x0000000008001e74       0xfc ./Drivers/STM32WLxx_HAL_Driver/stm32wlxx_hal_gpio.o
                0x0000000008001e74                HAL_GPIO_DeInit
 .text.HAL_GPIO_WritePin
                0x0000000008001f70        0xa ./Drivers/STM32WLxx_HAL_Driver/stm32wlxx_hal_gpio.o
                0x0000000008001f70                HAL_GPIO_WritePin
 .text.HAL_GPIO_TogglePin
                0x0000000008001f7a       0x12 ./Drivers/STM32WLxx_HAL_Driver/stm32wlxx_hal_gpio.o
                0x0000000008001f7a                HAL_GPIO_TogglePin
 .text.HAL_PWR_EnableBkUpAccess
                0x0000000008001f8c       0x10 ./Drivers/STM32WLxx_HAL_Driver/stm32wlxx_hal_pwr.o
                0x0000000008001f8c                HAL_PWR_EnableBkUpAccess
 .text.HAL_PWR_EnterSLEEPMode
                0x0000000008001f9c       0x4c ./Drivers/STM32WLxx_HAL_Driver/stm32wlxx_hal_pwr.o
                0x0000000008001f9c                HAL_PWR_EnterSLEEPMode
 .text.HAL_PWREx_GetVoltageRange
                0x0000000008001fe8       0x10 ./Drivers/STM32WLxx_HAL_Driver/stm32wlxx_hal_pwr_ex.o
                0x0000000008001fe8                HAL_PWREx_GetVoltageRange
 .text.HAL_PWREx_EnableLowPowerRunMode
                0x0000000008001ff8       0x10 ./Drivers/STM32WLxx_HAL_Driver/stm32wlxx_hal_pwr_ex.o
                0x0000000008001ff8                HAL_PWREx_EnableLowPowerRunMode
 .text.HAL_PWREx_DisableLowPowerRunMode
                0x0000000008002008       0x4c ./Drivers/STM32WLxx_HAL_Driver/stm32wlxx_hal_pwr_ex.o
                0x0000000008002008                HAL_PWREx_DisableLowPowerRunMode
 .text.HAL_PWREx_EnterSTOP2Mode
                0x0000000008002054       0x3c ./Drivers/STM32WLxx_HAL_Driver/stm32wlxx_hal_pwr_ex.o
                0x0000000008002054                HAL_PWREx_EnterSTOP2Mode
 .text.RCC_SetFlashLatency
                0x0000000008002090       0xbc ./Drivers/STM32WLxx_HAL_Driver/stm32wlxx_hal_rcc.o
 .text.RCC_SetFlashLatencyFromMSIRange
                0x000000000800214c       0x44 ./Drivers/STM32WLxx_HAL_Driver/stm32wlxx_hal_rcc.o
 .text.HAL_RCC_GetSysClockFreq
                0x0000000008002190      0x110 ./Drivers/STM32WLxx_HAL_Driver/stm32wlxx_hal_rcc.o
                0x0000000008002190                HAL_RCC_GetSysClockFreq
 .text.HAL_RCC_GetHCLKFreq
                0x00000000080022a0       0x20 ./Drivers/STM32WLxx_HAL_Driver/stm32wlxx_hal_rcc.o
                0x00000000080022a0                HAL_RCC_GetHCLKFreq
 .text.HAL_RCC_OscConfig
                0x00000000080022c0      0x664 ./Drivers/STM32WLxx_HAL_Driver/stm32wlxx_hal_rcc.o
                0x00000000080022c0                HAL_RCC_OscConfig
 .text.HAL_RCC_ClockConfig
                0x0000000008002924      0x268 ./Drivers/STM32WLxx_HAL_Driver/stm32wlxx_hal_rcc.o
                0x0000000008002924                HAL_RCC_ClockConfig
 .text.HAL_RCC_GetPCLK1Freq
                0x0000000008002b8c       0x20 ./Drivers/STM32WLxx_HAL_Driver/stm32wlxx_hal_rcc.o
                0x0000000008002b8c                HAL_RCC_GetPCLK1Freq
 .text.HAL_RCC_GetPCLK2Freq
                0x0000000008002bac       0x20 ./Drivers/STM32WLxx_HAL_Driver/stm32wlxx_hal_rcc.o
                0x0000000008002bac                HAL_RCC_GetPCLK2Freq
 .text.HAL_RCCEx_PeriphCLKConfig
                0x0000000008002bcc      0x294 ./Drivers/STM32WLxx_HAL_Driver/stm32wlxx_hal_rcc_ex.o
                0x0000000008002bcc                HAL_RCCEx_PeriphCLKConfig
 .text.HAL_RTC_DeactivateAlarm
                0x0000000008002e60       0x80 ./Drivers/STM32WLxx_HAL_Driver/stm32wlxx_hal_rtc.o
                0x0000000008002e60                HAL_RTC_DeactivateAlarm
 .text.HAL_RTC_AlarmIRQHandler
                0x0000000008002ee0       0x40 ./Drivers/STM32WLxx_HAL_Driver/stm32wlxx_hal_rtc.o
                0x0000000008002ee0                HAL_RTC_AlarmIRQHandler
 .text.HAL_RTC_WaitForSynchro
                0x0000000008002f20       0x34 ./Drivers/STM32WLxx_HAL_Driver/stm32wlxx_hal_rtc.o
                0x0000000008002f20                HAL_RTC_WaitForSynchro
 .text.RTC_EnterInitMode
                0x0000000008002f54       0x4c ./Drivers/STM32WLxx_HAL_Driver/stm32wlxx_hal_rtc.o
                0x0000000008002f54                RTC_EnterInitMode
 .text.RTC_ExitInitMode
                0x0000000008002fa0       0x4c ./Drivers/STM32WLxx_HAL_Driver/stm32wlxx_hal_rtc.o
                0x0000000008002fa0                RTC_ExitInitMode
 .text.HAL_RTC_Init
                0x0000000008002fec       0xb4 ./Drivers/STM32WLxx_HAL_Driver/stm32wlxx_hal_rtc.o
                0x0000000008002fec                HAL_RTC_Init
 .text.RTC_ByteToBcd2
                0x00000000080030a0       0x16 ./Drivers/STM32WLxx_HAL_Driver/stm32wlxx_hal_rtc.o
                0x00000000080030a0                RTC_ByteToBcd2
 *fill*         0x00000000080030b6        0x2 
 .text.HAL_RTC_SetAlarm_IT
                0x00000000080030b8      0x178 ./Drivers/STM32WLxx_HAL_Driver/stm32wlxx_hal_rtc.o
                0x00000000080030b8                HAL_RTC_SetAlarm_IT
 .text.HAL_RTCEx_EnableBypassShadow
                0x0000000008003230       0x40 ./Drivers/STM32WLxx_HAL_Driver/stm32wlxx_hal_rtc_ex.o
                0x0000000008003230                HAL_RTCEx_EnableBypassShadow
 .text.HAL_RTCEx_SetSSRU_IT
                0x0000000008003270       0x58 ./Drivers/STM32WLxx_HAL_Driver/stm32wlxx_hal_rtc_ex.o
                0x0000000008003270                HAL_RTCEx_SetSSRU_IT
 .text.HAL_RTCEx_SSRUIRQHandler
                0x00000000080032c8       0x28 ./Drivers/STM32WLxx_HAL_Driver/stm32wlxx_hal_rtc_ex.o
                0x00000000080032c8                HAL_RTCEx_SSRUIRQHandler
 .text.HAL_RTCEx_AlarmBEventCallback
                0x00000000080032f0        0x2 ./Drivers/STM32WLxx_HAL_Driver/stm32wlxx_hal_rtc_ex.o
                0x00000000080032f0                HAL_RTCEx_AlarmBEventCallback
 .text.HAL_RTCEx_BKUPWrite
                0x00000000080032f2        0xe ./Drivers/STM32WLxx_HAL_Driver/stm32wlxx_hal_rtc_ex.o
                0x00000000080032f2                HAL_RTCEx_BKUPWrite
 .text.HAL_RTCEx_BKUPRead
                0x0000000008003300        0xe ./Drivers/STM32WLxx_HAL_Driver/stm32wlxx_hal_rtc_ex.o
                0x0000000008003300                HAL_RTCEx_BKUPRead
 *fill*         0x000000000800330e        0x2 
 .text.SUBGHZSPI_Init
                0x0000000008003310       0x24 ./Drivers/STM32WLxx_HAL_Driver/stm32wlxx_hal_subghz.o
                0x0000000008003310                SUBGHZSPI_Init
 .text.HAL_SUBGHZ_Init
                0x0000000008003334       0xcc ./Drivers/STM32WLxx_HAL_Driver/stm32wlxx_hal_subghz.o
                0x0000000008003334                HAL_SUBGHZ_Init
 .text.SUBGHZSPI_Transmit
                0x0000000008003400       0x78 ./Drivers/STM32WLxx_HAL_Driver/stm32wlxx_hal_subghz.o
                0x0000000008003400                SUBGHZSPI_Transmit
 .text.SUBGHZSPI_Receive
                0x0000000008003478       0x80 ./Drivers/STM32WLxx_HAL_Driver/stm32wlxx_hal_subghz.o
                0x0000000008003478                SUBGHZSPI_Receive
 .text.SUBGHZ_WaitOnBusy
                0x00000000080034f8       0x58 ./Drivers/STM32WLxx_HAL_Driver/stm32wlxx_hal_subghz.o
                0x00000000080034f8                SUBGHZ_WaitOnBusy
 .text.SUBGHZ_CheckDeviceReady
                0x0000000008003550       0x54 ./Drivers/STM32WLxx_HAL_Driver/stm32wlxx_hal_subghz.o
                0x0000000008003550                SUBGHZ_CheckDeviceReady
 .text.HAL_SUBGHZ_WriteRegisters
                0x00000000080035a4       0xa0 ./Drivers/STM32WLxx_HAL_Driver/stm32wlxx_hal_subghz.o
                0x00000000080035a4                HAL_SUBGHZ_WriteRegisters
 .text.HAL_SUBGHZ_ReadRegisters
                0x0000000008003644       0xa8 ./Drivers/STM32WLxx_HAL_Driver/stm32wlxx_hal_subghz.o
                0x0000000008003644                HAL_SUBGHZ_ReadRegisters
 .text.HAL_SUBGHZ_ExecSetCmd
                0x00000000080036ec       0xac ./Drivers/STM32WLxx_HAL_Driver/stm32wlxx_hal_subghz.o
                0x00000000080036ec                HAL_SUBGHZ_ExecSetCmd
 .text.HAL_SUBGHZ_ExecGetCmd
                0x0000000008003798       0x98 ./Drivers/STM32WLxx_HAL_Driver/stm32wlxx_hal_subghz.o
                0x0000000008003798                HAL_SUBGHZ_ExecGetCmd
 .text.HAL_SUBGHZ_IRQHandler
                0x0000000008003830       0xce ./Drivers/STM32WLxx_HAL_Driver/stm32wlxx_hal_subghz.o
                0x0000000008003830                HAL_SUBGHZ_IRQHandler
 *fill*         0x00000000080038fe        0x2 
 .text.HAL_SUBGHZ_WriteBuffer
                0x0000000008003900       0x94 ./Drivers/STM32WLxx_HAL_Driver/stm32wlxx_hal_subghz.o
                0x0000000008003900                HAL_SUBGHZ_WriteBuffer
 .text.HAL_SUBGHZ_ReadBuffer
                0x0000000008003994       0xa0 ./Drivers/STM32WLxx_HAL_Driver/stm32wlxx_hal_subghz.o
                0x0000000008003994                HAL_SUBGHZ_ReadBuffer
 .text.UART_EndTxTransfer
                0x0000000008003a34       0x32 ./Drivers/STM32WLxx_HAL_Driver/stm32wlxx_hal_uart.o
 .text.UART_EndRxTransfer
                0x0000000008003a66       0x56 ./Drivers/STM32WLxx_HAL_Driver/stm32wlxx_hal_uart.o
 .text.HAL_UART_Transmit_DMA
                0x0000000008003abc       0xa0 ./Drivers/STM32WLxx_HAL_Driver/stm32wlxx_hal_uart.o
                0x0000000008003abc                HAL_UART_Transmit_DMA
 .text.UART_DMATransmitCplt
                0x0000000008003b5c       0x48 ./Drivers/STM32WLxx_HAL_Driver/stm32wlxx_hal_uart.o
 .text.UART_EndTransmit_IT
                0x0000000008003ba4       0x24 ./Drivers/STM32WLxx_HAL_Driver/stm32wlxx_hal_uart.o
 .text.HAL_UART_TxHalfCpltCallback
                0x0000000008003bc8        0x2 ./Drivers/STM32WLxx_HAL_Driver/stm32wlxx_hal_uart.o
                0x0000000008003bc8                HAL_UART_TxHalfCpltCallback
 .text.UART_DMATxHalfCplt
                0x0000000008003bca        0xa ./Drivers/STM32WLxx_HAL_Driver/stm32wlxx_hal_uart.o
 .text.HAL_UART_ErrorCallback
                0x0000000008003bd4        0x2 ./Drivers/STM32WLxx_HAL_Driver/stm32wlxx_hal_uart.o
                0x0000000008003bd4                HAL_UART_ErrorCallback
 .text.UART_DMAError
                0x0000000008003bd6       0x58 ./Drivers/STM32WLxx_HAL_Driver/stm32wlxx_hal_uart.o
 .text.UART_DMAAbortOnError
                0x0000000008003c2e       0x14 ./Drivers/STM32WLxx_HAL_Driver/stm32wlxx_hal_uart.o
 .text.HAL_UARTEx_RxEventCallback
                0x0000000008003c42        0x2 ./Drivers/STM32WLxx_HAL_Driver/stm32wlxx_hal_uart.o
                0x0000000008003c42                HAL_UARTEx_RxEventCallback
 .text.HAL_UART_IRQHandler
                0x0000000008003c44      0x348 ./Drivers/STM32WLxx_HAL_Driver/stm32wlxx_hal_uart.o
                0x0000000008003c44                HAL_UART_IRQHandler
 .text.UART_RxISR_8BIT
                0x0000000008003f8c       0xdc ./Drivers/STM32WLxx_HAL_Driver/stm32wlxx_hal_uart.o
 .text.UART_RxISR_16BIT
                0x0000000008004068       0xd8 ./Drivers/STM32WLxx_HAL_Driver/stm32wlxx_hal_uart.o
 .text.UART_RxISR_8BIT_FIFOEN
                0x0000000008004140      0x1cc ./Drivers/STM32WLxx_HAL_Driver/stm32wlxx_hal_uart.o
 .text.UART_RxISR_16BIT_FIFOEN
                0x000000000800430c      0x1c8 ./Drivers/STM32WLxx_HAL_Driver/stm32wlxx_hal_uart.o
 .text.UART_SetConfig
                0x00000000080044d4      0x2cc ./Drivers/STM32WLxx_HAL_Driver/stm32wlxx_hal_uart.o
                0x00000000080044d4                UART_SetConfig
 .text.UART_AdvFeatureConfig
                0x00000000080047a0       0xca ./Drivers/STM32WLxx_HAL_Driver/stm32wlxx_hal_uart.o
                0x00000000080047a0                UART_AdvFeatureConfig
 .text.UART_WaitOnFlagUntilTimeout
                0x000000000800486a       0xd8 ./Drivers/STM32WLxx_HAL_Driver/stm32wlxx_hal_uart.o
                0x000000000800486a                UART_WaitOnFlagUntilTimeout
 .text.UART_CheckIdleState
                0x0000000008004942       0x76 ./Drivers/STM32WLxx_HAL_Driver/stm32wlxx_hal_uart.o
                0x0000000008004942                UART_CheckIdleState
 .text.HAL_UART_Init
                0x00000000080049b8       0x66 ./Drivers/STM32WLxx_HAL_Driver/stm32wlxx_hal_uart.o
                0x00000000080049b8                HAL_UART_Init
 *fill*         0x0000000008004a1e        0x2 
 .text.UART_Start_Receive_IT
                0x0000000008004a20      0x13c ./Drivers/STM32WLxx_HAL_Driver/stm32wlxx_hal_uart.o
                0x0000000008004a20                UART_Start_Receive_IT
 .text.HAL_UART_Receive_IT
                0x0000000008004b5c       0x4c ./Drivers/STM32WLxx_HAL_Driver/stm32wlxx_hal_uart.o
                0x0000000008004b5c                HAL_UART_Receive_IT
 .text.UARTEx_Wakeup_AddressConfig
                0x0000000008004ba8       0x2e ./Drivers/STM32WLxx_HAL_Driver/stm32wlxx_hal_uart_ex.o
 *fill*         0x0000000008004bd6        0x2 
 .text.UARTEx_SetNbDataToProcess
                0x0000000008004bd8       0x4c ./Drivers/STM32WLxx_HAL_Driver/stm32wlxx_hal_uart_ex.o
 .text.HAL_UARTEx_WakeupCallback
                0x0000000008004c24        0x2 ./Drivers/STM32WLxx_HAL_Driver/stm32wlxx_hal_uart_ex.o
                0x0000000008004c24                HAL_UARTEx_WakeupCallback
 .text.HAL_UARTEx_RxFifoFullCallback
                0x0000000008004c26        0x2 ./Drivers/STM32WLxx_HAL_Driver/stm32wlxx_hal_uart_ex.o
                0x0000000008004c26                HAL_UARTEx_RxFifoFullCallback
 .text.HAL_UARTEx_TxFifoEmptyCallback
                0x0000000008004c28        0x2 ./Drivers/STM32WLxx_HAL_Driver/stm32wlxx_hal_uart_ex.o
                0x0000000008004c28                HAL_UARTEx_TxFifoEmptyCallback
 .text.HAL_UARTEx_StopModeWakeUpSourceConfig
                0x0000000008004c2a       0x82 ./Drivers/STM32WLxx_HAL_Driver/stm32wlxx_hal_uart_ex.o
                0x0000000008004c2a                HAL_UARTEx_StopModeWakeUpSourceConfig
 .text.HAL_UARTEx_EnableStopMode
                0x0000000008004cac       0x2e ./Drivers/STM32WLxx_HAL_Driver/stm32wlxx_hal_uart_ex.o
                0x0000000008004cac                HAL_UARTEx_EnableStopMode
 .text.HAL_UARTEx_EnableFifoMode
                0x0000000008004cda       0x48 ./Drivers/STM32WLxx_HAL_Driver/stm32wlxx_hal_uart_ex.o
                0x0000000008004cda                HAL_UARTEx_EnableFifoMode
 .text.HAL_UARTEx_SetTxFifoThreshold
                0x0000000008004d22       0x4a ./Drivers/STM32WLxx_HAL_Driver/stm32wlxx_hal_uart_ex.o
                0x0000000008004d22                HAL_UARTEx_SetTxFifoThreshold
 .text.HAL_UARTEx_SetRxFifoThreshold
                0x0000000008004d6c       0x4a ./Drivers/STM32WLxx_HAL_Driver/stm32wlxx_hal_uart_ex.o
                0x0000000008004d6c                HAL_UARTEx_SetRxFifoThreshold
 .text.RadioCheckRfFrequency
                0x0000000008004db6        0x4 ./Middlewares/SubGHz_Phy/radio.o
 *fill*         0x0000000008004dba        0x2 
 .text.RadioGetLoRaBandwidthInHz
                0x0000000008004dbc       0x5c ./Middlewares/SubGHz_Phy/radio.o
 .text.RadioGetGfskTimeOnAirNumerator
                0x0000000008004e18       0x26 ./Middlewares/SubGHz_Phy/radio.o
 .text.RadioGetLoRaTimeOnAirNumerator
                0x0000000008004e3e       0xa2 ./Middlewares/SubGHz_Phy/radio.o
 .text.RadioTimeOnAir
                0x0000000008004ee0       0x74 ./Middlewares/SubGHz_Phy/radio.o
 .text.RadioOnTxTimeoutProcess
                0x0000000008004f54       0x20 ./Middlewares/SubGHz_Phy/radio.o
 .text.RadioOnTxTimeoutIrq
                0x0000000008004f74        0x8 ./Middlewares/SubGHz_Phy/radio.o
 .text.RadioOnRxTimeoutProcess
                0x0000000008004f7c       0x20 ./Middlewares/SubGHz_Phy/radio.o
 .text.RadioOnRxTimeoutIrq
                0x0000000008004f9c        0x8 ./Middlewares/SubGHz_Phy/radio.o
 .text.payload_integration
                0x0000000008004fa4       0xaa ./Middlewares/SubGHz_Phy/radio.o
 .text.RadioLrFhssSetCfg
                0x000000000800504e        0x4 ./Middlewares/SubGHz_Phy/radio.o
 .text.RadioLrFhssGetTimeOnAirInMs
                0x0000000008005052        0x4 ./Middlewares/SubGHz_Phy/radio.o
 *fill*         0x0000000008005056        0x2 
 .text.RadioSetMaxPayloadLength
                0x0000000008005058       0x38 ./Middlewares/SubGHz_Phy/radio.o
 .text.RadioRead
                0x0000000008005090        0x8 ./Middlewares/SubGHz_Phy/radio.o
 .text.RadioWrite
                0x0000000008005098        0x8 ./Middlewares/SubGHz_Phy/radio.o
 .text.RadioTxCw
                0x00000000080050a0       0x20 ./Middlewares/SubGHz_Phy/radio.o
 .text.RadioTxPrbs
                0x00000000080050c0       0x2c ./Middlewares/SubGHz_Phy/radio.o
 .text.RadioSetRxDutyCycle
                0x00000000080050ec       0x34 ./Middlewares/SubGHz_Phy/radio.o
 .text.RadioRxBoosted
                0x0000000008005120       0x70 ./Middlewares/SubGHz_Phy/radio.o
 .text.RadioStandby
                0x0000000008005190        0xa ./Middlewares/SubGHz_Phy/radio.o
 .text.RadioGetStatus
                0x000000000800519a       0x22 ./Middlewares/SubGHz_Phy/radio.o
 .text.RadioIrqProcess
                0x00000000080051bc      0x348 ./Middlewares/SubGHz_Phy/radio.o
 .text.RadioOnDioIrq
                0x0000000008005504       0x14 ./Middlewares/SubGHz_Phy/radio.o
 .text.RadioGetWakeupTime
                0x0000000008005518        0xa ./Middlewares/SubGHz_Phy/radio.o
 .text.RadioReadRegisters
                0x0000000008005522        0x8 ./Middlewares/SubGHz_Phy/radio.o
 .text.RadioWriteRegisters
                0x000000000800552a        0x8 ./Middlewares/SubGHz_Phy/radio.o
 .text.RadioRssi
                0x0000000008005532        0xa ./Middlewares/SubGHz_Phy/radio.o
 .text.RadioSetTxContinuousWave
                0x000000000800553c       0x44 ./Middlewares/SubGHz_Phy/radio.o
 .text.RadioSetChannel
                0x0000000008005580        0x8 ./Middlewares/SubGHz_Phy/radio.o
 .text.RadioStartCad
                0x0000000008005588       0x28 ./Middlewares/SubGHz_Phy/radio.o
 .text.RadioRx  0x00000000080055b0       0x70 ./Middlewares/SubGHz_Phy/radio.o
 .text.RadioSleep
                0x0000000008005620       0x12 ./Middlewares/SubGHz_Phy/radio.o
 *fill*         0x0000000008005632        0x2 
 .text.RadioSend
                0x0000000008005634      0x1a4 ./Middlewares/SubGHz_Phy/radio.o
 .text.RadioRandom
                0x00000000080057d8       0x14 ./Middlewares/SubGHz_Phy/radio.o
 .text.RadioSetModem
                0x00000000080057ec       0x7c ./Middlewares/SubGHz_Phy/radio.o
 .text.RadioSetTxGenericConfig
                0x0000000008005868      0x310 ./Middlewares/SubGHz_Phy/radio.o
 .text.RadioSetRxGenericConfig
                0x0000000008005b78      0x27c ./Middlewares/SubGHz_Phy/radio.o
 .text.RadioSetPublicNetwork
                0x0000000008005df4       0x44 ./Middlewares/SubGHz_Phy/radio.o
 .text.RadioSetTxConfig
                0x0000000008005e38      0x1ac ./Middlewares/SubGHz_Phy/radio.o
 .text.RadioSetRxConfig
                0x0000000008005fe4      0x2f8 ./Middlewares/SubGHz_Phy/radio.o
 .text.RadioIsChannelFree
                0x00000000080062dc       0x7c ./Middlewares/SubGHz_Phy/radio.o
 .text.RadioInit
                0x0000000008006358       0x98 ./Middlewares/SubGHz_Phy/radio.o
 .text.SUBGRF_GetOperatingMode
                0x00000000080063f0        0xc ./Middlewares/SubGHz_Phy/radio_driver.o
                0x00000000080063f0                SUBGRF_GetOperatingMode
 .text.SUBGRF_GetPacketType
                0x00000000080063fc        0xc ./Middlewares/SubGHz_Phy/radio_driver.o
                0x00000000080063fc                SUBGRF_GetPacketType
 .text.SUBGRF_WriteRegister
                0x0000000008006408       0x20 ./Middlewares/SubGHz_Phy/radio_driver.o
                0x0000000008006408                SUBGRF_WriteRegister
 .text.SUBGRF_ReadRegister
                0x0000000008006428       0x20 ./Middlewares/SubGHz_Phy/radio_driver.o
                0x0000000008006428                SUBGRF_ReadRegister
 .text.Radio_SMPS_Set
                0x0000000008006448       0x26 ./Middlewares/SubGHz_Phy/radio_driver.o
 .text.SUBGRF_SetWhiteningSeed
                0x000000000800646e       0x32 ./Middlewares/SubGHz_Phy/radio_driver.o
                0x000000000800646e                SUBGRF_SetWhiteningSeed
 .text.SUBGRF_WriteRegisters
                0x00000000080064a0       0x20 ./Middlewares/SubGHz_Phy/radio_driver.o
                0x00000000080064a0                SUBGRF_WriteRegisters
 .text.SUBGRF_SetSyncWord
                0x00000000080064c0       0x12 ./Middlewares/SubGHz_Phy/radio_driver.o
                0x00000000080064c0                SUBGRF_SetSyncWord
 .text.SUBGRF_SetCrcSeed
                0x00000000080064d2       0x28 ./Middlewares/SubGHz_Phy/radio_driver.o
                0x00000000080064d2                SUBGRF_SetCrcSeed
 .text.SUBGRF_SetCrcPolynomial
                0x00000000080064fa       0x28 ./Middlewares/SubGHz_Phy/radio_driver.o
                0x00000000080064fa                SUBGRF_SetCrcPolynomial
 *fill*         0x0000000008006522        0x2 
 .text.SUBGRF_ReadRegisters
                0x0000000008006524       0x20 ./Middlewares/SubGHz_Phy/radio_driver.o
                0x0000000008006524                SUBGRF_ReadRegisters
 .text.SUBGRF_WriteBuffer
                0x0000000008006544       0x20 ./Middlewares/SubGHz_Phy/radio_driver.o
                0x0000000008006544                SUBGRF_WriteBuffer
 .text.SUBGRF_SetPayload
                0x0000000008006564        0xe ./Middlewares/SubGHz_Phy/radio_driver.o
                0x0000000008006564                SUBGRF_SetPayload
 *fill*         0x0000000008006572        0x2 
 .text.SUBGRF_ReadBuffer
                0x0000000008006574       0x20 ./Middlewares/SubGHz_Phy/radio_driver.o
                0x0000000008006574                SUBGRF_ReadBuffer
 .text.SUBGRF_WriteCommand
                0x0000000008006594       0x20 ./Middlewares/SubGHz_Phy/radio_driver.o
                0x0000000008006594                SUBGRF_WriteCommand
 .text.SUBGRF_SetSleep
                0x00000000080065b4       0x40 ./Middlewares/SubGHz_Phy/radio_driver.o
                0x00000000080065b4                SUBGRF_SetSleep
 .text.SUBGRF_SetStandby
                0x00000000080065f4       0x34 ./Middlewares/SubGHz_Phy/radio_driver.o
                0x00000000080065f4                SUBGRF_SetStandby
 .text.SUBGRF_SetTx
                0x0000000008006628       0x34 ./Middlewares/SubGHz_Phy/radio_driver.o
                0x0000000008006628                SUBGRF_SetTx
 .text.SUBGRF_SendPayload
                0x000000000800665c       0x10 ./Middlewares/SubGHz_Phy/radio_driver.o
                0x000000000800665c                SUBGRF_SendPayload
 .text.SUBGRF_SetRx
                0x000000000800666c       0x34 ./Middlewares/SubGHz_Phy/radio_driver.o
                0x000000000800666c                SUBGRF_SetRx
 .text.SUBGRF_GetRandom
                0x00000000080066a0       0x6a ./Middlewares/SubGHz_Phy/radio_driver.o
                0x00000000080066a0                SUBGRF_GetRandom
 *fill*         0x000000000800670a        0x2 
 .text.SUBGRF_SetRxBoosted
                0x000000000800670c       0x3c ./Middlewares/SubGHz_Phy/radio_driver.o
                0x000000000800670c                SUBGRF_SetRxBoosted
 .text.SUBGRF_SetRxDutyCycle
                0x0000000008006748       0x48 ./Middlewares/SubGHz_Phy/radio_driver.o
                0x0000000008006748                SUBGRF_SetRxDutyCycle
 .text.SUBGRF_SetCad
                0x0000000008006790       0x18 ./Middlewares/SubGHz_Phy/radio_driver.o
                0x0000000008006790                SUBGRF_SetCad
 .text.SUBGRF_SetTxContinuousWave
                0x00000000080067a8        0xe ./Middlewares/SubGHz_Phy/radio_driver.o
                0x00000000080067a8                SUBGRF_SetTxContinuousWave
 .text.SUBGRF_SetTxInfinitePreamble
                0x00000000080067b6        0xe ./Middlewares/SubGHz_Phy/radio_driver.o
                0x00000000080067b6                SUBGRF_SetTxInfinitePreamble
 .text.SUBGRF_SetStopRxTimerOnPreambleDetect
                0x00000000080067c4       0x1a ./Middlewares/SubGHz_Phy/radio_driver.o
                0x00000000080067c4                SUBGRF_SetStopRxTimerOnPreambleDetect
 .text.SUBGRF_SetLoRaSymbNumTimeout
                0x00000000080067de       0x42 ./Middlewares/SubGHz_Phy/radio_driver.o
                0x00000000080067de                SUBGRF_SetLoRaSymbNumTimeout
 .text.SUBGRF_SetRegulatorMode
                0x0000000008006820       0x2c ./Middlewares/SubGHz_Phy/radio_driver.o
                0x0000000008006820                SUBGRF_SetRegulatorMode
 .text.SUBGRF_Calibrate
                0x000000000800684c       0x42 ./Middlewares/SubGHz_Phy/radio_driver.o
                0x000000000800684c                SUBGRF_Calibrate
 *fill*         0x000000000800688e        0x2 
 .text.SUBGRF_CalibrateImage
                0x0000000008006890       0x98 ./Middlewares/SubGHz_Phy/radio_driver.o
                0x0000000008006890                SUBGRF_CalibrateImage
 .text.SUBGRF_SetPaConfig
                0x0000000008006928       0x26 ./Middlewares/SubGHz_Phy/radio_driver.o
                0x0000000008006928                SUBGRF_SetPaConfig
 .text.SUBGRF_SetDioIrqParams
                0x000000000800694e       0x3e ./Middlewares/SubGHz_Phy/radio_driver.o
                0x000000000800694e                SUBGRF_SetDioIrqParams
 .text.SUBGRF_SetTcxoMode
                0x000000000800698c       0x32 ./Middlewares/SubGHz_Phy/radio_driver.o
                0x000000000800698c                SUBGRF_SetTcxoMode
 *fill*         0x00000000080069be        0x2 
 .text.SUBGRF_Init
                0x00000000080069c0       0x74 ./Middlewares/SubGHz_Phy/radio_driver.o
                0x00000000080069c0                SUBGRF_Init
 .text.SUBGRF_SetRfFrequency
                0x0000000008006a34       0x58 ./Middlewares/SubGHz_Phy/radio_driver.o
                0x0000000008006a34                SUBGRF_SetRfFrequency
 .text.SUBGRF_SetPacketType
                0x0000000008006a8c       0x34 ./Middlewares/SubGHz_Phy/radio_driver.o
                0x0000000008006a8c                SUBGRF_SetPacketType
 .text.SUBGRF_SetTxParams
                0x0000000008006ac0      0x11a ./Middlewares/SubGHz_Phy/radio_driver.o
                0x0000000008006ac0                SUBGRF_SetTxParams
 *fill*         0x0000000008006bda        0x2 
 .text.SUBGRF_SetModulationParams
                0x0000000008006bdc      0x110 ./Middlewares/SubGHz_Phy/radio_driver.o
                0x0000000008006bdc                SUBGRF_SetModulationParams
 .text.SUBGRF_SetPacketParams
                0x0000000008006cec       0xe4 ./Middlewares/SubGHz_Phy/radio_driver.o
                0x0000000008006cec                SUBGRF_SetPacketParams
 .text.SUBGRF_SetBufferBaseAddress
                0x0000000008006dd0       0x1c ./Middlewares/SubGHz_Phy/radio_driver.o
                0x0000000008006dd0                SUBGRF_SetBufferBaseAddress
 .text.SUBGRF_ReadCommand
                0x0000000008006dec       0x20 ./Middlewares/SubGHz_Phy/radio_driver.o
                0x0000000008006dec                SUBGRF_ReadCommand
 .text.SUBGRF_GetRssiInst
                0x0000000008006e0c       0x1c ./Middlewares/SubGHz_Phy/radio_driver.o
                0x0000000008006e0c                SUBGRF_GetRssiInst
 .text.SUBGRF_GetRxBufferStatus
                0x0000000008006e28       0x44 ./Middlewares/SubGHz_Phy/radio_driver.o
                0x0000000008006e28                SUBGRF_GetRxBufferStatus
 .text.SUBGRF_GetPayload
                0x0000000008006e6c       0x34 ./Middlewares/SubGHz_Phy/radio_driver.o
                0x0000000008006e6c                SUBGRF_GetPayload
 .text.SUBGRF_GetPacketStatus
                0x0000000008006ea0       0x78 ./Middlewares/SubGHz_Phy/radio_driver.o
                0x0000000008006ea0                SUBGRF_GetPacketStatus
 .text.SUBGRF_SetSwitch
                0x0000000008006f18       0x28 ./Middlewares/SubGHz_Phy/radio_driver.o
                0x0000000008006f18                SUBGRF_SetSwitch
 .text.SUBGRF_SetRfTxPower
                0x0000000008006f40       0x2e ./Middlewares/SubGHz_Phy/radio_driver.o
                0x0000000008006f40                SUBGRF_SetRfTxPower
 .text.SUBGRF_GetRadioWakeUpTime
                0x0000000008006f6e        0x4 ./Middlewares/SubGHz_Phy/radio_driver.o
                0x0000000008006f6e                SUBGRF_GetRadioWakeUpTime
 *fill*         0x0000000008006f72        0x2 
 .text.HAL_SUBGHZ_TxCpltCallback
                0x0000000008006f74       0x10 ./Middlewares/SubGHz_Phy/radio_driver.o
                0x0000000008006f74                HAL_SUBGHZ_TxCpltCallback
 .text.HAL_SUBGHZ_RxCpltCallback
                0x0000000008006f84       0x10 ./Middlewares/SubGHz_Phy/radio_driver.o
                0x0000000008006f84                HAL_SUBGHZ_RxCpltCallback
 .text.HAL_SUBGHZ_CRCErrorCallback
                0x0000000008006f94       0x10 ./Middlewares/SubGHz_Phy/radio_driver.o
                0x0000000008006f94                HAL_SUBGHZ_CRCErrorCallback
 .text.HAL_SUBGHZ_CADStatusCallback
                0x0000000008006fa4       0x24 ./Middlewares/SubGHz_Phy/radio_driver.o
                0x0000000008006fa4                HAL_SUBGHZ_CADStatusCallback
 .text.HAL_SUBGHZ_RxTxTimeoutCallback
                0x0000000008006fc8       0x14 ./Middlewares/SubGHz_Phy/radio_driver.o
                0x0000000008006fc8                HAL_SUBGHZ_RxTxTimeoutCallback
 .text.HAL_SUBGHZ_HeaderErrorCallback
                0x0000000008006fdc       0x10 ./Middlewares/SubGHz_Phy/radio_driver.o
                0x0000000008006fdc                HAL_SUBGHZ_HeaderErrorCallback
 .text.HAL_SUBGHZ_PreambleDetectedCallback
                0x0000000008006fec       0x10 ./Middlewares/SubGHz_Phy/radio_driver.o
                0x0000000008006fec                HAL_SUBGHZ_PreambleDetectedCallback
 .text.HAL_SUBGHZ_SyncWordValidCallback
                0x0000000008006ffc       0x10 ./Middlewares/SubGHz_Phy/radio_driver.o
                0x0000000008006ffc                HAL_SUBGHZ_SyncWordValidCallback
 .text.HAL_SUBGHZ_HeaderValidCallback
                0x000000000800700c       0x10 ./Middlewares/SubGHz_Phy/radio_driver.o
                0x000000000800700c                HAL_SUBGHZ_HeaderValidCallback
 .text.HAL_SUBGHZ_LrFhssHopCallback
                0x000000000800701c       0x14 ./Middlewares/SubGHz_Phy/radio_driver.o
                0x000000000800701c                HAL_SUBGHZ_LrFhssHopCallback
 .text.SUBGRF_GetFskBandwidthRegValue
                0x0000000008007030       0x30 ./Middlewares/SubGHz_Phy/radio_driver.o
                0x0000000008007030                SUBGRF_GetFskBandwidthRegValue
 .text.SUBGRF_GetCFO
                0x0000000008007060       0x88 ./Middlewares/SubGHz_Phy/radio_driver.o
                0x0000000008007060                SUBGRF_GetCFO
 .text.RFW_TransmitLongPacket
                0x00000000080070e8        0x6 ./Middlewares/SubGHz_Phy/radio_fw.o
                0x00000000080070e8                RFW_TransmitLongPacket
 .text.RFW_ReceiveLongPacket
                0x00000000080070ee        0x6 ./Middlewares/SubGHz_Phy/radio_fw.o
                0x00000000080070ee                RFW_ReceiveLongPacket
 .text.RFW_Init
                0x00000000080070f4        0x6 ./Middlewares/SubGHz_Phy/radio_fw.o
                0x00000000080070f4                RFW_Init
 .text.RFW_DeInit
                0x00000000080070fa        0x2 ./Middlewares/SubGHz_Phy/radio_fw.o
                0x00000000080070fa                RFW_DeInit
 .text.RFW_Is_Init
                0x00000000080070fc        0x4 ./Middlewares/SubGHz_Phy/radio_fw.o
                0x00000000080070fc                RFW_Is_Init
 .text.RFW_Is_LongPacketModeEnabled
                0x0000000008007100        0x4 ./Middlewares/SubGHz_Phy/radio_fw.o
                0x0000000008007100                RFW_Is_LongPacketModeEnabled
 .text.RFW_SetAntSwitch
                0x0000000008007104        0x2 ./Middlewares/SubGHz_Phy/radio_fw.o
                0x0000000008007104                RFW_SetAntSwitch
 .text.RFW_TransmitInit
                0x0000000008007106        0x6 ./Middlewares/SubGHz_Phy/radio_fw.o
                0x0000000008007106                RFW_TransmitInit
 .text.RFW_ReceiveInit
                0x000000000800710c        0x6 ./Middlewares/SubGHz_Phy/radio_fw.o
                0x000000000800710c                RFW_ReceiveInit
 .text.RFW_DeInit_TxLongPacket
                0x0000000008007112        0x2 ./Middlewares/SubGHz_Phy/radio_fw.o
                0x0000000008007112                RFW_DeInit_TxLongPacket
 .text.RFW_ReceivePayload
                0x0000000008007114        0x2 ./Middlewares/SubGHz_Phy/radio_fw.o
                0x0000000008007114                RFW_ReceivePayload
 .text.RFW_SetRadioModem
                0x0000000008007116        0x2 ./Middlewares/SubGHz_Phy/radio_fw.o
                0x0000000008007116                RFW_SetRadioModem
 .text.TRACE_AllocateBufer
                0x0000000008007118       0x88 ./Utilities/stm32_adv_trace.o
 .text.TRACE_Lock
                0x00000000080071a0       0x18 ./Utilities/stm32_adv_trace.o
 .text.TRACE_UnLock
                0x00000000080071b8       0x18 ./Utilities/stm32_adv_trace.o
 .text.TRACE_IsLocked
                0x00000000080071d0       0x10 ./Utilities/stm32_adv_trace.o
 .text.UTIL_ADV_TRACE_Init
                0x00000000080071e0       0x34 ./Utilities/stm32_adv_trace.o
                0x00000000080071e0                UTIL_ADV_TRACE_Init
 .text.UTIL_ADV_TRACE_RegisterTimeStampFunction
                0x0000000008007214        0xc ./Utilities/stm32_adv_trace.o
                0x0000000008007214                UTIL_ADV_TRACE_RegisterTimeStampFunction
 .text.UTIL_ADV_TRACE_SetVerboseLevel
                0x0000000008007220        0xc ./Utilities/stm32_adv_trace.o
                0x0000000008007220                UTIL_ADV_TRACE_SetVerboseLevel
 .text.TRACE_Send
                0x000000000800722c       0x9c ./Utilities/stm32_adv_trace.o
 .text.UTIL_ADV_TRACE_COND_FSend
                0x00000000080072c8       0xc8 ./Utilities/stm32_adv_trace.o
                0x00000000080072c8                UTIL_ADV_TRACE_COND_FSend
 .text.TRACE_TxCpltCallback
                0x0000000008007390       0xb0 ./Utilities/stm32_adv_trace.o
 .text.UTIL_LPM_Init
                0x0000000008007440       0x14 ./Utilities/stm32_lpm.o
                0x0000000008007440                UTIL_LPM_Init
 .text.UTIL_LPM_SetStopMode
                0x0000000008007454       0x2c ./Utilities/stm32_lpm.o
                0x0000000008007454                UTIL_LPM_SetStopMode
 .text.UTIL_LPM_SetOffMode
                0x0000000008007480       0x2c ./Utilities/stm32_lpm.o
                0x0000000008007480                UTIL_LPM_SetOffMode
 .text.UTIL_LPM_EnterLowPower
                0x00000000080074ac       0x48 ./Utilities/stm32_lpm.o
                0x00000000080074ac                UTIL_LPM_EnterLowPower
 .text.UTIL_MEM_cpy_8
                0x00000000080074f4       0x16 ./Utilities/stm32_mem.o
                0x00000000080074f4                UTIL_MEM_cpy_8
 .text.UTIL_MEM_set_8
                0x000000000800750a       0x12 ./Utilities/stm32_mem.o
                0x000000000800750a                UTIL_MEM_set_8
 .text.UTIL_SEQ_SetTask
                0x000000000800751c       0x28 ./Utilities/stm32_seq.o
                0x000000000800751c                UTIL_SEQ_SetTask
 .text.UTIL_SEQ_PreIdle
                0x0000000008007544        0x2 ./Utilities/stm32_seq.o
                0x0000000008007544                UTIL_SEQ_PreIdle
 .text.UTIL_SEQ_PostIdle
                0x0000000008007546        0x2 ./Utilities/stm32_seq.o
                0x0000000008007546                UTIL_SEQ_PostIdle
 .text.SEQ_BitPosition
                0x0000000008007548       0x3c ./Utilities/stm32_seq.o
                0x0000000008007548                SEQ_BitPosition
 .text.UTIL_SEQ_Run
                0x0000000008007584      0x12c ./Utilities/stm32_seq.o
                0x0000000008007584                UTIL_SEQ_Run
 .text.UTIL_SEQ_RegTask
                0x00000000080076b0       0x20 ./Utilities/stm32_seq.o
                0x00000000080076b0                UTIL_SEQ_RegTask
 .text.SysTimeAdd
                0x00000000080076d0       0x3e ./Utilities/stm32_systime.o
                0x00000000080076d0                SysTimeAdd
 *fill*         0x000000000800770e        0x2 
 .text.SysTimeGet
                0x0000000008007710       0x44 ./Utilities/stm32_systime.o
                0x0000000008007710                SysTimeGet
 .text.UTIL_TIMER_Init
                0x0000000008007754       0x18 ./Utilities/stm32_timer.o
                0x0000000008007754                UTIL_TIMER_Init
 .text.UTIL_TIMER_Create
                0x000000000800776c       0x3c ./Utilities/stm32_timer.o
                0x000000000800776c                UTIL_TIMER_Create
 .text.UTIL_TIMER_GetCurrentTime
                0x00000000080077a8       0x14 ./Utilities/stm32_timer.o
                0x00000000080077a8                UTIL_TIMER_GetCurrentTime
 .text.UTIL_TIMER_GetElapsedTime
                0x00000000080077bc       0x20 ./Utilities/stm32_timer.o
                0x00000000080077bc                UTIL_TIMER_GetElapsedTime
 .text.TimerExists
                0x00000000080077dc       0x1c ./Utilities/stm32_timer.o
                0x00000000080077dc                TimerExists
 .text.TimerSetTimeout
                0x00000000080077f8       0x30 ./Utilities/stm32_timer.o
                0x00000000080077f8                TimerSetTimeout
 .text.UTIL_TIMER_Stop
                0x0000000008007828       0x6c ./Utilities/stm32_timer.o
                0x0000000008007828                UTIL_TIMER_Stop
 .text.TimerInsertTimer
                0x0000000008007894       0x2c ./Utilities/stm32_timer.o
                0x0000000008007894                TimerInsertTimer
 .text.TimerInsertNewHeadTimer
                0x00000000080078c0       0x1c ./Utilities/stm32_timer.o
                0x00000000080078c0                TimerInsertNewHeadTimer
 .text.UTIL_TIMER_Start
                0x00000000080078dc       0x8c ./Utilities/stm32_timer.o
                0x00000000080078dc                UTIL_TIMER_Start
 .text.UTIL_TIMER_SetPeriod
                0x0000000008007968       0x34 ./Utilities/stm32_timer.o
                0x0000000008007968                UTIL_TIMER_SetPeriod
 .text.UTIL_TIMER_IRQ_Handler
                0x000000000800799c       0x8c ./Utilities/stm32_timer.o
                0x000000000800799c                UTIL_TIMER_IRQ_Handler
 .text.ee_skip_atoi
                0x0000000008007a28       0x26 ./Utilities/stm32_tiny_vsnprintf.o
 *fill*         0x0000000008007a4e        0x2 
 .text.ee_number
                0x0000000008007a50      0x114 ./Utilities/stm32_tiny_vsnprintf.o
 .text.tiny_vsnprintf_like
                0x0000000008007b64      0x188 ./Utilities/stm32_tiny_vsnprintf.o
                0x0000000008007b64                tiny_vsnprintf_like
 .text.memset   0x0000000008007cec       0x10 C:/ST/STM32CubeIDE_1.14.0/STM32CubeIDE/plugins/com.st.stm32cube.ide.mcu.externaltools.gnu-tools-for-stm32.11.3.rel1.win32_1.1.100.202309141235/tools/bin/../lib/gcc/arm-none-eabi/11.3.1/../../../../arm-none-eabi/lib/thumb/v7e-m/nofp\libc_nano.a(libc_a-memset.o)
                0x0000000008007cec                memset
 .text.strncmp  0x0000000008007cfc       0x24 C:/ST/STM32CubeIDE_1.14.0/STM32CubeIDE/plugins/com.st.stm32cube.ide.mcu.externaltools.gnu-tools-for-stm32.11.3.rel1.win32_1.1.100.202309141235/tools/bin/../lib/gcc/arm-none-eabi/11.3.1/../../../../arm-none-eabi/lib/thumb/v7e-m/nofp\libc_nano.a(libc_a-strncmp.o)
                0x0000000008007cfc                strncmp
 .text.__libc_init_array
                0x0000000008007d20       0x48 C:/ST/STM32CubeIDE_1.14.0/STM32CubeIDE/plugins/com.st.stm32cube.ide.mcu.externaltools.gnu-tools-for-stm32.11.3.rel1.win32_1.1.100.202309141235/tools/bin/../lib/gcc/arm-none-eabi/11.3.1/../../../../arm-none-eabi/lib/thumb/v7e-m/nofp\libc_nano.a(libc_a-init.o)
                0x0000000008007d20                __libc_init_array
 .text.memcpy   0x0000000008007d68       0x1c C:/ST/STM32CubeIDE_1.14.0/STM32CubeIDE/plugins/com.st.stm32cube.ide.mcu.externaltools.gnu-tools-for-stm32.11.3.rel1.win32_1.1.100.202309141235/tools/bin/../lib/gcc/arm-none-eabi/11.3.1/../../../../arm-none-eabi/lib/thumb/v7e-m/nofp\libc_nano.a(libc_a-memcpy-stub.o)
                0x0000000008007d68                memcpy
 *(.glue_7)
 .glue_7        0x0000000008007d84        0x0 linker stubs
 *(.glue_7t)
 .glue_7t       0x0000000008007d84        0x0 linker stubs
 *(.eh_frame)
 .eh_frame      0x0000000008007d84        0x0 C:/ST/STM32CubeIDE_1.14.0/STM32CubeIDE/plugins/com.st.stm32cube.ide.mcu.externaltools.gnu-tools-for-stm32.11.3.rel1.win32_1.1.100.202309141235/tools/bin/../lib/gcc/arm-none-eabi/11.3.1/thumb/v7e-m/nofp/crtbegin.o
 *(.init)
 .init          0x0000000008007d84        0x4 C:/ST/STM32CubeIDE_1.14.0/STM32CubeIDE/plugins/com.st.stm32cube.ide.mcu.externaltools.gnu-tools-for-stm32.11.3.rel1.win32_1.1.100.202309141235/tools/bin/../lib/gcc/arm-none-eabi/11.3.1/thumb/v7e-m/nofp/crti.o
                0x0000000008007d84                _init
 .init          0x0000000008007d88        0x8 C:/ST/STM32CubeIDE_1.14.0/STM32CubeIDE/plugins/com.st.stm32cube.ide.mcu.externaltools.gnu-tools-for-stm32.11.3.rel1.win32_1.1.100.202309141235/tools/bin/../lib/gcc/arm-none-eabi/11.3.1/thumb/v7e-m/nofp/crtn.o
 *(.fini)
 .fini          0x0000000008007d90        0x4 C:/ST/STM32CubeIDE_1.14.0/STM32CubeIDE/plugins/com.st.stm32cube.ide.mcu.externaltools.gnu-tools-for-stm32.11.3.rel1.win32_1.1.100.202309141235/tools/bin/../lib/gcc/arm-none-eabi/11.3.1/thumb/v7e-m/nofp/crti.o
                0x0000000008007d90                _fini
 .fini          0x0000000008007d94        0x8 C:/ST/STM32CubeIDE_1.14.0/STM32CubeIDE/plugins/com.st.stm32cube.ide.mcu.externaltools.gnu-tools-for-stm32.11.3.rel1.win32_1.1.100.202309141235/tools/bin/../lib/gcc/arm-none-eabi/11.3.1/thumb/v7e-m/nofp/crtn.o
                0x0000000008007da0                . = ALIGN (0x8)
 *fill*         0x0000000008007d9c        0x4 
                0x0000000008007da0                _etext = .

.vfp11_veneer   0x0000000008007da0        0x0
 .vfp11_veneer  0x0000000008007da0        0x0 linker stubs

.v4_bx          0x0000000008007da0        0x0
 .v4_bx         0x0000000008007da0        0x0 linker stubs

.iplt           0x0000000008007da0        0x0
 .iplt          0x0000000008007da0        0x0 C:/ST/STM32CubeIDE_1.14.0/STM32CubeIDE/plugins/com.st.stm32cube.ide.mcu.externaltools.gnu-tools-for-stm32.11.3.rel1.win32_1.1.100.202309141235/tools/bin/../lib/gcc/arm-none-eabi/11.3.1/thumb/v7e-m/nofp/crtbegin.o

.rodata         0x0000000008007da0      0x558
                0x0000000008007da0                . = ALIGN (0x8)
 *(.rodata)
 .rodata        0x0000000008007da0       0x1c ./Drivers/STM32WLxx_HAL_Driver/stm32wlxx_hal_rcc.o
 .rodata        0x0000000008007dbc       0x10 ./Middlewares/SubGHz_Phy/radio.o
 .rodata        0x0000000008007dcc       0x11 ./Middlewares/SubGHz_Phy/radio_driver.o
 *(.rodata*)
 *fill*         0x0000000008007ddd        0x3 
 .rodata.UTIL_PowerDriver
                0x0000000008007de0       0x18 ./Application/User/Core/stm32_lpm_if.o
                0x0000000008007de0                UTIL_PowerDriver
 .rodata.TimestampNow.str1.4
                0x0000000008007df8        0x9 ./Application/User/Core/sys_app.o
 *fill*         0x0000000008007e01        0x3 
 .rodata.UTIL_SYSTIMDriver
                0x0000000008007e04       0x14 ./Application/User/Core/timer_if.o
                0x0000000008007e04                UTIL_SYSTIMDriver
 .rodata.UTIL_TimerDriver
                0x0000000008007e18       0x2c ./Application/User/Core/timer_if.o
                0x0000000008007e18                UTIL_TimerDriver
 .rodata.UTIL_TraceDriver
                0x0000000008007e44       0x10 ./Application/User/Core/usart_if.o
                0x0000000008007e44                UTIL_TraceDriver
 .rodata.PingPong_Process.str1.4
                0x0000000008007e54       0x83 ./Application/User/SubGHz_Phy/App/subghz_phy_app.o
 *fill*         0x0000000008007ed7        0x1 
 .rodata.OnRxError.str1.4
                0x0000000008007ed8        0xc ./Application/User/SubGHz_Phy/App/subghz_phy_app.o
 .rodata.OnRxTimeout.str1.4
                0x0000000008007ee4        0xe ./Application/User/SubGHz_Phy/App/subghz_phy_app.o
 *fill*         0x0000000008007ef2        0x2 
 .rodata.OnTxTimeout.str1.4
                0x0000000008007ef4        0xe ./Application/User/SubGHz_Phy/App/subghz_phy_app.o
 *fill*         0x0000000008007f02        0x2 
 .rodata.OnRxDone.str1.4
                0x0000000008007f04       0x49 ./Application/User/SubGHz_Phy/App/subghz_phy_app.o
                                         0x4f (size before relaxing)
 *fill*         0x0000000008007f4d        0x3 
 .rodata.OnTxDone.str1.4
                0x0000000008007f50        0xb ./Application/User/SubGHz_Phy/App/subghz_phy_app.o
 *fill*         0x0000000008007f5b        0x1 
 .rodata.SubghzApp_Init.str1.4
                0x0000000008007f5c       0xbe ./Application/User/SubGHz_Phy/App/subghz_phy_app.o
 *fill*         0x000000000800801a        0x2 
 .rodata.AHBPrescTable
                0x000000000800801c       0x40 ./Drivers/CMSIS/system_stm32wlxx.o
                0x000000000800801c                AHBPrescTable
 .rodata.APBPrescTable
                0x000000000800805c       0x20 ./Drivers/CMSIS/system_stm32wlxx.o
                0x000000000800805c                APBPrescTable
 .rodata.MSIRangeTable
                0x000000000800807c       0x40 ./Drivers/CMSIS/system_stm32wlxx.o
                0x000000000800807c                MSIRangeTable
 .rodata.UARTPrescTable
                0x00000000080080bc       0x18 ./Drivers/STM32WLxx_HAL_Driver/stm32wlxx_hal_uart.o
                0x00000000080080bc                UARTPrescTable
 .rodata.denominator.0
                0x00000000080080d4        0x8 ./Drivers/STM32WLxx_HAL_Driver/stm32wlxx_hal_uart_ex.o
 .rodata.numerator.1
                0x00000000080080dc        0x8 ./Drivers/STM32WLxx_HAL_Driver/stm32wlxx_hal_uart_ex.o
 .rodata.RadioIrqProcess.str1.4
                0x00000000080080e4       0x54 ./Middlewares/SubGHz_Phy/radio.o
 .rodata.RadioSend.str1.4
                0x0000000008008138       0x15 ./Middlewares/SubGHz_Phy/radio.o
 *fill*         0x000000000800814d        0x3 
 .rodata.Bandwidths
                0x0000000008008150        0x3 ./Middlewares/SubGHz_Phy/radio.o
                0x0000000008008150                Bandwidths
 *fill*         0x0000000008008153        0x1 
 .rodata.Radio  0x0000000008008154       0x8c ./Middlewares/SubGHz_Phy/radio.o
                0x0000000008008154                Radio
 .rodata.FskBandwidths
                0x00000000080081e0       0xb0 ./Middlewares/SubGHz_Phy/radio_driver.o
 .rodata.SEQ_clz_table_4bit
                0x0000000008008290       0x10 ./Utilities/stm32_seq.o
                0x0000000008008290                SEQ_clz_table_4bit
 .rodata.ee_number.str1.4
                0x00000000080082a0       0x4d ./Utilities/stm32_tiny_vsnprintf.o
 *fill*         0x00000000080082ed        0x3 
 .rodata.tiny_vsnprintf_like.str1.4
                0x00000000080082f0        0x7 ./Utilities/stm32_tiny_vsnprintf.o
                0x00000000080082f8                . = ALIGN (0x8)
 *fill*         0x00000000080082f7        0x1 

.ARM.extab      0x00000000080082f8        0x0
                0x00000000080082f8                . = ALIGN (0x8)
 *(.ARM.extab* .gnu.linkonce.armextab.*)
                0x00000000080082f8                . = ALIGN (0x8)

.ARM            0x00000000080082f8        0x8
                0x00000000080082f8                . = ALIGN (0x8)
                0x00000000080082f8                __exidx_start = .
 *(.ARM.exidx*)
 .ARM.exidx     0x00000000080082f8        0x8 C:/ST/STM32CubeIDE_1.14.0/STM32CubeIDE/plugins/com.st.stm32cube.ide.mcu.externaltools.gnu-tools-for-stm32.11.3.rel1.win32_1.1.100.202309141235/tools/bin/../lib/gcc/arm-none-eabi/11.3.1/thumb/v7e-m/nofp\libgcc.a(_udivmoddi4.o)
                0x0000000008008300                __exidx_end = .
                0x0000000008008300                . = ALIGN (0x8)

.rel.dyn        0x0000000008008300        0x0
 .rel.iplt      0x0000000008008300        0x0 C:/ST/STM32CubeIDE_1.14.0/STM32CubeIDE/plugins/com.st.stm32cube.ide.mcu.externaltools.gnu-tools-for-stm32.11.3.rel1.win32_1.1.100.202309141235/tools/bin/../lib/gcc/arm-none-eabi/11.3.1/thumb/v7e-m/nofp/crtbegin.o

.preinit_array  0x0000000008008300        0x0
                0x0000000008008300                . = ALIGN (0x8)
                0x0000000008008300                PROVIDE (__preinit_array_start = .)
 *(.preinit_array*)
                0x0000000008008300                PROVIDE (__preinit_array_end = .)
                0x0000000008008300                . = ALIGN (0x8)

.init_array     0x0000000008008300        0x8
                0x0000000008008300                . = ALIGN (0x8)
                0x0000000008008300                PROVIDE (__init_array_start = .)
 *(SORT_BY_NAME(.init_array.*))
 *(.init_array*)
 .init_array    0x0000000008008300        0x4 C:/ST/STM32CubeIDE_1.14.0/STM32CubeIDE/plugins/com.st.stm32cube.ide.mcu.externaltools.gnu-tools-for-stm32.11.3.rel1.win32_1.1.100.202309141235/tools/bin/../lib/gcc/arm-none-eabi/11.3.1/thumb/v7e-m/nofp/crtbegin.o
                0x0000000008008304                PROVIDE (__init_array_end = .)
                0x0000000008008308                . = ALIGN (0x8)
 *fill*         0x0000000008008304        0x4 

.fini_array     0x0000000008008308        0x8
                0x0000000008008308                . = ALIGN (0x8)
                [!provide]                        PROVIDE (__fini_array_start = .)
 *(SORT_BY_NAME(.fini_array.*))
 *(.fini_array*)
 .fini_array    0x0000000008008308        0x4 C:/ST/STM32CubeIDE_1.14.0/STM32CubeIDE/plugins/com.st.stm32cube.ide.mcu.externaltools.gnu-tools-for-stm32.11.3.rel1.win32_1.1.100.202309141235/tools/bin/../lib/gcc/arm-none-eabi/11.3.1/thumb/v7e-m/nofp/crtbegin.o
                [!provide]                        PROVIDE (__fini_array_end = .)
                0x0000000008008310                . = ALIGN (0x8)
 *fill*         0x000000000800830c        0x4 
                0x0000000008008310                _sidata = LOADADDR (.data)

.data           0x0000000020000000       0x18 load address 0x0000000008008310
                0x0000000020000000                . = ALIGN (0x8)
                0x0000000020000000                _sdata = .
 *(.data)
 *(.data*)
 .data.isMaster
                0x0000000020000000        0x1 ./Application/User/SubGHz_Phy/App/subghz_phy_app.o
                0x0000000020000000                isMaster
 *fill*         0x0000000020000001        0x3 
 .data.SystemCoreClock
                0x0000000020000004        0x4 ./Drivers/CMSIS/system_stm32wlxx.o
                0x0000000020000004                SystemCoreClock
 .data.uwTickPrio
                0x0000000020000008        0x4 ./Drivers/STM32WLxx_HAL_Driver/stm32wlxx_hal.o
                0x0000000020000008                uwTickPrio
 .data.MaxPayloadLength
                0x000000002000000c        0x1 ./Middlewares/SubGHz_Phy/radio.o
 *fill*         0x000000002000000d        0x3 
 .data.SuperMask
                0x0000000020000010        0x4 ./Utilities/stm32_seq.o
 .data.TaskMask
                0x0000000020000014        0x4 ./Utilities/stm32_seq.o
 *(.RamFunc)
 *(.RamFunc*)
                0x0000000020000018                . = ALIGN (0x8)
                0x0000000020000018                _edata = .

.igot.plt       0x0000000020000018        0x0 load address 0x0000000008008328
 .igot.plt      0x0000000020000018        0x0 C:/ST/STM32CubeIDE_1.14.0/STM32CubeIDE/plugins/com.st.stm32cube.ide.mcu.externaltools.gnu-tools-for-stm32.11.3.rel1.win32_1.1.100.202309141235/tools/bin/../lib/gcc/arm-none-eabi/11.3.1/thumb/v7e-m/nofp/crtbegin.o
                0x0000000020000018                . = ALIGN (0x8)

.bss            0x0000000020000018      0x8e8 load address 0x0000000008008328
                0x0000000020000018                _sbss = .
                0x0000000020000018                __bss_start__ = _sbss
 *(.bss)
 .bss           0x0000000020000018       0x1c C:/ST/STM32CubeIDE_1.14.0/STM32CubeIDE/plugins/com.st.stm32cube.ide.mcu.externaltools.gnu-tools-for-stm32.11.3.rel1.win32_1.1.100.202309141235/tools/bin/../lib/gcc/arm-none-eabi/11.3.1/thumb/v7e-m/nofp/crtbegin.o
 *(.bss*)
 .bss.hrtc      0x0000000020000034       0x38 ./Application/User/Core/rtc.o
                0x0000000020000034                hrtc
 .bss.hsubghz   0x000000002000006c        0xc ./Application/User/Core/subghz.o
                0x000000002000006c                hsubghz
 .bss.SYS_TimerInitialisedFlag
                0x0000000020000078        0x1 ./Application/User/Core/sys_app.o
 .bss.RTC_Initialized
                0x0000000020000079        0x1 ./Application/User/Core/timer_if.o
 *fill*         0x000000002000007a        0x2 
 .bss.RtcTimerContext
                0x000000002000007c        0x4 ./Application/User/Core/timer_if.o
 .bss.hdma_usart2_rx
                0x0000000020000080       0x60 ./Application/User/Core/usart.o
                0x0000000020000080                hdma_usart2_rx
 .bss.hdma_usart2_tx
                0x00000000200000e0       0x60 ./Application/User/Core/usart.o
                0x00000000200000e0                hdma_usart2_tx
 .bss.huart2    0x0000000020000140       0x94 ./Application/User/Core/usart.o
                0x0000000020000140                huart2
 .bss.RxCpltCallback
                0x00000000200001d4        0x4 ./Application/User/Core/usart_if.o
 .bss.TxCpltCallback
                0x00000000200001d8        0x4 ./Application/User/Core/usart_if.o
 .bss.charRx    0x00000000200001dc        0x1 ./Application/User/Core/usart_if.o
                0x00000000200001dc                charRx
 *fill*         0x00000000200001dd        0x3 
 .bss.BufferRx  0x00000000200001e0       0xff ./Application/User/SubGHz_Phy/App/subghz_phy_app.o
 *fill*         0x00000000200002df        0x1 
 .bss.BufferTx  0x00000000200002e0       0xff ./Application/User/SubGHz_Phy/App/subghz_phy_app.o
 *fill*         0x00000000200003df        0x1 
 .bss.RadioEvents
                0x00000000200003e0       0x1c ./Application/User/SubGHz_Phy/App/subghz_phy_app.o
 .bss.RssiValue
                0x00000000200003fc        0x1 ./Application/User/SubGHz_Phy/App/subghz_phy_app.o
                0x00000000200003fc                RssiValue
 *fill*         0x00000000200003fd        0x1 
 .bss.RxBufferSize
                0x00000000200003fe        0x2 ./Application/User/SubGHz_Phy/App/subghz_phy_app.o
                0x00000000200003fe                RxBufferSize
 .bss.SnrValue  0x0000000020000400        0x1 ./Application/User/SubGHz_Phy/App/subghz_phy_app.o
                0x0000000020000400                SnrValue
 .bss.State     0x0000000020000401        0x1 ./Application/User/SubGHz_Phy/App/subghz_phy_app.o
 *fill*         0x0000000020000402        0x2 
 .bss.random_delay
                0x0000000020000404        0x4 ./Application/User/SubGHz_Phy/App/subghz_phy_app.o
 .bss.timerLed  0x0000000020000408       0x18 ./Application/User/SubGHz_Phy/App/subghz_phy_app.o
 .bss.RadioBuffer
                0x0000000020000420       0xff ./Middlewares/SubGHz_Phy/radio.o
 *fill*         0x000000002000051f        0x1 
 .bss.RadioEvents
                0x0000000020000520        0x4 ./Middlewares/SubGHz_Phy/radio.o
 .bss.RxTimeoutTimer
                0x0000000020000524       0x18 ./Middlewares/SubGHz_Phy/radio.o
                0x0000000020000524                RxTimeoutTimer
 .bss.SubgRf    0x000000002000053c       0x5c ./Middlewares/SubGHz_Phy/radio.o
                0x000000002000053c                SubgRf
 .bss.TxTimeoutTimer
                0x0000000020000598       0x18 ./Middlewares/SubGHz_Phy/radio.o
                0x0000000020000598                TxTimeoutTimer
 .bss.FrequencyError
                0x00000000200005b0        0x4 ./Middlewares/SubGHz_Phy/radio_driver.o
                0x00000000200005b0                FrequencyError
 .bss.ImageCalibrated
                0x00000000200005b4        0x1 ./Middlewares/SubGHz_Phy/radio_driver.o
 .bss.LoRaHeaderType
                0x00000000200005b5        0x1 ./Middlewares/SubGHz_Phy/radio_driver.o
 .bss.OperatingMode
                0x00000000200005b6        0x1 ./Middlewares/SubGHz_Phy/radio_driver.o
 .bss.PacketType
                0x00000000200005b7        0x1 ./Middlewares/SubGHz_Phy/radio_driver.o
 .bss.RadioOnDioIrqCb
                0x00000000200005b8        0x4 ./Middlewares/SubGHz_Phy/radio_driver.o
 .bss.ADV_TRACE_Buffer
                0x00000000200005bc      0x200 ./Utilities/stm32_adv_trace.o
 .bss.ADV_TRACE_Ctx
                0x00000000200007bc       0x18 ./Utilities/stm32_adv_trace.o
 .bss.sztmp     0x00000000200007d4      0x100 ./Utilities/stm32_adv_trace.o
 .bss.OffModeDisable
                0x00000000200008d4        0x4 ./Utilities/stm32_lpm.o
 .bss.StopModeDisable
                0x00000000200008d8        0x4 ./Utilities/stm32_lpm.o
 .bss.CurrentTaskIdx
                0x00000000200008dc        0x4 ./Utilities/stm32_seq.o
 .bss.EvtSet    0x00000000200008e0        0x4 ./Utilities/stm32_seq.o
 .bss.EvtWaited
                0x00000000200008e4        0x4 ./Utilities/stm32_seq.o
 .bss.TaskCb    0x00000000200008e8        0x4 ./Utilities/stm32_seq.o
 .bss.TaskPrio  0x00000000200008ec        0x8 ./Utilities/stm32_seq.o
 .bss.TaskSet   0x00000000200008f4        0x4 ./Utilities/stm32_seq.o
 .bss.TimerListHead
                0x00000000200008f8        0x4 ./Utilities/stm32_timer.o
 *(COMMON)
                0x0000000020000900                . = ALIGN (0x8)
 *fill*         0x00000000200008fc        0x4 
                0x0000000020000900                _ebss = .
                0x0000000020000900                __bss_end__ = _ebss
                0x0000000020000900                . = ALIGN (0x8)

RAM1_region     0x0000000020000900        0x0 load address 0x0000000008008328
                0x0000000020000900                _sRAM1_region = .
 *(.RAM1_region)
                0x0000000020000900                . = ALIGN (0x8)
                0x0000000020000900                _eRAM1_region = .
                0x0000000020000900                . = ALIGN (0x8)

RAM2_region     0x0000000020008000        0x0
                0x0000000020008000                _sRAM2_region = .
 *(.RAM2_region)
                0x0000000020008000                . = ALIGN (0x8)
                0x0000000020008000                _eRAM2_region = .

._user_heap_stack
                0x0000000020000900      0xa00
                0x0000000020000900                . = ALIGN (0x8)
                [!provide]                        PROVIDE (end = .)
                0x0000000020000900                PROVIDE (_end = .)
                0x0000000020000b00                . = (. + _Min_Heap_Size)
 *fill*         0x0000000020000900      0x200 
                0x0000000020001300                . = (. + _Min_Stack_Size)
 *fill*         0x0000000020000b00      0x800 
                0x0000000020001300                . = ALIGN (0x8)

/DISCARD/
 libc.a(*)
 libm.a(*)
 libgcc.a(*)

.ARM.attributes
                0x0000000000000000       0x2a
 *(.ARM.attributes)
 .ARM.attributes
                0x0000000000000000       0x1e C:/ST/STM32CubeIDE_1.14.0/STM32CubeIDE/plugins/com.st.stm32cube.ide.mcu.externaltools.gnu-tools-for-stm32.11.3.rel1.win32_1.1.100.202309141235/tools/bin/../lib/gcc/arm-none-eabi/11.3.1/thumb/v7e-m/nofp/crti.o
 .ARM.attributes
                0x000000000000001e       0x2e C:/ST/STM32CubeIDE_1.14.0/STM32CubeIDE/plugins/com.st.stm32cube.ide.mcu.externaltools.gnu-tools-for-stm32.11.3.rel1.win32_1.1.100.202309141235/tools/bin/../lib/gcc/arm-none-eabi/11.3.1/thumb/v7e-m/nofp/crtbegin.o
 .ARM.attributes
                0x000000000000004c       0x2e ./Application/User/Core/dma.o
 .ARM.attributes
                0x000000000000007a       0x2e ./Application/User/Core/gpio.o
 .ARM.attributes
                0x00000000000000a8       0x2e ./Application/User/Core/main.o
 .ARM.attributes
                0x00000000000000d6       0x2e ./Application/User/Core/rtc.o
 .ARM.attributes
                0x0000000000000104       0x2e ./Application/User/Core/stm32_lpm_if.o
 .ARM.attributes
                0x0000000000000132       0x2e ./Application/User/Core/stm32wlxx_hal_msp.o
 .ARM.attributes
                0x0000000000000160       0x2e ./Application/User/Core/stm32wlxx_it.o
 .ARM.attributes
                0x000000000000018e       0x2e ./Application/User/Core/subghz.o
 .ARM.attributes
                0x00000000000001bc       0x2e ./Application/User/Core/sys_app.o
 .ARM.attributes
                0x00000000000001ea       0x2e ./Application/User/Core/sys_debug.o
 .ARM.attributes
                0x0000000000000218       0x2e ./Application/User/Core/timer_if.o
 .ARM.attributes
                0x0000000000000246       0x2e ./Application/User/Core/usart.o
 .ARM.attributes