Archive member included to satisfy reference by file (symbol)

C:/ST/STM32CubeIDE_1.14.0/STM32CubeIDE/plugins/com.st.stm32cube.ide.mcu.externaltools.gnu-tools-for-stm32.11.3.rel1.win32_1.1.100.202309141235/tools/bin/../lib/gcc/arm-none-eabi/11.3.1/../../../../arm-none-eabi/lib/thumb/v7e-m/nofp\libc_nano.a(libc_a-exit.o)
                              C:/ST/STM32CubeIDE_1.14.0/STM32CubeIDE/plugins/com.st.stm32cube.ide.mcu.externaltools.gnu-tools-for-stm32.11.3.rel1.win32_1.1.100.202309141235/tools/bin/../lib/gcc/arm-none-eabi/11.3.1/../../../../arm-none-eabi/lib/thumb/v7e-m/nofp/crt0.o (exit)
C:/ST/STM32CubeIDE_1.14.0/STM32CubeIDE/plugins/com.st.stm32cube.ide.mcu.externaltools.gnu-tools-for-stm32.11.3.rel1.win32_1.1.100.202309141235/tools/bin/../lib/gcc/arm-none-eabi/11.3.1/../../../../arm-none-eabi/lib/thumb/v7e-m/nofp\libc_nano.a(libc_a-rand.o)
                              ./Application/User/SubGHz_Phy/App/subghz_phy_app.o (rand)
C:/ST/STM32CubeIDE_1.14.0/STM32CubeIDE/plugins/com.st.stm32cube.ide.mcu.externaltools.gnu-tools-for-stm32.11.3.rel1.win32_1.1.100.202309141235/tools/bin/../lib/gcc/arm-none-eabi/11.3.1/../../../../arm-none-eabi/lib/thumb/v7e-m/nofp\libc_nano.a(libc_a-findfp.o)
                              C:/ST/STM32CubeIDE_1.14.0/STM32CubeIDE/plugins/com.st.stm32cube.ide.mcu.externaltools.gnu-tools-for-stm32.11.3.rel1.win32_1.1.100.202309141235/tools/bin/../lib/gcc/arm-none-eabi/11.3.1/../../../../arm-none-eabi/lib/thumb/v7e-m/nofp\libc_nano.a(libc_a-exit.o) (__stdio_exit_handler)
C:/ST/STM32CubeIDE_1.14.0/STM32CubeIDE/plugins/com.st.stm32cube.ide.mcu.externaltools.gnu-tools-for-stm32.11.3.rel1.win32_1.1.100.202309141235/tools/bin/../lib/gcc/arm-none-eabi/11.3.1/../../../../arm-none-eabi/lib/thumb/v7e-m/nofp\libc_nano.a(libc_a-fwalk.o)
                              C:/ST/STM32CubeIDE_1.14.0/STM32CubeIDE/plugins/com.st.stm32cube.ide.mcu.externaltools.gnu-tools-for-stm32.11.3.rel1.win32_1.1.100.202309141235/tools/bin/../lib/gcc/arm-none-eabi/11.3.1/../../../../arm-none-eabi/lib/thumb/v7e-m/nofp\libc_nano.a(libc_a-findfp.o) (_fwalk_sglue)
C:/ST/STM32CubeIDE_1.14.0/STM32CubeIDE/plugins/com.st.stm32cube.ide.mcu.externaltools.gnu-tools-for-stm32.11.3.rel1.win32_1.1.100.202309141235/tools/bin/../lib/gcc/arm-none-eabi/11.3.1/../../../../arm-none-eabi/lib/thumb/v7e-m/nofp\libc_nano.a(libc_a-sprintf.o)
                              ./Application/User/SubGHz_Phy/App/subghz_phy_app.o (sprintf)
C:/ST/STM32CubeIDE_1.14.0/STM32CubeIDE/plugins/com.st.stm32cube.ide.mcu.externaltools.gnu-tools-for-stm32.11.3.rel1.win32_1.1.100.202309141235/tools/bin/../lib/gcc/arm-none-eabi/11.3.1/../../../../arm-none-eabi/lib/thumb/v7e-m/nofp\libc_nano.a(libc_a-stdio.o)
                              C:/ST/STM32CubeIDE_1.14.0/STM32CubeIDE/plugins/com.st.stm32cube.ide.mcu.externaltools.gnu-tools-for-stm32.11.3.rel1.win32_1.1.100.202309141235/tools/bin/../lib/gcc/arm-none-eabi/11.3.1/../../../../arm-none-eabi/lib/thumb/v7e-m/nofp\libc_nano.a(libc_a-findfp.o) (__sread)
C:/ST/STM32CubeIDE_1.14.0/STM32CubeIDE/plugins/com.st.stm32cube.ide.mcu.externaltools.gnu-tools-for-stm32.11.3.rel1.win32_1.1.100.202309141235/tools/bin/../lib/gcc/arm-none-eabi/11.3.1/../../../../arm-none-eabi/lib/thumb/v7e-m/nofp\libc_nano.a(libc_a-memset.o)
                              C:/ST/STM32CubeIDE_1.14.0/STM32CubeIDE/plugins/com.st.stm32cube.ide.mcu.externaltools.gnu-tools-for-stm32.11.3.rel1.win32_1.1.100.202309141235/tools/bin/../lib/gcc/arm-none-eabi/11.3.1/../../../../arm-none-eabi/lib/thumb/v7e-m/nofp/crt0.o (memset)
C:/ST/STM32CubeIDE_1.14.0/STM32CubeIDE/plugins/com.st.stm32cube.ide.mcu.externaltools.gnu-tools-for-stm32.11.3.rel1.win32_1.1.100.202309141235/tools/bin/../lib/gcc/arm-none-eabi/11.3.1/../../../../arm-none-eabi/lib/thumb/v7e-m/nofp\libc_nano.a(libc_a-strcat.o)
                              ./Application/User/SubGHz_Phy/App/subghz_phy_app.o (strcat)
C:/ST/STM32CubeIDE_1.14.0/STM32CubeIDE/plugins/com.st.stm32cube.ide.mcu.externaltools.gnu-tools-for-stm32.11.3.rel1.win32_1.1.100.202309141235/tools/bin/../lib/gcc/arm-none-eabi/11.3.1/../../../../arm-none-eabi/lib/thumb/v7e-m/nofp\libc_nano.a(libc_a-strncmp.o)
                              ./Application/User/SubGHz_Phy/App/subghz_phy_app.o (strncmp)
C:/ST/STM32CubeIDE_1.14.0/STM32CubeIDE/plugins/com.st.stm32cube.ide.mcu.externaltools.gnu-tools-for-stm32.11.3.rel1.win32_1.1.100.202309141235/tools/bin/../lib/gcc/arm-none-eabi/11.3.1/../../../../arm-none-eabi/lib/thumb/v7e-m/nofp\libc_nano.a(libc_a-closer.o)
                              C:/ST/STM32CubeIDE_1.14.0/STM32CubeIDE/plugins/com.st.stm32cube.ide.mcu.externaltools.gnu-tools-for-stm32.11.3.rel1.win32_1.1.100.202309141235/tools/bin/../lib/gcc/arm-none-eabi/11.3.1/../../../../arm-none-eabi/lib/thumb/v7e-m/nofp\libc_nano.a(libc_a-stdio.o) (_close_r)
[...]
Memory Configuration

Name             Origin             Length             Attributes
RAM1             0x0000000020000000 0x0000000000008000 xrw
RAM2             0x0000000020008000 0x0000000000008000 xrw
FLASH            0x0000000008000000 0x0000000000040000 xr
*default*        0x0000000000000000 0xffffffffffffffff

Linker script and memory map

LOAD C:/ST/STM32CubeIDE_1.14.0/STM32CubeIDE/plugins/com.st.stm32cube.ide.mcu.externaltools.gnu-tools-for-stm32.11.3.rel1.win32_1.1.100.202309141235/tools/bin/../lib/gcc/arm-none-eabi/11.3.1/thumb/v7e-m/nofp/crti.o
LOAD C:/ST/STM32CubeIDE_1.14.0/STM32CubeIDE/plugins/com.st.stm32cube.ide.mcu.externaltools.gnu-tools-for-stm32.11.3.rel1.win32_1.1.100.202309141235/tools/bin/../lib/gcc/arm-none-eabi/11.3.1/thumb/v7e-m/nofp/crtbegin.o
LOAD C:/ST/STM32CubeIDE_1.14.0/STM32CubeIDE/plugins/com.st.stm32cube.ide.mcu.externaltools.gnu-tools-for-stm32.11.3.rel1.win32_1.1.100.202309141235/tools/bin/../lib/gcc/arm-none-eabi/11.3.1/../../../../arm-none-eabi/lib/thumb/v7e-m/nofp/crt0.o
LOAD ./Application/User/Core/dma.o
LOAD ./Application/User/Core/gpio.o
LOAD ./Application/User/Core/main.o
LOAD ./Application/User/Core/rtc.o
LOAD ./Application/User/Core/stm32_lpm_if.o
LOAD ./Application/User/Core/stm32wlxx_hal_msp.o
LOAD ./Application/User/Core/stm32wlxx_it.o
LOAD ./Application/User/Core/subghz.o
LOAD ./Application/User/Core/sys_app.o
LOAD ./Application/User/Core/sys_debug.o
LOAD ./Application/User/Core/syscalls.o
LOAD ./Application/User/Core/sysmem.o
LOAD ./Application/User/Core/timer_if.o
LOAD ./Application/User/Core/usart.o
LOAD ./Application/User/Core/usart_if.o
LOAD ./Application/User/Startup/startup_stm32wl55jcix.o
LOAD ./Application/User/SubGHz_Phy/App/app_subghz_phy.o
LOAD ./Application/User/SubGHz_Phy/App/subghz_phy_app.o
LOAD ./Application/User/SubGHz_Phy/Target/radio_board_if.o
LOAD ./Drivers/BSP/STM32WLxx_Nucleo/stm32wlxx_nucleo.o
LOAD ./Drivers/BSP/STM32WLxx_Nucleo/stm32wlxx_nucleo_radio.o
LOAD ./Drivers/CMSIS/system_stm32wlxx.o
LOAD ./Drivers/STM32WLxx_HAL_Driver/stm32wlxx_hal.o
LOAD ./Drivers/STM32WLxx_HAL_Driver/stm32wlxx_hal_cortex.o
LOAD ./Drivers/STM32WLxx_HAL_Driver/stm32wlxx_hal_dma.o
LOAD ./Drivers/STM32WLxx_HAL_Driver/stm32wlxx_hal_dma_ex.o
LOAD ./Drivers/STM32WLxx_HAL_Driver/stm32wlxx_hal_exti.o
LOAD ./Drivers/STM32WLxx_HAL_Driver/stm32wlxx_hal_flash.o
LOAD ./Drivers/STM32WLxx_HAL_Driver/stm32wlxx_hal_flash_ex.o
LOAD ./Drivers/STM32WLxx_HAL_Driver/stm32wlxx_hal_gpio.o
LOAD ./Drivers/STM32WLxx_HAL_Driver/stm32wlxx_hal_pwr.o
LOAD ./Drivers/STM32WLxx_HAL_Driver/stm32wlxx_hal_pwr_ex.o
LOAD ./Drivers/STM32WLxx_HAL_Driver/stm32wlxx_hal_rcc.o
LOAD ./Drivers/STM32WLxx_HAL_Driver/stm32wlxx_hal_rcc_ex.o
LOAD ./Drivers/STM32WLxx_HAL_Driver/stm32wlxx_hal_rtc.o
LOAD ./Drivers/STM32WLxx_HAL_Driver/stm32wlxx_hal_rtc_ex.o
LOAD ./Drivers/STM32WLxx_HAL_Driver/stm32wlxx_hal_subghz.o
LOAD ./Drivers/STM32WLxx_HAL_Driver/stm32wlxx_hal_tim.o
LOAD ./Drivers/STM32WLxx_HAL_Driver/stm32wlxx_hal_tim_ex.o
LOAD ./Drivers/STM32WLxx_HAL_Driver/stm32wlxx_hal_uart.o
LOAD ./Drivers/STM32WLxx_HAL_Driver/stm32wlxx_hal_uart_ex.o
LOAD ./Middlewares/SubGHz_Phy/lr_fhss_mac.o
LOAD ./Middlewares/SubGHz_Phy/radio.o
LOAD ./Middlewares/SubGHz_Phy/radio_driver.o
LOAD ./Middlewares/SubGHz_Phy/radio_fw.o
LOAD ./Middlewares/SubGHz_Phy/wl_lr_fhss.o
LOAD ./Utilities/stm32_adv_trace.o
LOAD ./Utilities/stm32_lpm.o
LOAD ./Utilities/stm32_mem.o
LOAD ./Utilities/stm32_seq.o
LOAD ./Utilities/stm32_systime.o
LOAD ./Utilities/stm32_timer.o
LOAD ./Utilities/stm32_tiny_sscanf.o
LOAD ./Utilities/stm32_tiny_vsnprintf.o
START GROUP
LOAD C:/ST/STM32CubeIDE_1.14.0/STM32CubeIDE/plugins/com.st.stm32cube.ide.mcu.externaltools.gnu-tools-for-stm32.11.3.rel1.win32_1.1.100.202309141235/tools/bin/../lib/gcc/arm-none-eabi/11.3.1/../../../../arm-none-eabi/lib/thumb/v7e-m/nofp\libc_nano.a
LOAD C:/ST/STM32CubeIDE_1.14.0/STM32CubeIDE/plugins/com.st.stm32cube.ide.mcu.externaltools.gnu-tools-for-stm32.11.3.rel1.win32_1.1.100.202309141235/tools/bin/../lib/gcc/arm-none-eabi/11.3.1/../../../../arm-none-eabi/lib/thumb/v7e-m/nofp\libm.a
END GROUP
START GROUP
LOAD C:/ST/STM32CubeIDE_1.14.0/STM32CubeIDE/plugins/com.st.stm32cube.ide.mcu.externaltools.gnu-tools-for-stm32.11.3.rel1.win32_1.1.100.202309141235/tools/bin/../lib/gcc/arm-none-eabi/11.3.1/thumb/v7e-m/nofp\libgcc.a
LOAD C:/ST/STM32CubeIDE_1.14.0/STM32CubeIDE/plugins/com.st.stm32cube.ide.mcu.externaltools.gnu-tools-for-stm32.11.3.rel1.win32_1.1.100.202309141235/tools/bin/../lib/gcc/arm-none-eabi/11.3.1/../../../../arm-none-eabi/lib/thumb/v7e-m/nofp\libc_nano.a
END GROUP
START GROUP
LOAD C:/ST/STM32CubeIDE_1.14.0/STM32CubeIDE/plugins/com.st.stm32cube.ide.mcu.externaltools.gnu-tools-for-stm32.11.3.rel1.win32_1.1.100.202309141235/tools/bin/../lib/gcc/arm-none-eabi/11.3.1/thumb/v7e-m/nofp\libgcc.a
LOAD C:/ST/STM32CubeIDE_1.14.0/STM32CubeIDE/plugins/com.st.stm32cube.ide.mcu.externaltools.gnu-tools-for-stm32.11.3.rel1.win32_1.1.100.202309141235/tools/bin/../lib/gcc/arm-none-eabi/11.3.1/../../../../arm-none-eabi/lib/thumb/v7e-m/nofp\libc_nano.a
LOAD C:/ST/STM32CubeIDE_1.14.0/STM32CubeIDE/plugins/com.st.stm32cube.ide.mcu.externaltools.gnu-tools-for-stm32.11.3.rel1.win32_1.1.100.202309141235/tools/bin/../lib/gcc/arm-none-eabi/11.3.1/../../../../arm-none-eabi/lib/thumb/v7e-m/nofp\libnosys.a
END GROUP
START GROUP
LOAD C:/ST/STM32CubeIDE_1.14.0/STM32CubeIDE/plugins/com.st.stm32cube.ide.mcu.externaltools.gnu-tools-for-stm32.11.3.rel1.win32_1.1.100.202309141235/tools/bin/../lib/gcc/arm-none-eabi/11.3.1/thumb/v7e-m/nofp\libgcc.a
LOAD C:/ST/STM32CubeIDE_1.14.0/STM32CubeIDE/plugins/com.st.stm32cube.ide.mcu.externaltools.gnu-tools-for-stm32.11.3.rel1.win32_1.1.100.202309141235/tools/bin/../lib/gcc/arm-none-eabi/11.3.1/../../../../arm-none-eabi/lib/thumb/v7e-m/nofp\libc_nano.a
LOAD C:/ST/STM32CubeIDE_1.14.0/STM32CubeIDE/plugins/com.st.stm32cube.ide.mcu.externaltools.gnu-tools-for-stm32.11.3.rel1.win32_1.1.100.202309141235/tools/bin/../lib/gcc/arm-none-eabi/11.3.1/../../../../arm-none-eabi/lib/thumb/v7e-m/nofp\libnosys.a
END GROUP
LOAD C:/ST/STM32CubeIDE_1.14.0/STM32CubeIDE/plugins/com.st.stm32cube.ide.mcu.externaltools.gnu-tools-for-stm32.11.3.rel1.win32_1.1.100.202309141235/tools/bin/../lib/gcc/arm-none-eabi/11.3.1/thumb/v7e-m/nofp/crtend.o
LOAD C:/ST/STM32CubeIDE_1.14.0/STM32CubeIDE/plugins/com.st.stm32cube.ide.mcu.externaltools.gnu-tools-for-stm32.11.3.rel1.win32_1.1.100.202309141235/tools/bin/../lib/gcc/arm-none-eabi/11.3.1/thumb/v7e-m/nofp/crtn.o
                0x0000000020008000                _estack = (ORIGIN (RAM1) + LENGTH (RAM1))
                0x0000000000000200                _Min_Heap_Size = 0x200
                0x0000000000000800                _Min_Stack_Size = 0x800

.isr_vector     0x0000000008000000      0x138
                0x0000000008000000                . = ALIGN (0x8)
 *(.isr_vector)
 .isr_vector    0x0000000008000000      0x138 ./Application/User/Startup/startup_stm32wl55jcix.o
                0x0000000008000000                g_pfnVectors
                0x0000000008000138                . = ALIGN (0x8)

.text           0x0000000008000140     0x9220
                0x0000000008000140                . = ALIGN (0x8)
 *(.text)
 .text          0x0000000008000140       0x40 C:/ST/STM32CubeIDE_1.14.0/STM32CubeIDE/plugins/com.st.stm32cube.ide.mcu.externaltools.gnu-tools-for-stm32.11.3.rel1.win32_1.1.100.202309141235/tools/bin/../lib/gcc/arm-none-eabi/11.3.1/thumb/v7e-m/nofp/crtbegin.o
 .text          0x0000000008000180       0x10 C:/ST/STM32CubeIDE_1.14.0/STM32CubeIDE/plugins/com.st.stm32cube.ide.mcu.externaltools.gnu-tools-for-stm32.11.3.rel1.win32_1.1.100.202309141235/tools/bin/../lib/gcc/arm-none-eabi/11.3.1/../../../../arm-none-eabi/lib/thumb/v7e-m/nofp\libc_nano.a(libc_a-strlen.o)
                0x0000000008000180                strlen
 .text          0x0000000008000190       0xa0 C:/ST/STM32CubeIDE_1.14.0/STM32CubeIDE/plugins/com.st.stm32cube.ide.mcu.externaltools.gnu-tools-for-stm32.11.3.rel1.win32_1.1.100.202309141235/tools/bin/../lib/gcc/arm-none-eabi/11.3.1/../../../../arm-none-eabi/lib/thumb/v7e-m/nofp\libc_nano.a(libc_a-memchr.o)
                0x0000000008000190                memchr
 .text          0x0000000008000230       0x30 C:/ST/STM32CubeIDE_1.14.0/STM32CubeIDE/plugins/com.st.stm32cube.ide.mcu.externaltools.gnu-tools-for-stm32.11.3.rel1.win32_1.1.100.202309141235/tools/bin/../lib/gcc/arm-none-eabi/11.3.1/thumb/v7e-m/nofp\libgcc.a(_aeabi_uldivmod.o)
                0x0000000008000230                __aeabi_uldivmod
 .text          0x0000000008000260      0x2c8 C:/ST/STM32CubeIDE_1.14.0/STM32CubeIDE/plugins/com.st.stm32cube.ide.mcu.externaltools.gnu-tools-for-stm32.11.3.rel1.win32_1.1.100.202309141235/tools/bin/../lib/gcc/arm-none-eabi/11.3.1/thumb/v7e-m/nofp\libgcc.a(_udivmoddi4.o)
                0x0000000008000260                __udivmoddi4
 .text          0x0000000008000528        0x4 C:/ST/STM32CubeIDE_1.14.0/STM32CubeIDE/plugins/com.st.stm32cube.ide.mcu.externaltools.gnu-tools-for-stm32.11.3.rel1.win32_1.1.100.202309141235/tools/bin/../lib/gcc/arm-none-eabi/11.3.1/thumb/v7e-m/nofp\libgcc.a(_dvmd_tls.o)
                0x0000000008000528                __aeabi_idiv0
                0x0000000008000528                __aeabi_ldiv0
 *(.text*)
 .text.MX_DMA_Init
                0x000000000800052c       0x52 ./Application/User/Core/dma.o
                0x000000000800052c                MX_DMA_Init
 *fill*         0x000000000800057e        0x2 
 .text.MX_GPIO_Init
                0x0000000008000580       0xc0 ./Application/User/Core/gpio.o
                0x0000000008000580                MX_GPIO_Init
 .text.Error_Handler
                0x0000000008000640        0x4 ./Application/User/Core/main.o
                0x0000000008000640                Error_Handler
 .text.SystemClock_Config
                0x0000000008000644       0x8e ./Application/User/Core/main.o
                0x0000000008000644                SystemClock_Config
 .text.main     0x00000000080006d2       0x18 ./Application/User/Core/main.o
                0x00000000080006d2                main
 *fill*         0x00000000080006ea        0x2 
 .text.MX_RTC_Init
                0x00000000080006ec       0x7c ./Application/User/Core/rtc.o
                0x00000000080006ec                MX_RTC_Init
 .text.HAL_RTC_MspInit
                0x0000000008000768       0x80 ./Application/User/Core/rtc.o
                0x0000000008000768                HAL_RTC_MspInit
 .text.PWR_EnterOffMode
                0x00000000080007e8        0x2 ./Application/User/Core/stm32_lpm_if.o
                0x00000000080007e8                PWR_EnterOffMode
 .text.PWR_ExitOffMode
                0x00000000080007ea        0x2 ./Application/User/Core/stm32_lpm_if.o
                0x00000000080007ea                PWR_ExitOffMode
 .text.PWR_EnterStopMode
                0x00000000080007ec       0x18 ./Application/User/Core/stm32_lpm_if.o
                0x00000000080007ec                PWR_EnterStopMode
 .text.PWR_ExitSleepMode
                0x0000000008000804        0x8 ./Application/User/Core/stm32_lpm_if.o
                0x0000000008000804                PWR_ExitSleepMode
 .text.PWR_ExitStopMode
                0x000000000800080c        0xc ./Application/User/Core/stm32_lpm_if.o
                0x000000000800080c                PWR_ExitStopMode
 .text.PWR_EnterSleepMode
                0x0000000008000818       0x10 ./Application/User/Core/stm32_lpm_if.o
                0x0000000008000818                PWR_EnterSleepMode
 .text.HAL_MspInit
                0x0000000008000828        0x2 ./Application/User/Core/stm32wlxx_hal_msp.o
                0x0000000008000828                HAL_MspInit
 .text.NMI_Handler
                0x000000000800082a        0x2 ./Application/User/Core/stm32wlxx_it.o
                0x000000000800082a                NMI_Handler
 .text.HardFault_Handler
                0x000000000800082c        0x2 ./Application/User/Core/stm32wlxx_it.o
                0x000000000800082c                HardFault_Handler
 .text.MemManage_Handler
                0x000000000800082e        0x2 ./Application/User/Core/stm32wlxx_it.o
                0x000000000800082e                MemManage_Handler
 .text.BusFault_Handler
                0x0000000008000830        0x2 ./Application/User/Core/stm32wlxx_it.o
                0x0000000008000830                BusFault_Handler
 .text.UsageFault_Handler
                0x0000000008000832        0x2 ./Application/User/Core/stm32wlxx_it.o
                0x0000000008000832                UsageFault_Handler
 .text.SVC_Handler
                0x0000000008000834        0x2 ./Application/User/Core/stm32wlxx_it.o
                0x0000000008000834                SVC_Handler
 .text.DebugMon_Handler
                0x0000000008000836        0x2 ./Application/User/Core/stm32wlxx_it.o
                0x0000000008000836                DebugMon_Handler
 .text.PendSV_Handler
                0x0000000008000838        0x2 ./Application/User/Core/stm32wlxx_it.o
                0x0000000008000838                PendSV_Handler
 .text.SysTick_Handler
                0x000000000800083a        0x2 ./Application/User/Core/stm32wlxx_it.o
                0x000000000800083a                SysTick_Handler
 .text.TAMP_STAMP_LSECSS_SSRU_IRQHandler
                0x000000000800083c       0x10 ./Application/User/Core/stm32wlxx_it.o
                0x000000000800083c                TAMP_STAMP_LSECSS_SSRU_IRQHandler
 .text.DMA1_Channel1_IRQHandler
                0x000000000800084c       0x10 ./Application/User/Core/stm32wlxx_it.o
                0x000000000800084c                DMA1_Channel1_IRQHandler
 .text.DMA1_Channel5_IRQHandler
                0x000000000800085c       0x10 ./Application/User/Core/stm32wlxx_it.o
                0x000000000800085c                DMA1_Channel5_IRQHandler
 .text.USART2_IRQHandler
                0x000000000800086c       0x10 ./Application/User/Core/stm32wlxx_it.o
                0x000000000800086c                USART2_IRQHandler
 .text.RTC_Alarm_IRQHandler
                0x000000000800087c       0x10 ./Application/User/Core/stm32wlxx_it.o
                0x000000000800087c                RTC_Alarm_IRQHandler
 .text.SUBGHZ_Radio_IRQHandler
                0x000000000800088c       0x10 ./Application/User/Core/stm32wlxx_it.o
                0x000000000800088c                SUBGHZ_Radio_IRQHandler
 .text.MX_SUBGHZ_Init
                0x000000000800089c       0x1c ./Application/User/Core/subghz.o
                0x000000000800089c                MX_SUBGHZ_Init
 .text.HAL_SUBGHZ_MspInit
                0x00000000080008b8       0x30 ./Application/User/Core/subghz.o
                0x00000000080008b8                HAL_SUBGHZ_MspInit
 .text.tiny_snprintf_like
                0x00000000080008e8       0x1c ./Application/User/Core/sys_app.o
 .text.TimestampNow
                0x0000000008000904       0x30 ./Application/User/Core/sys_app.o
 .text.SystemApp_Init
                0x0000000008000934       0x44 ./Application/User/Core/sys_app.o
                0x0000000008000934                SystemApp_Init
 .text.UTIL_SEQ_Idle
                0x0000000008000978        0x8 ./Application/User/Core/sys_app.o
                0x0000000008000978                UTIL_SEQ_Idle
 .text.UTIL_ADV_TRACE_PreSendHook
                0x0000000008000980        0xc ./Application/User/Core/sys_app.o
                0x0000000008000980                UTIL_ADV_TRACE_PreSendHook
 .text.UTIL_ADV_TRACE_PostSendHook
                0x000000000800098c        0xc ./Application/User/Core/sys_app.o
                0x000000000800098c                UTIL_ADV_TRACE_PostSendHook
 .text.HAL_InitTick
                0x0000000008000998        0x4 ./Application/User/Core/sys_app.o
                0x0000000008000998                HAL_InitTick
 .text.HAL_GetTick
                0x000000000800099c       0x18 ./Application/User/Core/sys_app.o
                0x000000000800099c                HAL_GetTick
 .text.HAL_Delay
                0x00000000080009b4       0x12 ./Application/User/Core/sys_app.o
                0x00000000080009b4                HAL_Delay
 *fill*         0x00000000080009c6        0x2 
 .text.DBG_Init
                0x00000000080009c8       0x88 ./Application/User/Core/sys_debug.o
                0x00000000080009c8                DBG_Init
 .text._getpid  0x0000000008000a50        0x4 ./Application/User/Core/syscalls.o
                0x0000000008000a50                _getpid
 .text._kill    0x0000000008000a54       0x10 ./Application/User/Core/syscalls.o
                0x0000000008000a54                _kill
 .text._exit    0x0000000008000a64        0xc ./Application/User/Core/syscalls.o
                0x0000000008000a64                _exit
 .text._read    0x0000000008000a70       0x20 ./Application/User/Core/syscalls.o
                0x0000000008000a70                _read
 .text._write   0x0000000008000a90       0x1c ./Application/User/Core/syscalls.o
                0x0000000008000a90                _write
 .text._close   0x0000000008000aac        0x6 ./Application/User/Core/syscalls.o
                0x0000000008000aac                _close
 .text._fstat   0x0000000008000ab2        0xa ./Application/User/Core/syscalls.o
                0x0000000008000ab2                _fstat
 .text._isatty  0x0000000008000abc        0x4 ./Application/User/Core/syscalls.o
                0x0000000008000abc                _isatty
 .text._lseek   0x0000000008000ac0        0x4 ./Application/User/Core/syscalls.o
                0x0000000008000ac0                _lseek
 .text._sbrk    0x0000000008000ac4       0x48 ./Application/User/Core/sysmem.o
                0x0000000008000ac4                _sbrk
 .text.TIMER_IF_SetTimerContext
                0x0000000008000b0c       0x24 ./Application/User/Core/timer_if.o
                0x0000000008000b0c                TIMER_IF_SetTimerContext
 .text.TIMER_IF_GetTimerContext
                0x0000000008000b30        0xc ./Application/User/Core/timer_if.o
                0x0000000008000b30                TIMER_IF_GetTimerContext
 .text.TIMER_IF_GetTimerElapsedTime
                0x0000000008000b3c       0x24 ./Application/User/Core/timer_if.o
                0x0000000008000b3c                TIMER_IF_GetTimerElapsedTime
 .text.TIMER_IF_GetTimerValue
                0x0000000008000b60       0x28 ./Application/User/Core/timer_if.o
                0x0000000008000b60                TIMER_IF_GetTimerValue
 .text.TIMER_IF_GetMinimumTimeout
                0x0000000008000b88        0x4 ./Application/User/Core/timer_if.o
                0x0000000008000b88                TIMER_IF_GetMinimumTimeout
 .text.TIMER_IF_Convert_ms2Tick
                0x0000000008000b8c       0x14 ./Application/User/Core/timer_if.o
                0x0000000008000b8c                TIMER_IF_Convert_ms2Tick
 .text.TIMER_IF_Convert_Tick2ms
                0x0000000008000ba0       0x28 ./Application/User/Core/timer_if.o
                0x0000000008000ba0                TIMER_IF_Convert_Tick2ms
 .text.TIMER_IF_StopTimer
                0x0000000008000bc8       0x28 ./Application/User/Core/timer_if.o
                0x0000000008000bc8                TIMER_IF_StopTimer
 .text.TIMER_IF_BkUp_Write_MSBticks
                0x0000000008000bf0       0x14 ./Application/User/Core/timer_if.o
 .text.TIMER_IF_Init
                0x0000000008000c04       0x48 ./Application/User/Core/timer_if.o
                0x0000000008000c04                TIMER_IF_Init
 .text.TIMER_IF_BkUp_Write_Seconds
                0x0000000008000c4c       0x14 ./Application/User/Core/timer_if.o
                0x0000000008000c4c                TIMER_IF_BkUp_Write_Seconds
 .text.TIMER_IF_BkUp_Write_SubSeconds
                0x0000000008000c60       0x14 ./Application/User/Core/timer_if.o
                0x0000000008000c60                TIMER_IF_BkUp_Write_SubSeconds
 .text.TIMER_IF_StartTimer
                0x0000000008000c74       0x50 ./Application/User/Core/timer_if.o
                0x0000000008000c74                TIMER_IF_StartTimer
 .text.TIMER_IF_BkUp_Read_MSBticks
                0x0000000008000cc4       0x10 ./Application/User/Core/timer_if.o
 .text.TIMER_IF_GetTime
                0x0000000008000cd4       0x38 ./Application/User/Core/timer_if.o
                0x0000000008000cd4                TIMER_IF_GetTime
 .text.TIMER_IF_BkUp_Read_Seconds
                0x0000000008000d0c       0x10 ./Application/User/Core/timer_if.o
                0x0000000008000d0c                TIMER_IF_BkUp_Read_Seconds
 .text.TIMER_IF_BkUp_Read_SubSeconds
                0x0000000008000d1c       0x10 ./Application/User/Core/timer_if.o
                0x0000000008000d1c                TIMER_IF_BkUp_Read_SubSeconds
 .text.TIMER_IF_DelayMs
                0x0000000008000d2c       0x40 ./Application/User/Core/timer_if.o
                0x0000000008000d2c                TIMER_IF_DelayMs
 .text.HAL_RTC_AlarmAEventCallback
                0x0000000008000d6c        0x8 ./Application/User/Core/timer_if.o
                0x0000000008000d6c                HAL_RTC_AlarmAEventCallback
 .text.HAL_RTCEx_SSRUEventCallback
                0x0000000008000d74        0xe ./Application/User/Core/timer_if.o
                0x0000000008000d74                HAL_RTCEx_SSRUEventCallback
 *fill*         0x0000000008000d82        0x2 
 .text.MX_USART2_UART_Init
                0x0000000008000d84       0x68 ./Application/User/Core/usart.o
                0x0000000008000d84                MX_USART2_UART_Init
 .text.HAL_UART_MspInit
                0x0000000008000dec      0x12c ./Application/User/Core/usart.o
                0x0000000008000dec                HAL_UART_MspInit
 .text.HAL_UART_MspDeInit
                0x0000000008000f18       0x40 ./Application/User/Core/usart.o
                0x0000000008000f18                HAL_UART_MspDeInit
 .text.vcom_Init
                0x0000000008000f58       0x28 ./Application/User/Core/usart_if.o
                0x0000000008000f58                vcom_Init
 .text.vcom_DeInit
                0x0000000008000f80       0x2c ./Application/User/Core/usart_if.o
                0x0000000008000f80                vcom_DeInit
 .text.vcom_Trace_DMA
                0x0000000008000fac       0x14 ./Application/User/Core/usart_if.o
                0x0000000008000fac                vcom_Trace_DMA
 .text.vcom_ReceiveInit
                0x0000000008000fc0       0x5c ./Application/User/Core/usart_if.o
                0x0000000008000fc0                vcom_ReceiveInit
 .text.vcom_Resume
                0x000000000800101c       0x28 ./Application/User/Core/usart_if.o
                0x000000000800101c                vcom_Resume
 .text.HAL_UART_TxCpltCallback
                0x0000000008001044       0x20 ./Application/User/Core/usart_if.o
                0x0000000008001044                HAL_UART_TxCpltCallback
 .text.HAL_UART_RxCpltCallback
                0x0000000008001064       0x38 ./Application/User/Core/usart_if.o
                0x0000000008001064                HAL_UART_RxCpltCallback
 .text.Reset_Handler
                0x000000000800109c       0x50 ./Application/User/Startup/startup_stm32wl55jcix.o
                0x000000000800109c                Reset_Handler
 .text.Default_Handler
                0x00000000080010ec        0x2 ./Application/User/Startup/startup_stm32wl55jcix.o
                0x00000000080010ec                EXTI2_IRQHandler
                0x00000000080010ec                TIM1_CC_IRQHandler
                0x00000000080010ec                EXTI3_IRQHandler
                0x00000000080010ec                LPTIM2_IRQHandler
                0x00000000080010ec                I2C3_ER_IRQHandler
                0x00000000080010ec                LPTIM3_IRQHandler
                0x00000000080010ec                EXTI0_IRQHandler
                0x00000000080010ec                I2C2_EV_IRQHandler
                0x00000000080010ec                SPI1_IRQHandler
                0x00000000080010ec                DMA2_Channel2_IRQHandler
                0x00000000080010ec                DMA1_Channel4_IRQHandler
                0x00000000080010ec                PKA_IRQHandler
                0x00000000080010ec                TIM17_IRQHandler
                0x00000000080010ec                DMA1_Channel7_IRQHandler
                0x00000000080010ec                SUBGHZSPI_IRQHandler
                0x00000000080010ec                IPCC_C1_TX_IRQHandler
                0x00000000080010ec                DMA2_Channel1_IRQHandler
                0x00000000080010ec                I2C1_EV_IRQHandler
                0x00000000080010ec                DMAMUX1_OVR_IRQHandler
                0x00000000080010ec                DMA1_Channel6_IRQHandler
                0x00000000080010ec                TIM16_IRQHandler
                0x00000000080010ec                DMA2_Channel4_IRQHandler
                0x00000000080010ec                RCC_IRQHandler
                0x00000000080010ec                TIM1_TRG_COM_IRQHandler
                0x00000000080010ec                Default_Handler
                0x00000000080010ec                DMA2_Channel7_IRQHandler
                0x00000000080010ec                EXTI15_10_IRQHandler
                0x00000000080010ec                IPCC_C1_RX_IRQHandler
                0x00000000080010ec                ADC_IRQHandler
                0x00000000080010ec                C2SEV_PWR_C2H_IRQHandler
                0x00000000080010ec                I2C3_EV_IRQHandler
                0x00000000080010ec                EXTI9_5_IRQHandler
                0x00000000080010ec                RTC_WKUP_IRQHandler
                0x00000000080010ec                PVD_PVM_IRQHandler
                0x00000000080010ec                SPI2_IRQHandler
                0x00000000080010ec                DMA2_Channel5_IRQHandler
                0x00000000080010ec                EXTI4_IRQHandler
                0x00000000080010ec                RNG_IRQHandler
                0x00000000080010ec                DMA1_Channel3_IRQHandler
                0x00000000080010ec                COMP_IRQHandler
                0x00000000080010ec                HSEM_IRQHandler
                0x00000000080010ec                TIM1_UP_IRQHandler
                0x00000000080010ec                WWDG_IRQHandler
                0x00000000080010ec                LPUART1_IRQHandler
                0x00000000080010ec                DMA2_Channel6_IRQHandler
                0x00000000080010ec                TIM2_IRQHandler
                0x00000000080010ec                TIM1_BRK_IRQHandler
                0x00000000080010ec                DAC_IRQHandler
                0x00000000080010ec                EXTI1_IRQHandler
                0x00000000080010ec                AES_IRQHandler
                0x00000000080010ec                I2C2_ER_IRQHandler
                0x00000000080010ec                DMA1_Channel2_IRQHandler
                0x00000000080010ec                FLASH_IRQHandler
                0x00000000080010ec                USART1_IRQHandler
                0x00000000080010ec                I2C1_ER_IRQHandler
                0x00000000080010ec                LPTIM1_IRQHandler
                0x00000000080010ec                DMA2_Channel3_IRQHandler
 .text.MX_SubGHz_Phy_Init
                0x00000000080010ee        0xc ./Application/User/SubGHz_Phy/App/app_subghz_phy.o
                0x00000000080010ee                MX_SubGHz_Phy_Init
 .text.MX_SubGHz_Phy_Process
                0x00000000080010fa        0xc ./Application/User/SubGHz_Phy/App/app_subghz_phy.o
                0x00000000080010fa                MX_SubGHz_Phy_Process
 *fill*         0x0000000008001106        0x2 
 .text.PingPong_Process
                0x0000000008001108      0x2f4 ./Application/User/SubGHz_Phy/App/subghz_phy_app.o
 .text.OnRxError
                0x00000000080013fc       0x28 ./Application/User/SubGHz_Phy/App/subghz_phy_app.o
 .text.OnRxTimeout
                0x0000000008001424       0x24 ./Application/User/SubGHz_Phy/App/subghz_phy_app.o
 .text.OnTxTimeout
                0x0000000008001448       0x28 ./Application/User/SubGHz_Phy/App/subghz_phy_app.o
 .text.OnRxDone
                0x0000000008001470       0xdc ./Application/User/SubGHz_Phy/App/subghz_phy_app.o
 .text.OnTxDone
                0x000000000800154c       0x28 ./Application/User/SubGHz_Phy/App/subghz_phy_app.o
 .text.OnledEvent
                0x0000000008001574       0x28 ./Application/User/SubGHz_Phy/App/subghz_phy_app.o
 .text.SubghzApp_Init
                0x000000000800159c      0x1e0 ./Application/User/SubGHz_Phy/App/subghz_phy_app.o
                0x000000000800159c                SubghzApp_Init
 .text.RBI_Init
                0x000000000800177c        0x8 ./Application/User/SubGHz_Phy/Target/radio_board_if.o
                0x000000000800177c                RBI_Init
 .text.RBI_ConfigRFSwitch
                0x0000000008001784        0x8 ./Application/User/SubGHz_Phy/Target/radio_board_if.o
                0x0000000008001784                RBI_ConfigRFSwitch
 .text.RBI_GetTxConfig
                0x000000000800178c        0x8 ./Application/User/SubGHz_Phy/Target/radio_board_if.o
                0x000000000800178c                RBI_GetTxConfig
 .text.RBI_IsTCXO
                0x0000000008001794        0x8 ./Application/User/SubGHz_Phy/Target/radio_board_if.o
                0x0000000008001794                RBI_IsTCXO
 .text.RBI_IsDCDC
                0x000000000800179c        0x8 ./Application/User/SubGHz_Phy/Target/radio_board_if.o
                0x000000000800179c                RBI_IsDCDC
 .text.RBI_GetRFOMaxPowerConfig
                0x00000000080017a4        0x8 ./Application/User/SubGHz_Phy/Target/radio_board_if.o
                0x00000000080017a4                RBI_GetRFOMaxPowerConfig
 .text.BSP_LED_Off
                0x00000000080017ac       0x20 ./Drivers/BSP/STM32WLxx_Nucleo/stm32wlxx_nucleo.o
                0x00000000080017ac                BSP_LED_Off
 .text.BSP_LED_Toggle
                0x00000000080017cc       0x20 ./Drivers/BSP/STM32WLxx_Nucleo/stm32wlxx_nucleo.o
                0x00000000080017cc                BSP_LED_Toggle
 .text.BSP_RADIO_Init
                0x00000000080017ec       0x84 ./Drivers/BSP/STM32WLxx_Nucleo/stm32wlxx_nucleo_radio.o
                0x00000000080017ec                BSP_RADIO_Init
 .text.BSP_RADIO_ConfigRFSwitch
                0x0000000008001870       0x9c ./Drivers/BSP/STM32WLxx_Nucleo/stm32wlxx_nucleo_radio.o
                0x0000000008001870                BSP_RADIO_ConfigRFSwitch
 .text.BSP_RADIO_GetTxConfig
                0x000000000800190c        0x4 ./Drivers/BSP/STM32WLxx_Nucleo/stm32wlxx_nucleo_radio.o
                0x000000000800190c                BSP_RADIO_GetTxConfig
 .text.BSP_RADIO_IsTCXO
                0x0000000008001910        0x4 ./Drivers/BSP/STM32WLxx_Nucleo/stm32wlxx_nucleo_radio.o
                0x0000000008001910                BSP_RADIO_IsTCXO
 .text.BSP_RADIO_IsDCDC
                0x0000000008001914        0x4 ./Drivers/BSP/STM32WLxx_Nucleo/stm32wlxx_nucleo_radio.o
                0x0000000008001914                BSP_RADIO_IsDCDC
 .text.BSP_RADIO_GetRFOMaxPowerConfig
                0x0000000008001918        0xa ./Drivers/BSP/STM32WLxx_Nucleo/stm32wlxx_nucleo_radio.o
                0x0000000008001918                BSP_RADIO_GetRFOMaxPowerConfig
 .text.SystemInit
                0x0000000008001922        0x2 ./Drivers/CMSIS/system_stm32wlxx.o
                0x0000000008001922                SystemInit
 .text.HAL_Init
                0x0000000008001924       0x2c ./Drivers/STM32WLxx_HAL_Driver/stm32wlxx_hal.o
                0x0000000008001924                HAL_Init
 .text.HAL_SuspendTick
                0x0000000008001950        0xe ./Drivers/STM32WLxx_HAL_Driver/stm32wlxx_hal.o
                0x0000000008001950                HAL_SuspendTick
 .text.HAL_ResumeTick
                0x000000000800195e        0xe ./Drivers/STM32WLxx_HAL_Driver/stm32wlxx_hal.o
                0x000000000800195e                HAL_ResumeTick
 .text.HAL_DBGMCU_DisableDBGSleepMode
                0x000000000800196c       0x10 ./Drivers/STM32WLxx_HAL_Driver/stm32wlxx_hal.o
                0x000000000800196c                HAL_DBGMCU_DisableDBGSleepMode
 .text.HAL_DBGMCU_DisableDBGStopMode
                0x000000000800197c       0x10 ./Drivers/STM32WLxx_HAL_Driver/stm32wlxx_hal.o
                0x000000000800197c                HAL_DBGMCU_DisableDBGStopMode
 .text.HAL_DBGMCU_DisableDBGStandbyMode
                0x000000000800198c       0x10 ./Drivers/STM32WLxx_HAL_Driver/stm32wlxx_hal.o
                0x000000000800198c                HAL_DBGMCU_DisableDBGStandbyMode
 .text.HAL_NVIC_SetPriorityGrouping
                0x000000000800199c       0x24 ./Drivers/STM32WLxx_HAL_Driver/stm32wlxx_hal_cortex.o
                0x000000000800199c                HAL_NVIC_SetPriorityGrouping
 .text.HAL_NVIC_SetPriority
                0x00000000080019c0       0x70 ./Drivers/STM32WLxx_HAL_Driver/stm32wlxx_hal_cortex.o
                0x00000000080019c0                HAL_NVIC_SetPriority
 .text.HAL_NVIC_EnableIRQ
                0x0000000008001a30       0x1c ./Drivers/STM32WLxx_HAL_Driver/stm32wlxx_hal_cortex.o
                0x0000000008001a30                HAL_NVIC_EnableIRQ
 .text.HAL_NVIC_DisableIRQ
                0x0000000008001a4c       0x24 ./Drivers/STM32WLxx_HAL_Driver/stm32wlxx_hal_cortex.o
                0x0000000008001a4c                HAL_NVIC_DisableIRQ
 .text.DMA_SetConfig
                0x0000000008001a70       0x4e ./Drivers/STM32WLxx_HAL_Driver/stm32wlxx_hal_dma.o
 *fill*         0x0000000008001abe        0x2 
 .text.DMA_CalcDMAMUXChannelBaseAndMask
                0x0000000008001ac0       0x64 ./Drivers/STM32WLxx_HAL_Driver/stm32wlxx_hal_dma.o
 .text.DMA_CalcDMAMUXRequestGenBaseAndMask
                0x0000000008001b24       0x2c ./Drivers/STM32WLxx_HAL_Driver/stm32wlxx_hal_dma.o
 .text.HAL_DMA_Init
                0x0000000008001b50       0xe4 ./Drivers/STM32WLxx_HAL_Driver/stm32wlxx_hal_dma.o
                0x0000000008001b50                HAL_DMA_Init
 .text.HAL_DMA_DeInit
                0x0000000008001c34       0xb8 ./Drivers/STM32WLxx_HAL_Driver/stm32wlxx_hal_dma.o
                0x0000000008001c34                HAL_DMA_DeInit
 .text.HAL_DMA_Start_IT
                0x0000000008001cec       0x98 ./Drivers/STM32WLxx_HAL_Driver/stm32wlxx_hal_dma.o
                0x0000000008001cec                HAL_DMA_Start_IT
 .text.HAL_DMA_Abort
                0x0000000008001d84       0x74 ./Drivers/STM32WLxx_HAL_Driver/stm32wlxx_hal_dma.o
                0x0000000008001d84                HAL_DMA_Abort
 .text.HAL_DMA_Abort_IT
                0x0000000008001df8       0x72 ./Drivers/STM32WLxx_HAL_Driver/stm32wlxx_hal_dma.o
                0x0000000008001df8                HAL_DMA_Abort_IT
 *fill*         0x0000000008001e6a        0x2 
 .text.HAL_DMA_IRQHandler
                0x0000000008001e6c       0xe8 ./Drivers/STM32WLxx_HAL_Driver/stm32wlxx_hal_dma.o
                0x0000000008001e6c                HAL_DMA_IRQHandler
 .text.HAL_DMA_ConfigChannelAttributes
                0x0000000008001f54       0x26 ./Drivers/STM32WLxx_HAL_Driver/stm32wlxx_hal_dma.o
                0x0000000008001f54                HAL_DMA_ConfigChannelAttributes
 *fill*         0x0000000008001f7a        0x2 
 .text.HAL_GPIO_Init
                0x0000000008001f7c      0x1a4 ./Drivers/STM32WLxx_HAL_Driver/stm32wlxx_hal_gpio.o
                0x0000000008001f7c                HAL_GPIO_Init
 .text.HAL_GPIO_DeInit
                0x0000000008002120       0xfc ./Drivers/STM32WLxx_HAL_Driver/stm32wlxx_hal_gpio.o
                0x0000000008002120                HAL_GPIO_DeInit
 .text.HAL_GPIO_WritePin
                0x000000000800221c        0xa ./Drivers/STM32WLxx_HAL_Driver/stm32wlxx_hal_gpio.o
                0x000000000800221c                HAL_GPIO_WritePin
 .text.HAL_GPIO_TogglePin
                0x0000000008002226       0x12 ./Drivers/STM32WLxx_HAL_Driver/stm32wlxx_hal_gpio.o
                0x0000000008002226                HAL_GPIO_TogglePin
 .text.HAL_PWR_EnableBkUpAccess
                0x0000000008002238       0x10 ./Drivers/STM32WLxx_HAL_Driver/stm32wlxx_hal_pwr.o
                0x0000000008002238                HAL_PWR_EnableBkUpAccess
 .text.HAL_PWR_EnterSLEEPMode
                0x0000000008002248       0x4c ./Drivers/STM32WLxx_HAL_Driver/stm32wlxx_hal_pwr.o
                0x0000000008002248                HAL_PWR_EnterSLEEPMode
 .text.HAL_PWREx_GetVoltageRange
                0x0000000008002294       0x10 ./Drivers/STM32WLxx_HAL_Driver/stm32wlxx_hal_pwr_ex.o
                0x0000000008002294                HAL_PWREx_GetVoltageRange
 .text.HAL_PWREx_EnableLowPowerRunMode
                0x00000000080022a4       0x10 ./Drivers/STM32WLxx_HAL_Driver/stm32wlxx_hal_pwr_ex.o
                0x00000000080022a4                HAL_PWREx_EnableLowPowerRunMode
 .text.HAL_PWREx_DisableLowPowerRunMode
                0x00000000080022b4       0x4c ./Drivers/STM32WLxx_HAL_Driver/stm32wlxx_hal_pwr_ex.o
                0x00000000080022b4                HAL_PWREx_DisableLowPowerRunMode
 .text.HAL_PWREx_EnterSTOP2Mode
                0x0000000008002300       0x3c ./Drivers/STM32WLxx_HAL_Driver/stm32wlxx_hal_pwr_ex.o
                0x0000000008002300                HAL_PWREx_EnterSTOP2Mode
 .text.RCC_SetFlashLatency
                0x000000000800233c       0xbc ./Drivers/STM32WLxx_HAL_Driver/stm32wlxx_hal_rcc.o
 .text.RCC_SetFlashLatencyFromMSIRange
                0x00000000080023f8       0x44 ./Drivers/STM32WLxx_HAL_Driver/stm32wlxx_hal_rcc.o
 .text.HAL_RCC_GetSysClockFreq
                0x000000000800243c      0x110 ./Drivers/STM32WLxx_HAL_Driver/stm32wlxx_hal_rcc.o
                0x000000000800243c                HAL_RCC_GetSysClockFreq
 .text.HAL_RCC_GetHCLKFreq
                0x000000000800254c       0x20 ./Drivers/STM32WLxx_HAL_Driver/stm32wlxx_hal_rcc.o
                0x000000000800254c                HAL_RCC_GetHCLKFreq
 .text.HAL_RCC_OscConfig
                0x000000000800256c      0x664 ./Drivers/STM32WLxx_HAL_Driver/stm32wlxx_hal_rcc.o
                0x000000000800256c                HAL_RCC_OscConfig
 .text.HAL_RCC_ClockConfig
                0x0000000008002bd0      0x268 ./Drivers/STM32WLxx_HAL_Driver/stm32wlxx_hal_rcc.o
                0x0000000008002bd0                HAL_RCC_ClockConfig
 .text.HAL_RCC_GetPCLK1Freq
                0x0000000008002e38       0x20 ./Drivers/STM32WLxx_HAL_Driver/stm32wlxx_hal_rcc.o
                0x0000000008002e38                HAL_RCC_GetPCLK1Freq
 .text.HAL_RCC_GetPCLK2Freq
                0x0000000008002e58       0x20 ./Drivers/STM32WLxx_HAL_Driver/stm32wlxx_hal_rcc.o
                0x0000000008002e58                HAL_RCC_GetPCLK2Freq
 .text.HAL_RCCEx_PeriphCLKConfig
                0x0000000008002e78      0x294 ./Drivers/STM32WLxx_HAL_Driver/stm32wlxx_hal_rcc_ex.o
                0x0000000008002e78                HAL_RCCEx_PeriphCLKConfig
 .text.HAL_RTC_DeactivateAlarm
                0x000000000800310c       0x80 ./Drivers/STM32WLxx_HAL_Driver/stm32wlxx_hal_rtc.o
                0x000000000800310c                HAL_RTC_DeactivateAlarm
 .text.HAL_RTC_AlarmIRQHandler
                0x000000000800318c       0x40 ./Drivers/STM32WLxx_HAL_Driver/stm32wlxx_hal_rtc.o
                0x000000000800318c                HAL_RTC_AlarmIRQHandler
 .text.HAL_RTC_WaitForSynchro
                0x00000000080031cc       0x34 ./Drivers/STM32WLxx_HAL_Driver/stm32wlxx_hal_rtc.o
                0x00000000080031cc                HAL_RTC_WaitForSynchro
 .text.RTC_EnterInitMode
                0x0000000008003200       0x4c ./Drivers/STM32WLxx_HAL_Driver/stm32wlxx_hal_rtc.o
                0x0000000008003200                RTC_EnterInitMode
 .text.RTC_ExitInitMode
                0x000000000800324c       0x4c ./Drivers/STM32WLxx_HAL_Driver/stm32wlxx_hal_rtc.o
                0x000000000800324c                RTC_ExitInitMode
 .text.HAL_RTC_Init
                0x0000000008003298       0xb4 ./Drivers/STM32WLxx_HAL_Driver/stm32wlxx_hal_rtc.o
                0x0000000008003298                HAL_RTC_Init
 .text.RTC_ByteToBcd2
                0x000000000800334c       0x16 ./Drivers/STM32WLxx_HAL_Driver/stm32wlxx_hal_rtc.o
                0x000000000800334c                RTC_ByteToBcd2
 *fill*         0x0000000008003362        0x2 
 .text.HAL_RTC_SetAlarm_IT
                0x0000000008003364      0x178 ./Drivers/STM32WLxx_HAL_Driver/stm32wlxx_hal_rtc.o
                0x0000000008003364                HAL_RTC_SetAlarm_IT
 .text.HAL_RTCEx_EnableBypassShadow
                0x00000000080034dc       0x40 ./Drivers/STM32WLxx_HAL_Driver/stm32wlxx_hal_rtc_ex.o
                0x00000000080034dc                HAL_RTCEx_EnableBypassShadow
 .text.HAL_RTCEx_SetSSRU_IT
                0x000000000800351c       0x58 ./Drivers/STM32WLxx_HAL_Driver/stm32wlxx_hal_rtc_ex.o
                0x000000000800351c                HAL_RTCEx_SetSSRU_IT
 .text.HAL_RTCEx_SSRUIRQHandler
                0x0000000008003574       0x28 ./Drivers/STM32WLxx_HAL_Driver/stm32wlxx_hal_rtc_ex.o
                0x0000000008003574                HAL_RTCEx_SSRUIRQHandler
 .text.HAL_RTCEx_AlarmBEventCallback
                0x000000000800359c        0x2 ./Drivers/STM32WLxx_HAL_Driver/stm32wlxx_hal_rtc_ex.o
                0x000000000800359c                HAL_RTCEx_AlarmBEventCallback
 .text.HAL_RTCEx_BKUPWrite
                0x000000000800359e        0xe ./Drivers/STM32WLxx_HAL_Driver/stm32wlxx_hal_rtc_ex.o
                0x000000000800359e                HAL_RTCEx_BKUPWrite
 .text.HAL_RTCEx_BKUPRead
                0x00000000080035ac        0xe ./Drivers/STM32WLxx_HAL_Driver/stm32wlxx_hal_rtc_ex.o
                0x00000000080035ac                HAL_RTCEx_BKUPRead
 *fill*         0x00000000080035ba        0x2 
 .text.SUBGHZSPI_Init
                0x00000000080035bc       0x24 ./Drivers/STM32WLxx_HAL_Driver/stm32wlxx_hal_subghz.o
                0x00000000080035bc                SUBGHZSPI_Init
 .text.HAL_SUBGHZ_Init
                0x00000000080035e0       0xcc ./Drivers/STM32WLxx_HAL_Driver/stm32wlxx_hal_subghz.o
                0x00000000080035e0                HAL_SUBGHZ_Init
 .text.SUBGHZSPI_Transmit
                0x00000000080036ac       0x78 ./Drivers/STM32WLxx_HAL_Driver/stm32wlxx_hal_subghz.o
                0x00000000080036ac                SUBGHZSPI_Transmit
 .text.SUBGHZSPI_Receive
                0x0000000008003724       0x80 ./Drivers/STM32WLxx_HAL_Driver/stm32wlxx_hal_subghz.o
                0x0000000008003724                SUBGHZSPI_Receive
 .text.SUBGHZ_WaitOnBusy
                0x00000000080037a4       0x58 ./Drivers/STM32WLxx_HAL_Driver/stm32wlxx_hal_subghz.o
                0x00000000080037a4                SUBGHZ_WaitOnBusy
 .text.SUBGHZ_CheckDeviceReady
                0x00000000080037fc       0x54 ./Drivers/STM32WLxx_HAL_Driver/stm32wlxx_hal_subghz.o
                0x00000000080037fc                SUBGHZ_CheckDeviceReady
 .text.HAL_SUBGHZ_WriteRegisters
                0x0000000008003850       0xa0 ./Drivers/STM32WLxx_HAL_Driver/stm32wlxx_hal_subghz.o
                0x0000000008003850                HAL_SUBGHZ_WriteRegisters
 .text.HAL_SUBGHZ_ReadRegisters
                0x00000000080038f0       0xa8 ./Drivers/STM32WLxx_HAL_Driver/stm32wlxx_hal_subghz.o
                0x00000000080038f0                HAL_SUBGHZ_ReadRegisters
 .text.HAL_SUBGHZ_ExecSetCmd
                0x0000000008003998       0xac ./Drivers/STM32WLxx_HAL_Driver/stm32wlxx_hal_subghz.o
                0x0000000008003998                HAL_SUBGHZ_ExecSetCmd
 .text.HAL_SUBGHZ_ExecGetCmd
                0x0000000008003a44       0x98 ./Drivers/STM32WLxx_HAL_Driver/stm32wlxx_hal_subghz.o
                0x0000000008003a44                HAL_SUBGHZ_ExecGetCmd
 .text.HAL_SUBGHZ_IRQHandler
                0x0000000008003adc       0xce ./Drivers/STM32WLxx_HAL_Driver/stm32wlxx_hal_subghz.o
                0x0000000008003adc                HAL_SUBGHZ_IRQHandler
 *fill*         0x0000000008003baa        0x2 
 .text.HAL_SUBGHZ_WriteBuffer
                0x0000000008003bac       0x94 ./Drivers/STM32WLxx_HAL_Driver/stm32wlxx_hal_subghz.o
                0x0000000008003bac                HAL_SUBGHZ_WriteBuffer
 .text.HAL_SUBGHZ_ReadBuffer
                0x0000000008003c40       0xa0 ./Drivers/STM32WLxx_HAL_Driver/stm32wlxx_hal_subghz.o
                0x0000000008003c40                HAL_SUBGHZ_ReadBuffer
 .text.UART_EndTxTransfer
                0x0000000008003ce0       0x32 ./Drivers/STM32WLxx_HAL_Driver/stm32wlxx_hal_uart.o
 .text.UART_EndRxTransfer
                0x0000000008003d12       0x56 ./Drivers/STM32WLxx_HAL_Driver/stm32wlxx_hal_uart.o
 .text.HAL_UART_Transmit_DMA
                0x0000000008003d68       0xa0 ./Drivers/STM32WLxx_HAL_Driver/stm32wlxx_hal_uart.o
                0x0000000008003d68                HAL_UART_Transmit_DMA
 .text.UART_DMATransmitCplt
                0x0000000008003e08       0x48 ./Drivers/STM32WLxx_HAL_Driver/stm32wlxx_hal_uart.o
 .text.UART_EndTransmit_IT
                0x0000000008003e50       0x24 ./Drivers/STM32WLxx_HAL_Driver/stm32wlxx_hal_uart.o
 .text.HAL_UART_TxHalfCpltCallback
                0x0000000008003e74        0x2 ./Drivers/STM32WLxx_HAL_Driver/stm32wlxx_hal_uart.o
                0x0000000008003e74                HAL_UART_TxHalfCpltCallback
 .text.UART_DMATxHalfCplt
                0x0000000008003e76        0xa ./Drivers/STM32WLxx_HAL_Driver/stm32wlxx_hal_uart.o
 .text.HAL_UART_ErrorCallback
                0x0000000008003e80        0x2 ./Drivers/STM32WLxx_HAL_Driver/stm32wlxx_hal_uart.o
                0x0000000008003e80                HAL_UART_ErrorCallback
 .text.UART_DMAError
                0x0000000008003e82       0x58 ./Drivers/STM32WLxx_HAL_Driver/stm32wlxx_hal_uart.o
 .text.UART_DMAAbortOnError
                0x0000000008003eda       0x14 ./Drivers/STM32WLxx_HAL_Driver/stm32wlxx_hal_uart.o
 .text.HAL_UARTEx_RxEventCallback
                0x0000000008003eee        0x2 ./Drivers/STM32WLxx_HAL_Driver/stm32wlxx_hal_uart.o
                0x0000000008003eee                HAL_UARTEx_RxEventCallback
 .text.HAL_UART_IRQHandler
                0x0000000008003ef0      0x348 ./Drivers/STM32WLxx_HAL_Driver/stm32wlxx_hal_uart.o
                0x0000000008003ef0                HAL_UART_IRQHandler
 .text.UART_RxISR_8BIT
                0x0000000008004238       0xdc ./Drivers/STM32WLxx_HAL_Driver/stm32wlxx_hal_uart.o
 .text.UART_RxISR_16BIT
                0x0000000008004314       0xd8 ./Drivers/STM32WLxx_HAL_Driver/stm32wlxx_hal_uart.o
 .text.UART_RxISR_8BIT_FIFOEN
                0x00000000080043ec      0x1cc ./Drivers/STM32WLxx_HAL_Driver/stm32wlxx_hal_uart.o
 .text.UART_RxISR_16BIT_FIFOEN
                0x00000000080045b8      0x1c8 ./Drivers/STM32WLxx_HAL_Driver/stm32wlxx_hal_uart.o
 .text.UART_SetConfig
                0x0000000008004780      0x2cc ./Drivers/STM32WLxx_HAL_Driver/stm32wlxx_hal_uart.o
                0x0000000008004780                UART_SetConfig
 .text.UART_AdvFeatureConfig
                0x0000000008004a4c       0xca ./Drivers/STM32WLxx_HAL_Driver/stm32wlxx_hal_uart.o
                0x0000000008004a4c                UART_AdvFeatureConfig
 .text.UART_WaitOnFlagUntilTimeout
                0x0000000008004b16       0xd8 ./Drivers/STM32WLxx_HAL_Driver/stm32wlxx_hal_uart.o
                0x0000000008004b16                UART_WaitOnFlagUntilTimeout
 .text.UART_CheckIdleState
                0x0000000008004bee       0x76 ./Drivers/STM32WLxx_HAL_Driver/stm32wlxx_hal_uart.o
                0x0000000008004bee                UART_CheckIdleState
 .text.HAL_UART_Init
                0x0000000008004c64       0x66 ./Drivers/STM32WLxx_HAL_Driver/stm32wlxx_hal_uart.o
                0x0000000008004c64                HAL_UART_Init
 *fill*         0x0000000008004cca        0x2 
 .text.UART_Start_Receive_IT
                0x0000000008004ccc      0x13c ./Drivers/STM32WLxx_HAL_Driver/stm32wlxx_hal_uart.o
                0x0000000008004ccc                UART_Start_Receive_IT
 .text.HAL_UART_Receive_IT
                0x0000000008004e08       0x4c ./Drivers/STM32WLxx_HAL_Driver/stm32wlxx_hal_uart.o
                0x0000000008004e08                HAL_UART_Receive_IT
 .text.UARTEx_Wakeup_AddressConfig
                0x0000000008004e54       0x2e ./Drivers/STM32WLxx_HAL_Driver/stm32wlxx_hal_uart_ex.o
 *fill*         0x0000000008004e82        0x2 
 .text.UARTEx_SetNbDataToProcess
                0x0000000008004e84       0x4c ./Drivers/STM32WLxx_HAL_Driver/stm32wlxx_hal_uart_ex.o
 .text.HAL_UARTEx_WakeupCallback
                0x0000000008004ed0        0x2 ./Drivers/STM32WLxx_HAL_Driver/stm32wlxx_hal_uart_ex.o
                0x0000000008004ed0                HAL_UARTEx_WakeupCallback
 .text.HAL_UARTEx_RxFifoFullCallback
                0x0000000008004ed2        0x2 ./Drivers/STM32WLxx_HAL_Driver/stm32wlxx_hal_uart_ex.o
                0x0000000008004ed2                HAL_UARTEx_RxFifoFullCallback
 .text.HAL_UARTEx_TxFifoEmptyCallback
                0x0000000008004ed4        0x2 ./Drivers/STM32WLxx_HAL_Driver/stm32wlxx_hal_uart_ex.o
                0x0000000008004ed4                HAL_UARTEx_TxFifoEmptyCallback
 .text.HAL_UARTEx_StopModeWakeUpSourceConfig
                0x0000000008004ed6       0x82 ./Drivers/STM32WLxx_HAL_Driver/stm32wlxx_hal_uart_ex.o
                0x0000000008004ed6                HAL_UARTEx_StopModeWakeUpSourceConfig
 .text.HAL_UARTEx_EnableStopMode
                0x0000000008004f58       0x2e ./Drivers/STM32WLxx_HAL_Driver/stm32wlxx_hal_uart_ex.o
                0x0000000008004f58                HAL_UARTEx_EnableStopMode
 .text.HAL_UARTEx_EnableFifoMode
                0x0000000008004f86       0x48 ./Drivers/STM32WLxx_HAL_Driver/stm32wlxx_hal_uart_ex.o
                0x0000000008004f86                HAL_UARTEx_EnableFifoMode
 .text.HAL_UARTEx_SetTxFifoThreshold
                0x0000000008004fce       0x4a ./Drivers/STM32WLxx_HAL_Driver/stm32wlxx_hal_uart_ex.o
                0x0000000008004fce                HAL_UARTEx_SetTxFifoThreshold
 .text.HAL_UARTEx_SetRxFifoThreshold
                0x0000000008005018       0x4a ./Drivers/STM32WLxx_HAL_Driver/stm32wlxx_hal_uart_ex.o
                0x0000000008005018                HAL_UARTEx_SetRxFifoThreshold
 .text.RadioCheckRfFrequency
                0x0000000008005062        0x4 ./Middlewares/SubGHz_Phy/radio.o
 *fill*         0x0000000008005066        0x2 
 .text.RadioGetLoRaBandwidthInHz
                0x0000000008005068       0x5c ./Middlewares/SubGHz_Phy/radio.o
 .text.RadioGetGfskTimeOnAirNumerator
                0x00000000080050c4       0x26 ./Middlewares/SubGHz_Phy/radio.o
 .text.RadioGetLoRaTimeOnAirNumerator
                0x00000000080050ea       0xa2 ./Middlewares/SubGHz_Phy/radio.o
 .text.RadioTimeOnAir
                0x000000000800518c       0x74 ./Middlewares/SubGHz_Phy/radio.o
 .text.RadioOnTxTimeoutProcess
                0x0000000008005200       0x20 ./Middlewares/SubGHz_Phy/radio.o
 .text.RadioOnTxTimeoutIrq
                0x0000000008005220        0x8 ./Middlewares/SubGHz_Phy/radio.o
 .text.RadioOnRxTimeoutProcess
                0x0000000008005228       0x20 ./Middlewares/SubGHz_Phy/radio.o
 .text.RadioOnRxTimeoutIrq
                0x0000000008005248        0x8 ./Middlewares/SubGHz_Phy/radio.o
 .text.payload_integration
                0x0000000008005250       0xaa ./Middlewares/SubGHz_Phy/radio.o
 .text.RadioLrFhssSetCfg
                0x00000000080052fa        0x4 ./Middlewares/SubGHz_Phy/radio.o
 .text.RadioLrFhssGetTimeOnAirInMs
                0x00000000080052fe        0x4 ./Middlewares/SubGHz_Phy/radio.o
 *fill*         0x0000000008005302        0x2 
 .text.RadioSetMaxPayloadLength
                0x0000000008005304       0x38 ./Middlewares/SubGHz_Phy/radio.o
 .text.RadioRead
                0x000000000800533c        0x8 ./Middlewares/SubGHz_Phy/radio.o
 .text.RadioWrite
                0x0000000008005344        0x8 ./Middlewares/SubGHz_Phy/radio.o
 .text.RadioTxCw
                0x000000000800534c       0x20 ./Middlewares/SubGHz_Phy/radio.o
 .text.RadioTxPrbs
                0x000000000800536c       0x2c ./Middlewares/SubGHz_Phy/radio.o
 .text.RadioSetRxDutyCycle
                0x0000000008005398       0x34 ./Middlewares/SubGHz_Phy/radio.o
 .text.RadioRxBoosted
                0x00000000080053cc       0x70 ./Middlewares/SubGHz_Phy/radio.o
 .text.RadioStandby
                0x000000000800543c        0xa ./Middlewares/SubGHz_Phy/radio.o
 .text.RadioGetStatus
                0x0000000008005446       0x22 ./Middlewares/SubGHz_Phy/radio.o
 .text.RadioIrqProcess
                0x0000000008005468      0x348 ./Middlewares/SubGHz_Phy/radio.o
 .text.RadioOnDioIrq
                0x00000000080057b0       0x14 ./Middlewares/SubGHz_Phy/radio.o
 .text.RadioGetWakeupTime
                0x00000000080057c4        0xa ./Middlewares/SubGHz_Phy/radio.o
 .text.RadioReadRegisters
                0x00000000080057ce        0x8 ./Middlewares/SubGHz_Phy/radio.o
 .text.RadioWriteRegisters
                0x00000000080057d6        0x8 ./Middlewares/SubGHz_Phy/radio.o
 .text.RadioRssi
                0x00000000080057de        0xa ./Middlewares/SubGHz_Phy/radio.o
 .text.RadioSetTxContinuousWave
                0x00000000080057e8       0x44 ./Middlewares/SubGHz_Phy/radio.o
 .text.RadioSetChannel
                0x000000000800582c        0x8 ./Middlewares/SubGHz_Phy/radio.o
 .text.RadioStartCad
                0x0000000008005834       0x28 ./Middlewares/SubGHz_Phy/radio.o
 .text.RadioRx  0x000000000800585c       0x70 ./Middlewares/SubGHz_Phy/radio.o
 .text.RadioSleep
                0x00000000080058cc       0x12 ./Middlewares/SubGHz_Phy/radio.o
 *fill*         0x00000000080058de        0x2 
 .text.RadioSend
                0x00000000080058e0      0x1a4 ./Middlewares/SubGHz_Phy/radio.o
 .text.RadioRandom
                0x0000000008005a84       0x14 ./Middlewares/SubGHz_Phy/radio.o
 .text.RadioSetModem
                0x0000000008005a98       0x7c ./Middlewares/SubGHz_Phy/radio.o
 .text.RadioSetTxGenericConfig
                0x0000000008005b14      0x310 ./Middlewares/SubGHz_Phy/radio.o
 .text.RadioSetRxGenericConfig
                0x0000000008005e24      0x27c ./Middlewares/SubGHz_Phy/radio.o
 .text.RadioSetPublicNetwork
                0x00000000080060a0       0x44 ./Middlewares/SubGHz_Phy/radio.o
 .text.RadioSetTxConfig
                0x00000000080060e4      0x1ac ./Middlewares/SubGHz_Phy/radio.o
 .text.RadioSetRxConfig
                0x0000000008006290      0x2f8 ./Middlewares/SubGHz_Phy/radio.o
 .text.RadioIsChannelFree
                0x0000000008006588       0x7c ./Middlewares/SubGHz_Phy/radio.o
 .text.RadioInit
                0x0000000008006604       0x98 ./Middlewares/SubGHz_Phy/radio.o
 .text.SUBGRF_GetOperatingMode
                0x000000000800669c        0xc ./Middlewares/SubGHz_Phy/radio_driver.o
                0x000000000800669c                SUBGRF_GetOperatingMode
 .text.SUBGRF_GetPacketType
                0x00000000080066a8        0xc ./Middlewares/SubGHz_Phy/radio_driver.o
                0x00000000080066a8                SUBGRF_GetPacketType
 .text.SUBGRF_WriteRegister
                0x00000000080066b4       0x20 ./Middlewares/SubGHz_Phy/radio_driver.o
                0x00000000080066b4                SUBGRF_WriteRegister
 .text.SUBGRF_ReadRegister
                0x00000000080066d4       0x20 ./Middlewares/SubGHz_Phy/radio_driver.o
                0x00000000080066d4                SUBGRF_ReadRegister
 .text.Radio_SMPS_Set
                0x00000000080066f4       0x26 ./Middlewares/SubGHz_Phy/radio_driver.o
 .text.SUBGRF_SetWhiteningSeed
                0x000000000800671a       0x32 ./Middlewares/SubGHz_Phy/radio_driver.o
                0x000000000800671a                SUBGRF_SetWhiteningSeed
 .text.SUBGRF_WriteRegisters
                0x000000000800674c       0x20 ./Middlewares/SubGHz_Phy/radio_driver.o
                0x000000000800674c                SUBGRF_WriteRegisters
 .text.SUBGRF_SetSyncWord
                0x000000000800676c       0x12 ./Middlewares/SubGHz_Phy/radio_driver.o
                0x000000000800676c                SUBGRF_SetSyncWord
 .text.SUBGRF_SetCrcSeed
                0x000000000800677e       0x28 ./Middlewares/SubGHz_Phy/radio_driver.o
                0x000000000800677e                SUBGRF_SetCrcSeed
 .text.SUBGRF_SetCrcPolynomial
                0x00000000080067a6       0x28 ./Middlewares/SubGHz_Phy/radio_driver.o
                0x00000000080067a6                SUBGRF_SetCrcPolynomial
 *fill*         0x00000000080067ce        0x2 
 .text.SUBGRF_ReadRegisters
                0x00000000080067d0       0x20 ./Middlewares/SubGHz_Phy/radio_driver.o
                0x00000000080067d0                SUBGRF_ReadRegisters
 .text.SUBGRF_WriteBuffer
                0x00000000080067f0       0x20 ./Middlewares/SubGHz_Phy/radio_driver.o
                0x00000000080067f0                SUBGRF_WriteBuffer
 .text.SUBGRF_SetPayload
                0x0000000008006810        0xe ./Middlewares/SubGHz_Phy/radio_driver.o
                0x0000000008006810                SUBGRF_SetPayload
 *fill*         0x000000000800681e        0x2 
 .text.SUBGRF_ReadBuffer
                0x0000000008006820       0x20 ./Middlewares/SubGHz_Phy/radio_driver.o
                0x0000000008006820                SUBGRF_ReadBuffer
 .text.SUBGRF_WriteCommand
                0x0000000008006840       0x20 ./Middlewares/SubGHz_Phy/radio_driver.o
                0x0000000008006840                SUBGRF_WriteCommand
 .text.SUBGRF_SetSleep
                0x0000000008006860       0x40 ./Middlewares/SubGHz_Phy/radio_driver.o
                0x0000000008006860                SUBGRF_SetSleep
 .text.SUBGRF_SetStandby
                0x00000000080068a0       0x34 ./Middlewares/SubGHz_Phy/radio_driver.o
                0x00000000080068a0                SUBGRF_SetStandby
 .text.SUBGRF_SetTx
                0x00000000080068d4       0x34 ./Middlewares/SubGHz_Phy/radio_driver.o
                0x00000000080068d4                SUBGRF_SetTx
 .text.SUBGRF_SendPayload
                0x0000000008006908       0x10 ./Middlewares/SubGHz_Phy/radio_driver.o
                0x0000000008006908                SUBGRF_SendPayload
 .text.SUBGRF_SetRx
                0x0000000008006918       0x34 ./Middlewares/SubGHz_Phy/radio_driver.o
                0x0000000008006918                SUBGRF_SetRx
 .text.SUBGRF_GetRandom
                0x000000000800694c       0x6a ./Middlewares/SubGHz_Phy/radio_driver.o
                0x000000000800694c                SUBGRF_GetRandom
 *fill*         0x00000000080069b6        0x2 
 .text.SUBGRF_SetRxBoosted
                0x00000000080069b8       0x3c ./Middlewares/SubGHz_Phy/radio_driver.o
                0x00000000080069b8                SUBGRF_SetRxBoosted
 .text.SUBGRF_SetRxDutyCycle
                0x00000000080069f4       0x48 ./Middlewares/SubGHz_Phy/radio_driver.o
                0x00000000080069f4                SUBGRF_SetRxDutyCycle
 .text.SUBGRF_SetCad
                0x0000000008006a3c       0x18 ./Middlewares/SubGHz_Phy/radio_driver.o
                0x0000000008006a3c                SUBGRF_SetCad
 .text.SUBGRF_SetTxContinuousWave
                0x0000000008006a54        0xe ./Middlewares/SubGHz_Phy/radio_driver.o
                0x0000000008006a54                SUBGRF_SetTxContinuousWave
 .text.SUBGRF_SetTxInfinitePreamble
                0x0000000008006a62        0xe ./Middlewares/SubGHz_Phy/radio_driver.o
                0x0000000008006a62                SUBGRF_SetTxInfinitePreamble
 .text.SUBGRF_SetStopRxTimerOnPreambleDetect
                0x0000000008006a70       0x1a ./Middlewares/SubGHz_Phy/radio_driver.o
                0x0000000008006a70                SUBGRF_SetStopRxTimerOnPreambleDetect
 .text.SUBGRF_SetLoRaSymbNumTimeout
                0x0000000008006a8a       0x42 ./Middlewares/SubGHz_Phy/radio_driver.o
                0x0000000008006a8a                SUBGRF_SetLoRaSymbNumTimeout
 .text.SUBGRF_SetRegulatorMode
                0x0000000008006acc       0x2c ./Middlewares/SubGHz_Phy/radio_driver.o
                0x0000000008006acc                SUBGRF_SetRegulatorMode
 .text.SUBGRF_Calibrate
                0x0000000008006af8       0x42 ./Middlewares/SubGHz_Phy/radio_driver.o
                0x0000000008006af8                SUBGRF_Calibrate
 *fill*         0x0000000008006b3a        0x2 
 .text.SUBGRF_CalibrateImage
                0x0000000008006b3c       0x98 ./Middlewares/SubGHz_Phy/radio_driver.o
                0x0000000008006b3c                SUBGRF_CalibrateImage
 .text.SUBGRF_SetPaConfig
                0x0000000008006bd4       0x26 ./Middlewares/SubGHz_Phy/radio_driver.o
                0x0000000008006bd4                SUBGRF_SetPaConfig
 .text.SUBGRF_SetDioIrqParams
                0x0000000008006bfa       0x3e ./Middlewares/SubGHz_Phy/radio_driver.o
                0x0000000008006bfa                SUBGRF_SetDioIrqParams
 .text.SUBGRF_SetTcxoMode
                0x0000000008006c38       0x32 ./Middlewares/SubGHz_Phy/radio_driver.o
                0x0000000008006c38                SUBGRF_SetTcxoMode
 *fill*         0x0000000008006c6a        0x2 
 .text.SUBGRF_Init
                0x0000000008006c6c       0x74 ./Middlewares/SubGHz_Phy/radio_driver.o
                0x0000000008006c6c                SUBGRF_Init
 .text.SUBGRF_SetRfFrequency
                0x0000000008006ce0       0x58 ./Middlewares/SubGHz_Phy/radio_driver.o
                0x0000000008006ce0                SUBGRF_SetRfFrequency
 .text.SUBGRF_SetPacketType
                0x0000000008006d38       0x34 ./Middlewares/SubGHz_Phy/radio_driver.o
                0x0000000008006d38                SUBGRF_SetPacketType
 .text.SUBGRF_SetTxParams
                0x0000000008006d6c      0x11a ./Middlewares/SubGHz_Phy/radio_driver.o
                0x0000000008006d6c                SUBGRF_SetTxParams
 *fill*         0x0000000008006e86        0x2 
 .text.SUBGRF_SetModulationParams
                0x0000000008006e88      0x110 ./Middlewares/SubGHz_Phy/radio_driver.o
                0x0000000008006e88                SUBGRF_SetModulationParams
 .text.SUBGRF_SetPacketParams
                0x0000000008006f98       0xe4 ./Middlewares/SubGHz_Phy/radio_driver.o
                0x0000000008006f98                SUBGRF_SetPacketParams
 .text.SUBGRF_SetBufferBaseAddress
                0x000000000800707c       0x1c ./Middlewares/SubGHz_Phy/radio_driver.o
                0x000000000800707c                SUBGRF_SetBufferBaseAddress
 .text.SUBGRF_ReadCommand
                0x0000000008007098       0x20 ./Middlewares/SubGHz_Phy/radio_driver.o
                0x0000000008007098                SUBGRF_ReadCommand
 .text.SUBGRF_GetRssiInst
                0x00000000080070b8       0x1c ./Middlewares/SubGHz_Phy/radio_driver.o
                0x00000000080070b8                SUBGRF_GetRssiInst
 .text.SUBGRF_GetRxBufferStatus
                0x00000000080070d4       0x44 ./Middlewares/SubGHz_Phy/radio_driver.o
                0x00000000080070d4                SUBGRF_GetRxBufferStatus
 .text.SUBGRF_GetPayload
                0x0000000008007118       0x34 ./Middlewares/SubGHz_Phy/radio_driver.o
                0x0000000008007118                SUBGRF_GetPayload
 .text.SUBGRF_GetPacketStatus
                0x000000000800714c       0x78 ./Middlewares/SubGHz_Phy/radio_driver.o
                0x000000000800714c                SUBGRF_GetPacketStatus
 .text.SUBGRF_SetSwitch
                0x00000000080071c4       0x28 ./Middlewares/SubGHz_Phy/radio_driver.o
                0x00000000080071c4                SUBGRF_SetSwitch
 .text.SUBGRF_SetRfTxPower
                0x00000000080071ec       0x2e ./Middlewares/SubGHz_Phy/radio_driver.o
                0x00000000080071ec                SUBGRF_SetRfTxPower
 .text.SUBGRF_GetRadioWakeUpTime
                0x000000000800721a        0x4 ./Middlewares/SubGHz_Phy/radio_driver.o
                0x000000000800721a                SUBGRF_GetRadioWakeUpTime
 *fill*         0x000000000800721e        0x2 
 .text.HAL_SUBGHZ_TxCpltCallback
                0x0000000008007220       0x10 ./Middlewares/SubGHz_Phy/radio_driver.o
                0x0000000008007220                HAL_SUBGHZ_TxCpltCallback
 .text.HAL_SUBGHZ_RxCpltCallback
                0x0000000008007230       0x10 ./Middlewares/SubGHz_Phy/radio_driver.o
                0x0000000008007230                HAL_SUBGHZ_RxCpltCallback
 .text.HAL_SUBGHZ_CRCErrorCallback
                0x0000000008007240       0x10 ./Middlewares/SubGHz_Phy/radio_driver.o
                0x0000000008007240                HAL_SUBGHZ_CRCErrorCallback
 .text.HAL_SUBGHZ_CADStatusCallback
                0x0000000008007250       0x24 ./Middlewares/SubGHz_Phy/radio_driver.o
                0x0000000008007250                HAL_SUBGHZ_CADStatusCallback
 .text.HAL_SUBGHZ_RxTxTimeoutCallback
                0x0000000008007274       0x14 ./Middlewares/SubGHz_Phy/radio_driver.o
                0x0000000008007274                HAL_SUBGHZ_RxTxTimeoutCallback
 .text.HAL_SUBGHZ_HeaderErrorCallback
                0x0000000008007288       0x10 ./Middlewares/SubGHz_Phy/radio_driver.o
                0x0000000008007288                HAL_SUBGHZ_HeaderErrorCallback
 .text.HAL_SUBGHZ_PreambleDetectedCallback
                0x0000000008007298       0x10 ./Middlewares/SubGHz_Phy/radio_driver.o
                0x0000000008007298                HAL_SUBGHZ_PreambleDetectedCallback
 .text.HAL_SUBGHZ_SyncWordValidCallback
                0x00000000080072a8       0x10 ./Middlewares/SubGHz_Phy/radio_driver.o
                0x00000000080072a8                HAL_SUBGHZ_SyncWordValidCallback
 .text.HAL_SUBGHZ_HeaderValidCallback
                0x00000000080072b8       0x10 ./Middlewares/SubGHz_Phy/radio_driver.o
                0x00000000080072b8                HAL_SUBGHZ_HeaderValidCallback
 .text.HAL_SUBGHZ_LrFhssHopCallback
                0x00000000080072c8       0x14 ./Middlewares/SubGHz_Phy/radio_driver.o
                0x00000000080072c8                HAL_SUBGHZ_LrFhssHopCallback
 .text.SUBGRF_GetFskBandwidthRegValue
                0x00000000080072dc       0x30 ./Middlewares/SubGHz_Phy/radio_driver.o
                0x00000000080072dc                SUBGRF_GetFskBandwidthRegValue
 .text.SUBGRF_GetCFO
                0x000000000800730c       0x88 ./Middlewares/SubGHz_Phy/radio_driver.o
                0x000000000800730c                SUBGRF_GetCFO
 .text.RFW_TransmitLongPacket
                0x0000000008007394        0x6 ./Middlewares/SubGHz_Phy/radio_fw.o
                0x0000000008007394                RFW_TransmitLongPacket
 .text.RFW_ReceiveLongPacket
                0x000000000800739a        0x6 ./Middlewares/SubGHz_Phy/radio_fw.o
                0x000000000800739a                RFW_ReceiveLongPacket
 .text.RFW_Init
                0x00000000080073a0        0x6 ./Middlewares/SubGHz_Phy/radio_fw.o
                0x00000000080073a0                RFW_Init
 .text.RFW_DeInit
                0x00000000080073a6        0x2 ./Middlewares/SubGHz_Phy/radio_fw.o
                0x00000000080073a6                RFW_DeInit
 .text.RFW_Is_Init
                0x00000000080073a8        0x4 ./Middlewares/SubGHz_Phy/radio_fw.o
                0x00000000080073a8                RFW_Is_Init
 .text.RFW_Is_LongPacketModeEnabled
                0x00000000080073ac        0x4 ./Middlewares/SubGHz_Phy/radio_fw.o
                0x00000000080073ac                RFW_Is_LongPacketModeEnabled
 .text.RFW_SetAntSwitch
                0x00000000080073b0        0x2 ./Middlewares/SubGHz_Phy/radio_fw.o
                0x00000000080073b0                RFW_SetAntSwitch
 .text.RFW_TransmitInit
                0x00000000080073b2        0x6 ./Middlewares/SubGHz_Phy/radio_fw.o
                0x00000000080073b2                RFW_TransmitInit
 .text.RFW_ReceiveInit
                0x00000000080073b8        0x6 ./Middlewares/SubGHz_Phy/radio_fw.o
                0x00000000080073b8                RFW_ReceiveInit
 .text.RFW_DeInit_TxLongPacket
                0x00000000080073be        0x2 ./Middlewares/SubGHz_Phy/radio_fw.o
                0x00000000080073be                RFW_DeInit_TxLongPacket
 .text.RFW_ReceivePayload
                0x00000000080073c0        0x2 ./Middlewares/SubGHz_Phy/radio_fw.o
                0x00000000080073c0                RFW_ReceivePayload
 .text.RFW_SetRadioModem
                0x00000000080073c2        0x2 ./Middlewares/SubGHz_Phy/radio_fw.o
                0x00000000080073c2                RFW_SetRadioModem
 .text.TRACE_AllocateBufer
                0x00000000080073c4       0x88 ./Utilities/stm32_adv_trace.o
 .text.TRACE_Lock
                0x000000000800744c       0x18 ./Utilities/stm32_adv_trace.o
 .text.TRACE_UnLock
                0x0000000008007464       0x18 ./Utilities/stm32_adv_trace.o
 .text.TRACE_IsLocked
                0x000000000800747c       0x10 ./Utilities/stm32_adv_trace.o
 .text.UTIL_ADV_TRACE_Init
                0x000000000800748c       0x34 ./Utilities/stm32_adv_trace.o
                0x000000000800748c                UTIL_ADV_TRACE_Init
 .text.UTIL_ADV_TRACE_RegisterTimeStampFunction
                0x00000000080074c0        0xc ./Utilities/stm32_adv_trace.o
                0x00000000080074c0                UTIL_ADV_TRACE_RegisterTimeStampFunction
 .text.UTIL_ADV_TRACE_SetVerboseLevel
                0x00000000080074cc        0xc ./Utilities/stm32_adv_trace.o
                0x00000000080074cc                UTIL_ADV_TRACE_SetVerboseLevel
 .text.TRACE_Send
                0x00000000080074d8       0x9c ./Utilities/stm32_adv_trace.o
 .text.UTIL_ADV_TRACE_COND_FSend
                0x0000000008007574       0xc8 ./Utilities/stm32_adv_trace.o
                0x0000000008007574                UTIL_ADV_TRACE_COND_FSend
 .text.TRACE_TxCpltCallback
                0x000000000800763c       0xb0 ./Utilities/stm32_adv_trace.o
 .text.UTIL_LPM_Init
                0x00000000080076ec       0x14 ./Utilities/stm32_lpm.o
                0x00000000080076ec                UTIL_LPM_Init
 .text.UTIL_LPM_SetStopMode
                0x0000000008007700       0x2c ./Utilities/stm32_lpm.o
                0x0000000008007700                UTIL_LPM_SetStopMode
 .text.UTIL_LPM_SetOffMode
                0x000000000800772c       0x2c ./Utilities/stm32_lpm.o
                0x000000000800772c                UTIL_LPM_SetOffMode
 .text.UTIL_LPM_EnterLowPower
                0x0000000008007758       0x48 ./Utilities/stm32_lpm.o
                0x0000000008007758                UTIL_LPM_EnterLowPower
 .text.UTIL_MEM_cpy_8
                0x00000000080077a0       0x16 ./Utilities/stm32_mem.o
                0x00000000080077a0                UTIL_MEM_cpy_8
 .text.UTIL_MEM_set_8
                0x00000000080077b6       0x12 ./Utilities/stm32_mem.o
                0x00000000080077b6                UTIL_MEM_set_8
 .text.UTIL_SEQ_SetTask
                0x00000000080077c8       0x28 ./Utilities/stm32_seq.o
                0x00000000080077c8                UTIL_SEQ_SetTask
 .text.UTIL_SEQ_PreIdle
                0x00000000080077f0        0x2 ./Utilities/stm32_seq.o
                0x00000000080077f0                UTIL_SEQ_PreIdle
 .text.UTIL_SEQ_PostIdle
                0x00000000080077f2        0x2 ./Utilities/stm32_seq.o
                0x00000000080077f2                UTIL_SEQ_PostIdle
 .text.SEQ_BitPosition
                0x00000000080077f4       0x3c ./Utilities/stm32_seq.o
                0x00000000080077f4                SEQ_BitPosition
 .text.UTIL_SEQ_Run
                0x0000000008007830      0x12c ./Utilities/stm32_seq.o
                0x0000000008007830                UTIL_SEQ_Run
 .text.UTIL_SEQ_RegTask
                0x000000000800795c       0x20 ./Utilities/stm32_seq.o
                0x000000000800795c                UTIL_SEQ_RegTask
 .text.SysTimeAdd
                0x000000000800797c       0x3e ./Utilities/stm32_systime.o
                0x000000000800797c                SysTimeAdd
 *fill*         0x00000000080079ba        0x2 
 .text.SysTimeGet
                0x00000000080079bc       0x44 ./Utilities/stm32_systime.o
                0x00000000080079bc                SysTimeGet
 .text.UTIL_TIMER_Init
                0x0000000008007a00       0x18 ./Utilities/stm32_timer.o
                0x0000000008007a00                UTIL_TIMER_Init
 .text.UTIL_TIMER_Create
                0x0000000008007a18       0x3c ./Utilities/stm32_timer.o
                0x0000000008007a18                UTIL_TIMER_Create
 .text.UTIL_TIMER_GetCurrentTime
                0x0000000008007a54       0x14 ./Utilities/stm32_timer.o
                0x0000000008007a54                UTIL_TIMER_GetCurrentTime
 .text.UTIL_TIMER_GetElapsedTime
                0x0000000008007a68       0x20 ./Utilities/stm32_timer.o
                0x0000000008007a68                UTIL_TIMER_GetElapsedTime
 .text.TimerExists
                0x0000000008007a88       0x1c ./Utilities/stm32_timer.o
                0x0000000008007a88                TimerExists
 .text.TimerSetTimeout
                0x0000000008007aa4       0x30 ./Utilities/stm32_timer.o
                0x0000000008007aa4                TimerSetTimeout
 .text.UTIL_TIMER_Stop
                0x0000000008007ad4       0x6c ./Utilities/stm32_timer.o
                0x0000000008007ad4                UTIL_TIMER_Stop
 .text.TimerInsertTimer
                0x0000000008007b40       0x2c ./Utilities/stm32_timer.o
                0x0000000008007b40                TimerInsertTimer
 .text.TimerInsertNewHeadTimer
                0x0000000008007b6c       0x1c ./Utilities/stm32_timer.o
                0x0000000008007b6c                TimerInsertNewHeadTimer
 .text.UTIL_TIMER_Start
                0x0000000008007b88       0x8c ./Utilities/stm32_timer.o
                0x0000000008007b88                UTIL_TIMER_Start
 .text.UTIL_TIMER_SetPeriod
                0x0000000008007c14       0x34 ./Utilities/stm32_timer.o
                0x0000000008007c14                UTIL_TIMER_SetPeriod
 .text.UTIL_TIMER_IRQ_Handler
                0x0000000008007c48       0x8c ./Utilities/stm32_timer.o
                0x0000000008007c48                UTIL_TIMER_IRQ_Handler
 .text.ee_skip_atoi
                0x0000000008007cd4       0x26 ./Utilities/stm32_tiny_vsnprintf.o
 *fill*         0x0000000008007cfa        0x2 
 .text.ee_number
                0x0000000008007cfc      0x114 ./Utilities/stm32_tiny_vsnprintf.o
 .text.tiny_vsnprintf_like
                0x0000000008007e10      0x188 ./Utilities/stm32_tiny_vsnprintf.o
                0x0000000008007e10                tiny_vsnprintf_like
 .text.rand     0x0000000008007f98       0x7c C:/ST/STM32CubeIDE_1.14.0/STM32CubeIDE/plugins/com.st.stm32cube.ide.mcu.externaltools.gnu-tools-for-stm32.11.3.rel1.win32_1.1.100.202309141235/tools/bin/../lib/gcc/arm-none-eabi/11.3.1/../../../../arm-none-eabi/lib/thumb/v7e-m/nofp\libc_nano.a(libc_a-rand.o)
                0x0000000008007f98                rand
 .text.std      0x0000000008008014       0x6c C:/ST/STM32CubeIDE_1.14.0/STM32CubeIDE/plugins/com.st.stm32cube.ide.mcu.externaltools.gnu-tools-for-stm32.11.3.rel1.win32_1.1.100.202309141235/tools/bin/../lib/gcc/arm-none-eabi/11.3.1/../../../../arm-none-eabi/lib/thumb/v7e-m/nofp\libc_nano.a(libc_a-findfp.o)
 .text.stdio_exit_handler
                0x0000000008008080       0x18 C:/ST/STM32CubeIDE_1.14.0/STM32CubeIDE/plugins/com.st.stm32cube.ide.mcu.externaltools.gnu-tools-for-stm32.11.3.rel1.win32_1.1.100.202309141235/tools/bin/../lib/gcc/arm-none-eabi/11.3.1/../../../../arm-none-eabi/lib/thumb/v7e-m/nofp\libc_nano.a(libc_a-findfp.o)
 .text.cleanup_stdio
                0x0000000008008098       0x40 C:/ST/STM32CubeIDE_1.14.0/STM32CubeIDE/plugins/com.st.stm32cube.ide.mcu.externaltools.gnu-tools-for-stm32.11.3.rel1.win32_1.1.100.202309141235/tools/bin/../lib/gcc/arm-none-eabi/11.3.1/../../../../arm-none-eabi/lib/thumb/v7e-m/nofp\libc_nano.a(libc_a-findfp.o)
 .text.global_stdio_init.part.0
                0x00000000080080d8       0x3c C:/ST/STM32CubeIDE_1.14.0/STM32CubeIDE/plugins/com.st.stm32cube.ide.mcu.externaltools.gnu-tools-for-stm32.11.3.rel1.win32_1.1.100.202309141235/tools/bin/../lib/gcc/arm-none-eabi/11.3.1/../../../../arm-none-eabi/lib/thumb/v7e-m/nofp\libc_nano.a(libc_a-findfp.o)
 .text.__sfp_lock_acquire
                0x0000000008008114        0xc C:/ST/STM32CubeIDE_1.14.0/STM32CubeIDE/plugins/com.st.stm32cube.ide.mcu.externaltools.gnu-tools-for-stm32.11.3.rel1.win32_1.1.100.202309141235/tools/bin/../lib/gcc/arm-none-eabi/11.3.1/../../../../arm-none-eabi/lib/thumb/v7e-m/nofp\libc_nano.a(libc_a-findfp.o)
                0x0000000008008114                __sfp_lock_acquire
 .text.__sfp_lock_release
                0x0000000008008120        0xc C:/ST/STM32CubeIDE_1.14.0/STM32CubeIDE/plugins/com.st.stm32cube.ide.mcu.externaltools.gnu-tools-for-stm32.11.3.rel1.win32_1.1.100.202309141235/tools/bin/../lib/gcc/arm-none-eabi/11.3.1/../../../../arm-none-eabi/lib/thumb/v7e-m/nofp\libc_nano.a(libc_a-findfp.o)
                0x0000000008008120                __sfp_lock_release
 .text.__sinit  0x000000000800812c       0x30 C:/ST/STM32CubeIDE_1.14.0/STM32CubeIDE/plugins/com.st.stm32cube.ide.mcu.externaltools.gnu-tools-for-stm32.11.3.rel1.win32_1.1.100.202309141235/tools/bin/../lib/gcc/arm-none-eabi/11.3.1/../../../../arm-none-eabi/lib/thumb/v7e-m/nofp\libc_nano.a(libc_a-findfp.o)
                0x000000000800812c                __sinit
 .text._fwalk_sglue
                0x000000000800815c       0x3c C:/ST/STM32CubeIDE_1.14.0/STM32CubeIDE/plugins/com.st.stm32cube.ide.mcu.externaltools.gnu-tools-for-stm32.11.3.rel1.win32_1.1.100.202309141235/tools/bin/../lib/gcc/arm-none-eabi/11.3.1/../../../../arm-none-eabi/lib/thumb/v7e-m/nofp\libc_nano.a(libc_a-fwalk.o)
                0x000000000800815c                _fwalk_sglue
 .text.sprintf  0x0000000008008198       0x40 C:/ST/STM32CubeIDE_1.14.0/STM32CubeIDE/plugins/com.st.stm32cube.ide.mcu.externaltools.gnu-tools-for-stm32.11.3.rel1.win32_1.1.100.202309141235/tools/bin/../lib/gcc/arm-none-eabi/11.3.1/../../../../arm-none-eabi/lib/thumb/v7e-m/nofp\libc_nano.a(libc_a-sprintf.o)
                0x0000000008008198                siprintf
                0x0000000008008198                sprintf
 .text.__sread  0x00000000080081d8       0x22 C:/ST/STM32CubeIDE_1.14.0/STM32CubeIDE/plugins/com.st.stm32cube.ide.mcu.externaltools.gnu-tools-for-stm32.11.3.rel1.win32_1.1.100.202309141235/tools/bin/../lib/gcc/arm-none-eabi/11.3.1/../../../../arm-none-eabi/lib/thumb/v7e-m/nofp\libc_nano.a(libc_a-stdio.o)
                0x00000000080081d8                __sread
 .text.__swrite
                0x00000000080081fa       0x38 C:/ST/STM32CubeIDE_1.14.0/STM32CubeIDE/plugins/com.st.stm32cube.ide.mcu.externaltools.gnu-tools-for-stm32.11.3.rel1.win32_1.1.100.202309141235/tools/bin/../lib/gcc/arm-none-eabi/11.3.1/../../../../arm-none-eabi/lib/thumb/v7e-m/nofp\libc_nano.a(libc_a-stdio.o)
                0x00000000080081fa                __swrite
 .text.__sseek  0x0000000008008232       0x24 C:/ST/STM32CubeIDE_1.14.0/STM32CubeIDE/plugins/com.st.stm32cube.ide.mcu.externaltools.gnu-tools-for-stm32.11.3.rel1.win32_1.1.100.202309141235/tools/bin/../lib/gcc/arm-none-eabi/11.3.1/../../../../arm-none-eabi/lib/thumb/v7e-m/nofp\libc_nano.a(libc_a-stdio.o)
                0x0000000008008232                __sseek
 .text.__sclose
                0x0000000008008256        0x8 C:/ST/STM32CubeIDE_1.14.0/STM32CubeIDE/plugins/com.st.stm32cube.ide.mcu.externaltools.gnu-tools-for-stm32.11.3.rel1.win32_1.1.100.202309141235/tools/bin/../lib/gcc/arm-none-eabi/11.3.1/../../../../arm-none-eabi/lib/thumb/v7e-m/nofp\libc_nano.a(libc_a-stdio.o)
                0x0000000008008256                __sclose
 .text.memset   0x000000000800825e       0x10 C:/ST/STM32CubeIDE_1.14.0/STM32CubeIDE/plugins/com.st.stm32cube.ide.mcu.externaltools.gnu-tools-for-stm32.11.3.rel1.win32_1.1.100.202309141235/tools/bin/../lib/gcc/arm-none-eabi/11.3.1/../../../../arm-none-eabi/lib/thumb/v7e-m/nofp\libc_nano.a(libc_a-memset.o)
                0x000000000800825e                memset
 .text.strcat   0x000000000800826e       0x1e C:/ST/STM32CubeIDE_1.14.0/STM32CubeIDE/plugins/com.st.stm32cube.ide.mcu.externaltools.gnu-tools-for-stm32.11.3.rel1.win32_1.1.100.202309141235/tools/bin/../lib/gcc/arm-none-eabi/11.3.1/../../../../arm-none-eabi/lib/thumb/v7e-m/nofp\libc_nano.a(libc_a-strcat.o)
                0x000000000800826e                strcat
 .text.strncmp  0x000000000800828c       0x24 C:/ST/STM32CubeIDE_1.14.0/STM32CubeIDE/plugins/com.st.stm32cube.ide.mcu.externaltools.gnu-tools-for-stm32.11.3.rel1.win32_1.1.100.202309141235/tools/bin/../lib/gcc/arm-none-eabi/11.3.1/../../../../arm-none-eabi/lib/thumb/v7e-m/nofp\libc_nano.a(libc_a-strncmp.o)
                0x000000000800828c                strncmp
 .text._close_r
                0x00000000080082b0       0x20 C:/ST/STM32CubeIDE_1.14.0/STM32CubeIDE/plugins/com.st.stm32cube.ide.mcu.externaltools.gnu-tools-for-stm32.11.3.rel1.win32_1.1.100.202309141235/tools/bin/../lib/gcc/arm-none-eabi/11.3.1/../../../../arm-none-eabi/lib/thumb/v7e-m/nofp\libc_nano.a(libc_a-closer.o)
                0x00000000080082b0                _close_r
 .text._lseek_r
                0x00000000080082d0       0x24 C:/ST/STM32CubeIDE_1.14.0/STM32CubeIDE/plugins/com.st.stm32cube.ide.mcu.externaltools.gnu-tools-for-stm32.11.3.rel1.win32_1.1.100.202309141235/tools/bin/../lib/gcc/arm-none-eabi/11.3.1/../../../../arm-none-eabi/lib/thumb/v7e-m/nofp\libc_nano.a(libc_a-lseekr.o)
                0x00000000080082d0                _lseek_r
 .text._read_r  0x00000000080082f4       0x24 C:/ST/STM32CubeIDE_1.14.0/STM32CubeIDE/plugins/com.st.stm32cube.ide.mcu.externaltools.gnu-tools-for-stm32.11.3.rel1.win32_1.1.100.202309141235/tools/bin/../lib/gcc/arm-none-eabi/11.3.1/../../../../arm-none-eabi/lib/thumb/v7e-m/nofp\libc_nano.a(libc_a-readr.o)
                0x00000000080082f4                _read_r
 .text._write_r
                0x0000000008008318       0x24 C:/ST/STM32CubeIDE_1.14.0/STM32CubeIDE/plugins/com.st.stm32cube.ide.mcu.externaltools.gnu-tools-for-stm32.11.3.rel1.win32_1.1.100.202309141235/tools/bin/../lib/gcc/arm-none-eabi/11.3.1/../../../../arm-none-eabi/lib/thumb/v7e-m/nofp\libc_nano.a(libc_a-writer.o)
                0x0000000008008318                _write_r
 .text.__errno  0x000000000800833c        0xc C:/ST/STM32CubeIDE_1.14.0/STM32CubeIDE/plugins/com.st.stm32cube.ide.mcu.externaltools.gnu-tools-for-stm32.11.3.rel1.win32_1.1.100.202309141235/tools/bin/../lib/gcc/arm-none-eabi/11.3.1/../../../../arm-none-eabi/lib/thumb/v7e-m/nofp\libc_nano.a(libc_a-errno.o)
                0x000000000800833c                __errno
 .text.__libc_init_array
                0x0000000008008348       0x48 C:/ST/STM32CubeIDE_1.14.0/STM32CubeIDE/plugins/com.st.stm32cube.ide.mcu.externaltools.gnu-tools-for-stm32.11.3.rel1.win32_1.1.100.202309141235/tools/bin/../lib/gcc/arm-none-eabi/11.3.1/../../../../arm-none-eabi/lib/thumb/v7e-m/nofp\libc_nano.a(libc_a-init.o)
                0x0000000008008348                __libc_init_array
 .text.__retarget_lock_init_recursive
                0x0000000008008390        0x2 C:/ST/STM32CubeIDE_1.14.0/STM32CubeIDE/plugins/com.st.stm32cube.ide.mcu.externaltools.gnu-tools-for-stm32.11.3.rel1.win32_1.1.100.202309141235/tools/bin/../lib/gcc/arm-none-eabi/11.3.1/../../../../arm-none-eabi/lib/thumb/v7e-m/nofp\libc_nano.a(libc_a-lock.o)
                0x0000000008008390                __retarget_lock_init_recursive
 .text.__retarget_lock_acquire_recursive
                0x0000000008008392        0x2 C:/ST/STM32CubeIDE_1.14.0/STM32CubeIDE/plugins/com.st.stm32cube.ide.mcu.externaltools.gnu-tools-for-stm32.11.3.rel1.win32_1.1.100.202309141235/tools/bin/../lib/gcc/arm-none-eabi/11.3.1/../../../../arm-none-eabi/lib/thumb/v7e-m/nofp\libc_nano.a(libc_a-lock.o)
                0x0000000008008392                __retarget_lock_acquire_recursive
 .text.__retarget_lock_release_recursive
                0x0000000008008394        0x2 C:/ST/STM32CubeIDE_1.14.0/STM32CubeIDE/plugins/com.st.stm32cube.ide.mcu.externaltools.gnu-tools-for-stm32.11.3.rel1.win32_1.1.100.202309141235/tools/bin/../lib/gcc/arm-none-eabi/11.3.1/../../../../arm-none-eabi/lib/thumb/v7e-m/nofp\libc_nano.a(libc_a-lock.o)
                0x0000000008008394                __retarget_lock_release_recursive
 .text.memcpy   0x0000000008008396       0x1c C:/ST/STM32CubeIDE_1.14.0/STM32CubeIDE/plugins/com.st.stm32cube.ide.mcu.externaltools.gnu-tools-for-stm32.11.3.rel1.win32_1.1.100.202309141235/tools/bin/../lib/gcc/arm-none-eabi/11.3.1/../../../../arm-none-eabi/lib/thumb/v7e-m/nofp\libc_nano.a(libc_a-memcpy-stub.o)
                0x0000000008008396                memcpy
 *fill*         0x00000000080083b2        0x2 
 .text.__assert_func
                0x00000000080083b4       0x3c C:/ST/STM32CubeIDE_1.14.0/STM32CubeIDE/plugins/com.st.stm32cube.ide.mcu.externaltools.gnu-tools-for-stm32.11.3.rel1.win32_1.1.100.202309141235/tools/bin/../lib/gcc/arm-none-eabi/11.3.1/../../../../arm-none-eabi/lib/thumb/v7e-m/nofp\libc_nano.a(libc_a-assert.o)
                0x00000000080083b4                __assert_func
 .text._free_r  0x00000000080083f0       0x94 C:/ST/STM32CubeIDE_1.14.0/STM32CubeIDE/plugins/com.st.stm32cube.ide.mcu.externaltools.gnu-tools-for-stm32.11.3.rel1.win32_1.1.100.202309141235/tools/bin/../lib/gcc/arm-none-eabi/11.3.1/../../../../arm-none-eabi/lib/thumb/v7e-m/nofp\libc_nano.a(libc_a-freer.o)
                0x00000000080083f0                _free_r
 .text.malloc   0x0000000008008484       0x10 C:/ST/STM32CubeIDE_1.14.0/STM32CubeIDE/plugins/com.st.stm32cube.ide.mcu.externaltools.gnu-tools-for-stm32.11.3.rel1.win32_1.1.100.202309141235/tools/bin/../lib/gcc/arm-none-eabi/11.3.1/../../../../arm-none-eabi/lib/thumb/v7e-m/nofp\libc_nano.a(libc_a-malloc.o)
                0x0000000008008484                malloc
 .text.sbrk_aligned
                0x0000000008008494       0x40 C:/ST/STM32CubeIDE_1.14.0/STM32CubeIDE/plugins/com.st.stm32cube.ide.mcu.externaltools.gnu-tools-for-stm32.11.3.rel1.win32_1.1.100.202309141235/tools/bin/../lib/gcc/arm-none-eabi/11.3.1/../../../../arm-none-eabi/lib/thumb/v7e-m/nofp\libc_nano.a(libc_a-mallocr.o)
 .text._malloc_r
                0x00000000080084d4      0x100 C:/ST/STM32CubeIDE_1.14.0/STM32CubeIDE/plugins/com.st.stm32cube.ide.mcu.externaltools.gnu-tools-for-stm32.11.3.rel1.win32_1.1.100.202309141235/tools/bin/../lib/gcc/arm-none-eabi/11.3.1/../../../../arm-none-eabi/lib/thumb/v7e-m/nofp\libc_nano.a(libc_a-mallocr.o)
                0x00000000080084d4                _malloc_r
 .text.__malloc_lock
                0x00000000080085d4        0xc C:/ST/STM32CubeIDE_1.14.0/STM32CubeIDE/plugins/com.st.stm32cube.ide.mcu.externaltools.gnu-tools-for-stm32.11.3.rel1.win32_1.1.100.202309141235/tools/bin/../lib/gcc/arm-none-eabi/11.3.1/../../../../arm-none-eabi/lib/thumb/v7e-m/nofp\libc_nano.a(libc_a-mlock.o)
                0x00000000080085d4                __malloc_lock
 .text.__malloc_unlock
                0x00000000080085e0        0xc C:/ST/STM32CubeIDE_1.14.0/STM32CubeIDE/plugins/com.st.stm32cube.ide.mcu.externaltools.gnu-tools-for-stm32.11.3.rel1.win32_1.1.100.202309141235/tools/bin/../lib/gcc/arm-none-eabi/11.3.1/../../../../arm-none-eabi/lib/thumb/v7e-m/nofp\libc_nano.a(libc_a-mlock.o)
                0x00000000080085e0                __malloc_unlock
 .text.__ssputs_r
                0x00000000080085ec       0xb4 C:/ST/STM32CubeIDE_1.14.0/STM32CubeIDE/plugins/com.st.stm32cube.ide.mcu.externaltools.gnu-tools-for-stm32.11.3.rel1.win32_1.1.100.202309141235/tools/bin/../lib/gcc/arm-none-eabi/11.3.1/../../../../arm-none-eabi/lib/thumb/v7e-m/nofp\libc_nano.a(libc_a-nano-svfprintf.o)
                0x00000000080085ec                __ssputs_r
 .text._svfprintf_r
                0x00000000080086a0      0x1fc C:/ST/STM32CubeIDE_1.14.0/STM32CubeIDE/plugins/com.st.stm32cube.ide.mcu.externaltools.gnu-tools-for-stm32.11.3.rel1.win32_1.1.100.202309141235/tools/bin/../lib/gcc/arm-none-eabi/11.3.1/../../../../arm-none-eabi/lib/thumb/v7e-m/nofp\libc_nano.a(libc_a-nano-svfprintf.o)
                0x00000000080086a0                _svfiprintf_r
                0x00000000080086a0                _svfprintf_r
 .text._printf_common
                0x000000000800889c       0xda C:/ST/STM32CubeIDE_1.14.0/STM32CubeIDE/plugins/com.st.stm32cube.ide.mcu.externaltools.gnu-tools-for-stm32.11.3.rel1.win32_1.1.100.202309141235/tools/bin/../lib/gcc/arm-none-eabi/11.3.1/../../../../arm-none-eabi/lib/thumb/v7e-m/nofp\libc_nano.a(libc_a-nano-vfprintf_i.o)
                0x000000000800889c                _printf_common
 *fill*         0x0000000008008976        0x2 
 .text._printf_i
                0x0000000008008978      0x244 C:/ST/STM32CubeIDE_1.14.0/STM32CubeIDE/plugins/com.st.stm32cube.ide.mcu.externaltools.gnu-tools-for-stm32.11.3.rel1.win32_1.1.100.202309141235/tools/bin/../lib/gcc/arm-none-eabi/11.3.1/../../../../arm-none-eabi/lib/thumb/v7e-m/nofp\libc_nano.a(libc_a-nano-vfprintf_i.o)
                0x0000000008008978                _printf_i
 .text.__sflush_r
                0x0000000008008bbc      0x104 C:/ST/STM32CubeIDE_1.14.0/STM32CubeIDE/plugins/com.st.stm32cube.ide.mcu.externaltools.gnu-tools-for-stm32.11.3.rel1.win32_1.1.100.202309141235/tools/bin/../lib/gcc/arm-none-eabi/11.3.1/../../../../arm-none-eabi/lib/thumb/v7e-m/nofp\libc_nano.a(libc_a-fflush.o)
                0x0000000008008bbc                __sflush_r
 .text._fflush_r
                0x0000000008008cc0       0x50 C:/ST/STM32CubeIDE_1.14.0/STM32CubeIDE/plugins/com.st.stm32cube.ide.mcu.externaltools.gnu-tools-for-stm32.11.3.rel1.win32_1.1.100.202309141235/tools/bin/../lib/gcc/arm-none-eabi/11.3.1/../../../../arm-none-eabi/lib/thumb/v7e-m/nofp\libc_nano.a(libc_a-fflush.o)
                0x0000000008008cc0                _fflush_r
 .text.fprintf  0x0000000008008d10       0x24 C:/ST/STM32CubeIDE_1.14.0/STM32CubeIDE/plugins/com.st.stm32cube.ide.mcu.externaltools.gnu-tools-for-stm32.11.3.rel1.win32_1.1.100.202309141235/tools/bin/../lib/gcc/arm-none-eabi/11.3.1/../../../../arm-none-eabi/lib/thumb/v7e-m/nofp\libc_nano.a(libc_a-fprintf.o)
                0x0000000008008d10                fiprintf
                0x0000000008008d10                fprintf
 .text.memmove  0x0000000008008d34       0x34 C:/ST/STM32CubeIDE_1.14.0/STM32CubeIDE/plugins/com.st.stm32cube.ide.mcu.externaltools.gnu-tools-for-stm32.11.3.rel1.win32_1.1.100.202309141235/tools/bin/../lib/gcc/arm-none-eabi/11.3.1/../../../../arm-none-eabi/lib/thumb/v7e-m/nofp\libc_nano.a(libc_a-memmove.o)
                0x0000000008008d34                memmove
 .text._sbrk_r  0x0000000008008d68       0x20 C:/ST/STM32CubeIDE_1.14.0/STM32CubeIDE/plugins/com.st.stm32cube.ide.mcu.externaltools.gnu-tools-for-stm32.11.3.rel1.win32_1.1.100.202309141235/tools/bin/../lib/gcc/arm-none-eabi/11.3.1/../../../../arm-none-eabi/lib/thumb/v7e-m/nofp\libc_nano.a(libc_a-sbrkr.o)
                0x0000000008008d68                _sbrk_r
 .text.abort    0x0000000008008d88        0xe C:/ST/STM32CubeIDE_1.14.0/STM32CubeIDE/plugins/com.st.stm32cube.ide.mcu.externaltools.gnu-tools-for-stm32.11.3.rel1.win32_1.1.100.202309141235/tools/bin/../lib/gcc/arm-none-eabi/11.3.1/../../../../arm-none-eabi/lib/thumb/v7e-m/nofp\libc_nano.a(libc_a-abort.o)
                0x0000000008008d88                abort
 .text._realloc_r
                0x0000000008008d96       0x5e C:/ST/STM32CubeIDE_1.14.0/STM32CubeIDE/plugins/com.st.stm32cube.ide.mcu.externaltools.gnu-tools-for-stm32.11.3.rel1.win32_1.1.100.202309141235/tools/bin/../lib/gcc/arm-none-eabi/11.3.1/../../../../arm-none-eabi/lib/thumb/v7e-m/nofp\libc_nano.a(libc_a-reallocr.o)
                0x0000000008008d96                _realloc_r
 .text.__sfputc_r
                0x0000000008008df4       0x2a C:/ST/STM32CubeIDE_1.14.0/STM32CubeIDE/plugins/com.st.stm32cube.ide.mcu.externaltools.gnu-tools-for-stm32.11.3.rel1.win32_1.1.100.202309141235/tools/bin/../lib/gcc/arm-none-eabi/11.3.1/../../../../arm-none-eabi/lib/thumb/v7e-m/nofp\libc_nano.a(libc_a-nano-vfprintf.o)
 .text.__sfputs_r
                0x0000000008008e1e       0x24 C:/ST/STM32CubeIDE_1.14.0/STM32CubeIDE/plugins/com.st.stm32cube.ide.mcu.externaltools.gnu-tools-for-stm32.11.3.rel1.win32_1.1.100.202309141235/tools/bin/../lib/gcc/arm-none-eabi/11.3.1/../../../../arm-none-eabi/lib/thumb/v7e-m/nofp\libc_nano.a(libc_a-nano-vfprintf.o)
                0x0000000008008e1e                __sfputs_r
 *fill*         0x0000000008008e42        0x2 
 .text._vfprintf_r
                0x0000000008008e44      0x234 C:/ST/STM32CubeIDE_1.14.0/STM32CubeIDE/plugins/com.st.stm32cube.ide.mcu.externaltools.gnu-tools-for-stm32.11.3.rel1.win32_1.1.100.202309141235/tools/bin/../lib/gcc/arm-none-eabi/11.3.1/../../../../arm-none-eabi/lib/thumb/v7e-m/nofp\libc_nano.a(libc_a-nano-vfprintf.o)
                0x0000000008008e44                _vfprintf_r
                0x0000000008008e44                _vfiprintf_r
 .text.__swbuf_r
                0x0000000008009078       0x7a C:/ST/STM32CubeIDE_1.14.0/STM32CubeIDE/plugins/com.st.stm32cube.ide.mcu.externaltools.gnu-tools-for-stm32.11.3.rel1.win32_1.1.100.202309141235/tools/bin/../lib/gcc/arm-none-eabi/11.3.1/../../../../arm-none-eabi/lib/thumb/v7e-m/nofp\libc_nano.a(libc_a-wbuf.o)
                0x0000000008009078                __swbuf_r
 *fill*         0x00000000080090f2        0x2 
 .text.__swsetup_r
                0x00000000080090f4       0xb0 C:/ST/STM32CubeIDE_1.14.0/STM32CubeIDE/plugins/com.st.stm32cube.ide.mcu.externaltools.gnu-tools-for-stm32.11.3.rel1.win32_1.1.100.202309141235/tools/bin/../lib/gcc/arm-none-eabi/11.3.1/../../../../arm-none-eabi/lib/thumb/v7e-m/nofp\libc_nano.a(libc_a-wsetup.o)
                0x00000000080090f4                __swsetup_r
 .text._raise_r
                0x00000000080091a4       0x50 C:/ST/STM32CubeIDE_1.14.0/STM32CubeIDE/plugins/com.st.stm32cube.ide.mcu.externaltools.gnu-tools-for-stm32.11.3.rel1.win32_1.1.100.202309141235/tools/bin/../lib/gcc/arm-none-eabi/11.3.1/../../../../arm-none-eabi/lib/thumb/v7e-m/nofp\libc_nano.a(libc_a-signal.o)
                0x00000000080091a4                _raise_r
 .text.raise    0x00000000080091f4       0x10 C:/ST/STM32CubeIDE_1.14.0/STM32CubeIDE/plugins/com.st.stm32cube.ide.mcu.externaltools.gnu-tools-for-stm32.11.3.rel1.win32_1.1.100.202309141235/tools/bin/../lib/gcc/arm-none-eabi/11.3.1/../../../../arm-none-eabi/lib/thumb/v7e-m/nofp\libc_nano.a(libc_a-signal.o)
                0x00000000080091f4                raise