C:/Users/vicen/STM32Cube/Example/SubGHz_Phy_PingPong/Drivers/STM32WLxx_HAL_Driver/Src/stm32wlxx_hal_rcc.c:1605:26:RCC_SetFlashLatency	48	static
C:/Users/vicen/STM32Cube/Example/SubGHz_Phy_PingPong/Drivers/STM32WLxx_HAL_Driver/Src/stm32wlxx_hal_rcc.c:1583:26:RCC_SetFlashLatencyFromMSIRange	8	static
C:/Users/vicen/STM32Cube/Example/SubGHz_Phy_PingPong/Drivers/STM32WLxx_HAL_Driver/Src/stm32wlxx_hal_rcc.c:228:19:HAL_RCC_DeInit	16	static
C:/Users/vicen/STM32Cube/Example/SubGHz_Phy_PingPong/Drivers/STM32WLxx_HAL_Driver/Src/stm32wlxx_hal_rcc.c:1188:6:HAL_RCC_MCOConfig	40	static
C:/Users/vicen/STM32Cube/Example/SubGHz_Phy_PingPong/Drivers/STM32WLxx_HAL_Driver/Src/stm32wlxx_hal_rcc.c:1251:10:HAL_RCC_GetSysClockFreq	0	static
C:/Users/vicen/STM32Cube/Example/SubGHz_Phy_PingPong/Drivers/STM32WLxx_HAL_Driver/Src/stm32wlxx_hal_rcc.c:1337:10:HAL_RCC_GetHCLKFreq	8	static
C:/Users/vicen/STM32Cube/Example/SubGHz_Phy_PingPong/Drivers/STM32WLxx_HAL_Driver/Src/stm32wlxx_hal_rcc.c:335:19:HAL_RCC_OscConfig	24	static
C:/Users/vicen/STM32Cube/Example/SubGHz_Phy_PingPong/Drivers/STM32WLxx_HAL_Driver/Src/stm32wlxx_hal_rcc.c:925:19:HAL_RCC_ClockConfig	16	static
C:/Users/vicen/STM32Cube/Example/SubGHz_Phy_PingPong/Drivers/STM32WLxx_HAL_Driver/Src/stm32wlxx_hal_rcc.c:1348:10:HAL_RCC_GetHCLK2Freq	8	static
C:/Users/vicen/STM32Cube/Example/SubGHz_Phy_PingPong/Drivers/STM32WLxx_HAL_Driver/Src/stm32wlxx_hal_rcc.c:1359:10:HAL_RCC_GetHCLK3Freq	8	static
C:/Users/vicen/STM32Cube/Example/SubGHz_Phy_PingPong/Drivers/STM32WLxx_HAL_Driver/Src/stm32wlxx_hal_rcc.c:1369:10:HAL_RCC_GetPCLK1Freq	8	static
C:/Users/vicen/STM32Cube/Example/SubGHz_Phy_PingPong/Drivers/STM32WLxx_HAL_Driver/Src/stm32wlxx_hal_rcc.c:1379:10:HAL_RCC_GetPCLK2Freq	8	static
C:/Users/vicen/STM32Cube/Example/SubGHz_Phy_PingPong/Drivers/STM32WLxx_HAL_Driver/Src/stm32wlxx_hal_rcc.c:1392:6:HAL_RCC_GetOscConfig	8	static
C:/Users/vicen/STM32Cube/Example/SubGHz_Phy_PingPong/Drivers/STM32WLxx_HAL_Driver/Src/stm32wlxx_hal_rcc.c:1455:6:HAL_RCC_GetClockConfig	4	static
C:/Users/vicen/STM32Cube/Example/SubGHz_Phy_PingPong/Drivers/STM32WLxx_HAL_Driver/Src/stm32wlxx_hal_rcc.c:1510:6:HAL_RCC_EnableCSS	0	static
C:/Users/vicen/STM32Cube/Example/SubGHz_Phy_PingPong/Drivers/STM32WLxx_HAL_Driver/Src/stm32wlxx_hal_rcc.c:1537:13:HAL_RCC_CSSCallback	0	static
C:/Users/vicen/STM32Cube/Example/SubGHz_Phy_PingPong/Drivers/STM32WLxx_HAL_Driver/Src/stm32wlxx_hal_rcc.c:1520:6:HAL_RCC_NMI_IRQHandler	8	static
C:/Users/vicen/STM32Cube/Example/SubGHz_Phy_PingPong/Drivers/STM32WLxx_HAL_Driver/Src/stm32wlxx_hal_rcc.c:1550:10:HAL_RCC_GetResetSource	0	static
