C:/Users/vicen/Desktop/Sistema-Comunicacion-Ambulancia/LoraAmbulance/SubGHz_Phy/App/subghz_phy_app.c:346:13:PingPong_Process	24	static
C:/Users/vicen/Desktop/Sistema-Comunicacion-Ambulancia/LoraAmbulance/SubGHz_Phy/App/subghz_phy_app.c:334:13:OnRxError	8	static
C:/Users/vicen/Desktop/Sistema-Comunicacion-Ambulancia/LoraAmbulance/SubGHz_Phy/App/subghz_phy_app.c:323:13:OnRxTimeout	8	static
C:/Users/vicen/Desktop/Sistema-Comunicacion-Ambulancia/LoraAmbulance/SubGHz_Phy/App/subghz_phy_app.c:312:13:OnTxTimeout	8	static
C:/Users/vicen/Desktop/Sistema-Comunicacion-Ambulancia/LoraAmbulance/SubGHz_Phy/App/subghz_phy_app.c:269:13:OnRxDone	32	static
C:/Users/vicen/Desktop/Sistema-Comunicacion-Ambulancia/LoraAmbulance/SubGHz_Phy/App/subghz_phy_app.c:258:13:OnTxDone	8	static
C:/Users/vicen/Desktop/Sistema-Comunicacion-Ambulancia/LoraAmbulance/SubGHz_Phy/App/subghz_phy_app.c:485:13:OnledEvent	8	static
C:/Users/vicen/Desktop/Sistema-Comunicacion-Ambulancia/LoraAmbulance/SubGHz_Phy/App/subghz_phy_app.c:159:6:SubghzApp_Init	72	static
