C:/Users/vicen/Desktop/Sistema-Comunicacion-Ambulancia/LoraAmbulance/SubGHz_Phy/App/subghz_phy_app.c:449:13:OnledEvent	8	static
C:/Users/vicen/Desktop/Sistema-Comunicacion-Ambulancia/LoraAmbulance/SubGHz_Phy/App/subghz_phy_app.c:341:13:PingPong_Process	8	static
C:/Users/vicen/Desktop/Sistema-Comunicacion-Ambulancia/LoraAmbulance/SubGHz_Phy/App/subghz_phy_app.c:329:13:OnRxError	8	static
C:/Users/vicen/Desktop/Sistema-Comunicacion-Ambulancia/LoraAmbulance/SubGHz_Phy/App/subghz_phy_app.c:318:13:OnRxTimeout	8	static
C:/Users/vicen/Desktop/Sistema-Comunicacion-Ambulancia/LoraAmbulance/SubGHz_Phy/App/subghz_phy_app.c:307:13:OnTxTimeout	8	static
C:/Users/vicen/Desktop/Sistema-Comunicacion-Ambulancia/LoraAmbulance/SubGHz_Phy/App/subghz_phy_app.c:266:13:OnRxDone	32	static
C:/Users/vicen/Desktop/Sistema-Comunicacion-Ambulancia/LoraAmbulance/SubGHz_Phy/App/subghz_phy_app.c:255:13:OnTxDone	8	static
C:/Users/vicen/Desktop/Sistema-Comunicacion-Ambulancia/LoraAmbulance/SubGHz_Phy/App/subghz_phy_app.c:156:6:SubghzApp_Init	72	static
