C:/Users/vicen/Desktop/Sistema-Comunicacion-Ambulancia/LoraAmbulance/Middlewares/Third_Party/SubGHz_Phy/stm32_radio_driver/lr_fhss_mac.c:600:17:lr_fhss_payload_crc16	4	static
C:/Users/vicen/Desktop/Sistema-Comunicacion-Ambulancia/LoraAmbulance/Middlewares/Third_Party/SubGHz_Phy/stm32_radio_driver/lr_fhss_mac.c:612:16:lr_fhss_header_crc8	4	static
C:/Users/vicen/Desktop/Sistema-Comunicacion-Ambulancia/LoraAmbulance/Middlewares/Third_Party/SubGHz_Phy/stm32_radio_driver/lr_fhss_mac.c:624:13:lr_fhss_payload_whitening	8	static
C:/Users/vicen/Desktop/Sistema-Comunicacion-Ambulancia/LoraAmbulance/Middlewares/Third_Party/SubGHz_Phy/stm32_radio_driver/lr_fhss_mac.c:638:16:lr_fhss_extract_bit_in_byte_vector	0	static
C:/Users/vicen/Desktop/Sistema-Comunicacion-Ambulancia/LoraAmbulance/Middlewares/Third_Party/SubGHz_Phy/stm32_radio_driver/lr_fhss_mac.c:650:13:lr_fhss_set_bit_in_byte_vector	4	static
C:/Users/vicen/Desktop/Sistema-Comunicacion-Ambulancia/LoraAmbulance/Middlewares/Third_Party/SubGHz_Phy/stm32_radio_driver/lr_fhss_mac.c:658:17:lr_fhss_convolution_encode_viterbi_1_2_base	32	static
C:/Users/vicen/Desktop/Sistema-Comunicacion-Ambulancia/LoraAmbulance/Middlewares/Third_Party/SubGHz_Phy/stm32_radio_driver/lr_fhss_mac.c:691:17:lr_fhss_convolution_encode_viterbi_1_3_base	32	static
C:/Users/vicen/Desktop/Sistema-Comunicacion-Ambulancia/LoraAmbulance/Middlewares/Third_Party/SubGHz_Phy/stm32_radio_driver/lr_fhss_mac.c:726:17:lr_fhss_convolution_encode_viterbi_1_2	32	static
C:/Users/vicen/Desktop/Sistema-Comunicacion-Ambulancia/LoraAmbulance/Middlewares/Third_Party/SubGHz_Phy/stm32_radio_driver/lr_fhss_mac.c:742:17:lr_fhss_convolution_encode_viterbi_1_3	16	static
C:/Users/vicen/Desktop/Sistema-Comunicacion-Ambulancia/LoraAmbulance/Middlewares/Third_Party/SubGHz_Phy/stm32_radio_driver/lr_fhss_mac.c:749:17:sqrt_uint16	0	static
C:/Users/vicen/Desktop/Sistema-Comunicacion-Ambulancia/LoraAmbulance/Middlewares/Third_Party/SubGHz_Phy/stm32_radio_driver/lr_fhss_mac.c:761:17:lr_fhss_payload_interleaving	72	static
C:/Users/vicen/Desktop/Sistema-Comunicacion-Ambulancia/LoraAmbulance/Middlewares/Third_Party/SubGHz_Phy/stm32_radio_driver/lr_fhss_mac.c:809:13:lr_fhss_raw_header	4	static
C:/Users/vicen/Desktop/Sistema-Comunicacion-Ambulancia/LoraAmbulance/Middlewares/Third_Party/SubGHz_Phy/stm32_radio_driver/lr_fhss_mac.c:819:13:lr_fhss_store_header_sync_word_index	0	static
C:/Users/vicen/Desktop/Sistema-Comunicacion-Ambulancia/LoraAmbulance/Middlewares/Third_Party/SubGHz_Phy/stm32_radio_driver/lr_fhss_mac.c:824:17:lr_fhss_get_bit_and_hop_count	4	static
C:/Users/vicen/Desktop/Sistema-Comunicacion-Ambulancia/LoraAmbulance/Middlewares/Third_Party/SubGHz_Phy/stm32_radio_driver/lr_fhss_mac.c:324:14:lr_fhss_get_hop_sequence_count	0	static
C:/Users/vicen/Desktop/Sistema-Comunicacion-Ambulancia/LoraAmbulance/Middlewares/Third_Party/SubGHz_Phy/stm32_radio_driver/lr_fhss_mac.c:334:6:lr_fhss_process_parameters	16	static
C:/Users/vicen/Desktop/Sistema-Comunicacion-Ambulancia/LoraAmbulance/Middlewares/Third_Party/SubGHz_Phy/stm32_radio_driver/lr_fhss_mac.c:349:16:lr_fhss_get_hop_params	4	static
C:/Users/vicen/Desktop/Sistema-Comunicacion-Ambulancia/LoraAmbulance/Middlewares/Third_Party/SubGHz_Phy/stm32_radio_driver/lr_fhss_mac.c:426:10:lr_fhss_get_next_state	0	static
C:/Users/vicen/Desktop/Sistema-Comunicacion-Ambulancia/LoraAmbulance/Middlewares/Third_Party/SubGHz_Phy/stm32_radio_driver/lr_fhss_mac.c:448:9:lr_fhss_get_next_freq_in_grid	8	static
C:/Users/vicen/Desktop/Sistema-Comunicacion-Ambulancia/LoraAmbulance/Middlewares/Third_Party/SubGHz_Phy/stm32_radio_driver/lr_fhss_mac.c:480:10:lr_fhss_build_frame	680	static
C:/Users/vicen/Desktop/Sistema-Comunicacion-Ambulancia/LoraAmbulance/Middlewares/Third_Party/SubGHz_Phy/stm32_radio_driver/lr_fhss_mac.c:589:10:lr_fhss_get_time_on_air_in_ms	16	static
